
*** Running vivado
    with args -log design_1_wrapper.vdi -applog -m64 -product Vivado -messageDb vivado.pb -mode batch -source design_1_wrapper.tcl -notrace


****** Vivado v2024.1 (64-bit)
  **** SW Build 5076996 on Wed May 22 18:36:09 MDT 2024
  **** IP Build 5075265 on Wed May 22 21:45:21 MDT 2024
  **** SharedData Build 5076995 on Wed May 22 18:29:18 MDT 2024
  **** Start of session at: Sun May 11 17:13:12 2025
    ** Copyright 1986-2022 Xilinx, Inc. All Rights Reserved.
    ** Copyright 2022-2024 Advanced Micro Devices, Inc. All Rights Reserved.

source design_1_wrapper.tcl -notrace
Command: open_checkpoint /home/pcoli/Project_Folder/Xilinx_Vivado/MotorDriver/MotorDriver.runs/impl_1/design_1_wrapper.dcp
INFO: [Device 21-403] Loading part xc7z020clg400-1
INFO: [Device 21-9227] Part: xc7z020clg400-1 does not have CEAM library.
Netlist sorting complete. Time (s): cpu = 00:00:00.03 ; elapsed = 00:00:00.03 . Memory (MB): peak = 2232.270 ; gain = 0.000 ; free physical = 21226 ; free virtual = 32644
INFO: [Netlist 29-17] Analyzing 193 Unisim elements for replacement
INFO: [Netlist 29-28] Unisim Transformation completed in 0 CPU seconds
INFO: [Project 1-479] Netlist was created with Vivado 2024.1
INFO: [Project 1-570] Preparing netlist for logic optimization
Read ShapeDB Complete: Time (s): cpu = 00:00:00.01 ; elapsed = 00:00:00.01 . Memory (MB): peak = 2232.270 ; gain = 0.000 ; free physical = 21231 ; free virtual = 32648
INFO: [Timing 38-478] Restoring timing data from binary archive.
INFO: [Timing 38-479] Binary timing data restore complete.
INFO: [Project 1-856] Restoring constraints from binary archive.
INFO: [Project 1-853] Binary constraint restore complete.
INFO: [Designutils 20-5722] Start Reading Physical Databases.
Reading placement.
Read Netlist Cache: Time (s): cpu = 00:00:00 ; elapsed = 00:00:00 . Memory (MB): peak = 2517.410 ; gain = 0.000 ; free physical = 20949 ; free virtual = 32366
Reading placer database...
Read Device Cache: Time (s): cpu = 00:00:00.01 ; elapsed = 00:00:00.01 . Memory (MB): peak = 2517.410 ; gain = 0.000 ; free physical = 20949 ; free virtual = 32366
Read PlaceDB: Time (s): cpu = 00:00:00.05 ; elapsed = 00:00:00.05 . Memory (MB): peak = 2517.410 ; gain = 0.000 ; free physical = 20949 ; free virtual = 32366
Read PulsedLatchDB: Time (s): cpu = 00:00:00 ; elapsed = 00:00:00 . Memory (MB): peak = 2517.410 ; gain = 0.000 ; free physical = 20949 ; free virtual = 32366
Reading routing.
Read RouteStorage: Time (s): cpu = 00:00:00 ; elapsed = 00:00:00.01 . Memory (MB): peak = 2581.441 ; gain = 64.031 ; free physical = 20949 ; free virtual = 32366
Read Physdb Files: Time (s): cpu = 00:00:00.06 ; elapsed = 00:00:00.07 . Memory (MB): peak = 2581.441 ; gain = 64.031 ; free physical = 20949 ; free virtual = 32366
Restored from archive | CPU: 0.080000 secs | Memory: 1.334595 MB |
Finished XDEF File Restore: Time (s): cpu = 00:00:00.08 ; elapsed = 00:00:00.09 . Memory (MB): peak = 2581.441 ; gain = 64.031 ; free physical = 20949 ; free virtual = 32366
Netlist sorting complete. Time (s): cpu = 00:00:00 ; elapsed = 00:00:00 . Memory (MB): peak = 2581.441 ; gain = 0.000 ; free physical = 20949 ; free virtual = 32367
INFO: [Project 1-111] Unisim Transformation Summary:
  A total of 2 instances were transformed.
  IOBUF => IOBUF (IBUF, OBUFT): 2 instances

INFO: [Project 1-604] Checkpoint was created with Vivado v2024.1 (64-bit) build 5076996
open_checkpoint: Time (s): cpu = 00:00:11 ; elapsed = 00:00:11 . Memory (MB): peak = 2581.441 ; gain = 1040.191 ; free physical = 20949 ; free virtual = 32367
INFO: [IP_Flow 19-234] Refreshing IP repositories
INFO: [IP_Flow 19-1700] Loaded user IP repository '/home/pcoli/Project_Folder/Xilinx_Vivado/ip_repo/SpeedSensor_Driver_IP_1_0'.
INFO: [IP_Flow 19-1700] Loaded user IP repository '/home/pcoli/Project_Folder/Xilinx_Vivado/ip_repo/Motor_DriverIP_1_0'.
INFO: [IP_Flow 19-1700] Loaded user IP repository '/home/pcoli/Project_Folder/Xilinx_Vivado/ip_repo/Motor_Driver_1_0'.
INFO: [IP_Flow 19-1700] Loaded user IP repository '/home/pcoli/Project_Folder/Xilinx_Vivado/ip_repo/Motor_Driver_IP_1_0'.
INFO: [IP_Flow 19-2313] Loaded Vivado IP repository '/tools/Xilinx/Vivado/2024.1/data/ip'.
Command: opt_design
Attempting to get a license for feature 'Implementation' and/or device 'xc7z020'
INFO: [Common 17-349] Got license for feature 'Implementation' and/or device 'xc7z020'
Running DRC as a precondition to command opt_design

Starting DRC Task
INFO: [DRC 23-27] Running DRC with 8 threads
INFO: [Project 1-461] DRC finished with 0 Errors
INFO: [Project 1-462] Please refer to the DRC report (report_drc) for more information.

Time (s): cpu = 00:00:00.65 ; elapsed = 00:00:00.37 . Memory (MB): peak = 2679.160 ; gain = 94.750 ; free physical = 20942 ; free virtual = 32360

Starting Cache Timing Information Task
INFO: [Timing 38-35] Done setting XDC timing constraints.
Ending Cache Timing Information Task | Checksum: 1b7157541

Time (s): cpu = 00:00:00.14 ; elapsed = 00:00:00.06 . Memory (MB): peak = 2728.957 ; gain = 49.797 ; free physical = 20941 ; free virtual = 32360

Starting Logic Optimization Task

Phase 1 Initialization

Phase 1.1 Core Generation And Design Setup
Phase 1.1 Core Generation And Design Setup | Checksum: 1b7157541

Time (s): cpu = 00:00:00 ; elapsed = 00:00:00 . Memory (MB): peak = 3034.824 ; gain = 0.000 ; free physical = 20632 ; free virtual = 32052

Phase 1.2 Setup Constraints And Sort Netlist
Phase 1.2 Setup Constraints And Sort Netlist | Checksum: 1b7157541

Time (s): cpu = 00:00:00 ; elapsed = 00:00:00 . Memory (MB): peak = 3034.824 ; gain = 0.000 ; free physical = 20632 ; free virtual = 32052
Phase 1 Initialization | Checksum: 1b7157541

Time (s): cpu = 00:00:00 ; elapsed = 00:00:00.01 . Memory (MB): peak = 3034.824 ; gain = 0.000 ; free physical = 20632 ; free virtual = 32052

Phase 2 Timer Update And Timing Data Collection

Phase 2.1 Timer Update
Phase 2.1 Timer Update | Checksum: 1b7157541

Time (s): cpu = 00:00:00.11 ; elapsed = 00:00:00.03 . Memory (MB): peak = 3034.824 ; gain = 0.000 ; free physical = 20632 ; free virtual = 32052

Phase 2.2 Timing Data Collection
Phase 2.2 Timing Data Collection | Checksum: 1b7157541

Time (s): cpu = 00:00:00.12 ; elapsed = 00:00:00.04 . Memory (MB): peak = 3034.824 ; gain = 0.000 ; free physical = 20632 ; free virtual = 32052
Phase 2 Timer Update And Timing Data Collection | Checksum: 1b7157541

Time (s): cpu = 00:00:00.12 ; elapsed = 00:00:00.04 . Memory (MB): peak = 3034.824 ; gain = 0.000 ; free physical = 20632 ; free virtual = 32052

Phase 3 Retarget
INFO: [Opt 31-1834] Total Chains To Be Transformed Were: 0 AND Number of Transformed insts Created are: 0
INFO: [Opt 31-138] Pushed 0 inverter(s) to 0 load pin(s).
INFO: [Opt 31-49] Retargeted 0 cell(s).
Phase 3 Retarget | Checksum: 1b5ddc30a

Time (s): cpu = 00:00:00.24 ; elapsed = 00:00:00.13 . Memory (MB): peak = 3058.836 ; gain = 24.012 ; free physical = 20631 ; free virtual = 32051
Retarget | Checksum: 1b5ddc30a
INFO: [Opt 31-389] Phase Retarget created 42 cells and removed 79 cells

Phase 4 Constant propagation
INFO: [Opt 31-138] Pushed 0 inverter(s) to 0 load pin(s).
Phase 4 Constant propagation | Checksum: 17941136c

Time (s): cpu = 00:00:00.26 ; elapsed = 00:00:00.15 . Memory (MB): peak = 3058.836 ; gain = 24.012 ; free physical = 20631 ; free virtual = 32051
Constant propagation | Checksum: 17941136c
INFO: [Opt 31-389] Phase Constant propagation created 4 cells and removed 11 cells

Phase 5 Sweep
Phase 5 Sweep | Checksum: 1f50ddc64

Time (s): cpu = 00:00:00.35 ; elapsed = 00:00:00.24 . Memory (MB): peak = 3058.836 ; gain = 24.012 ; free physical = 20631 ; free virtual = 32051
Sweep | Checksum: 1f50ddc64
INFO: [Opt 31-389] Phase Sweep created 0 cells and removed 79 cells

Phase 6 BUFG optimization
Phase 6 BUFG optimization | Checksum: 1f50ddc64

Time (s): cpu = 00:00:00.38 ; elapsed = 00:00:00.26 . Memory (MB): peak = 3090.852 ; gain = 56.027 ; free physical = 20631 ; free virtual = 32051
BUFG optimization | Checksum: 1f50ddc64
INFO: [Opt 31-662] Phase BUFG optimization created 0 cells of which 0 are BUFGs and removed 0 cells.

Phase 7 Shift Register Optimization
INFO: [Opt 31-1064] SRL Remap converted 0 SRLs to 0 registers and converted 0 registers of register chains to 0 SRLs
Phase 7 Shift Register Optimization | Checksum: 1f50ddc64

Time (s): cpu = 00:00:00.39 ; elapsed = 00:00:00.27 . Memory (MB): peak = 3090.852 ; gain = 56.027 ; free physical = 20631 ; free virtual = 32051
Shift Register Optimization | Checksum: 1f50ddc64
INFO: [Opt 31-389] Phase Shift Register Optimization created 0 cells and removed 0 cells

Phase 8 Post Processing Netlist
Phase 8 Post Processing Netlist | Checksum: 193b35e40

Time (s): cpu = 00:00:00.4 ; elapsed = 00:00:00.28 . Memory (MB): peak = 3090.852 ; gain = 56.027 ; free physical = 20631 ; free virtual = 32051
Post Processing Netlist | Checksum: 193b35e40
INFO: [Opt 31-389] Phase Post Processing Netlist created 0 cells and removed 0 cells

Phase 9 Finalization

Phase 9.1 Finalizing Design Cores and Updating Shapes
Phase 9.1 Finalizing Design Cores and Updating Shapes | Checksum: 15de2c710

Time (s): cpu = 00:00:00.51 ; elapsed = 00:00:00.35 . Memory (MB): peak = 3090.852 ; gain = 56.027 ; free physical = 20631 ; free virtual = 32051

Phase 9.2 Verifying Netlist Connectivity

Starting Connectivity Check Task

Time (s): cpu = 00:00:00 ; elapsed = 00:00:00 . Memory (MB): peak = 3090.852 ; gain = 0.000 ; free physical = 20631 ; free virtual = 32051
Phase 9.2 Verifying Netlist Connectivity | Checksum: 15de2c710

Time (s): cpu = 00:00:00.51 ; elapsed = 00:00:00.36 . Memory (MB): peak = 3090.852 ; gain = 56.027 ; free physical = 20631 ; free virtual = 32051
Phase 9 Finalization | Checksum: 15de2c710

Time (s): cpu = 00:00:00.52 ; elapsed = 00:00:00.36 . Memory (MB): peak = 3090.852 ; gain = 56.027 ; free physical = 20631 ; free virtual = 32051
Opt_design Change Summary
=========================


-------------------------------------------------------------------------------------------------------------------------
|  Phase                        |  #Cells created  |  #Cells Removed  |  #Constrained objects preventing optimizations  |
-------------------------------------------------------------------------------------------------------------------------
|  Retarget                     |              42  |              79  |                                              0  |
|  Constant propagation         |               4  |              11  |                                              0  |
|  Sweep                        |               0  |              79  |                                              0  |
|  BUFG optimization            |               0  |               0  |                                              0  |
|  Shift Register Optimization  |               0  |               0  |                                              0  |
|  Post Processing Netlist      |               0  |               0  |                                              0  |
-------------------------------------------------------------------------------------------------------------------------


Ending Logic Optimization Task | Checksum: 15de2c710

Time (s): cpu = 00:00:00.52 ; elapsed = 00:00:00.36 . Memory (MB): peak = 3090.852 ; gain = 56.027 ; free physical = 20631 ; free virtual = 32051

Starting Power Optimization Task
INFO: [Pwropt 34-132] Skipping clock gating for clocks with a period < 2.00 ns.
Ending Power Optimization Task | Checksum: 15de2c710

Time (s): cpu = 00:00:00 ; elapsed = 00:00:00.01 . Memory (MB): peak = 3090.852 ; gain = 0.000 ; free physical = 20631 ; free virtual = 32051

Starting Final Cleanup Task
Ending Final Cleanup Task | Checksum: 15de2c710

Time (s): cpu = 00:00:00.01 ; elapsed = 00:00:00 . Memory (MB): peak = 3090.852 ; gain = 0.000 ; free physical = 20631 ; free virtual = 32051

Starting Netlist Obfuscation Task
Netlist sorting complete. Time (s): cpu = 00:00:00 ; elapsed = 00:00:00 . Memory (MB): peak = 3090.852 ; gain = 0.000 ; free physical = 20631 ; free virtual = 32051
Ending Netlist Obfuscation Task | Checksum: 15de2c710

Time (s): cpu = 00:00:00 ; elapsed = 00:00:00 . Memory (MB): peak = 3090.852 ; gain = 0.000 ; free physical = 20631 ; free virtual = 32051
INFO: [Common 17-83] Releasing license: Implementation
37 Infos, 0 Warnings, 0 Critical Warnings and 0 Errors encountered.
opt_design completed successfully
INFO: [Vivado 12-24828] Executing command : report_drc -file design_1_wrapper_drc_opted.rpt -pb design_1_wrapper_drc_opted.pb -rpx design_1_wrapper_drc_opted.rpx
Command: report_drc -file design_1_wrapper_drc_opted.rpt -pb design_1_wrapper_drc_opted.pb -rpx design_1_wrapper_drc_opted.rpx
INFO: [IP_Flow 19-1839] IP Catalog is up to date.
INFO: [DRC 23-27] Running DRC with 8 threads
INFO: [Vivado_Tcl 2-168] The results of DRC are in file /home/pcoli/Project_Folder/Xilinx_Vivado/MotorDriver/MotorDriver.runs/impl_1/design_1_wrapper_drc_opted.rpt.
report_drc completed successfully
INFO: [Timing 38-480] Writing timing data to binary archive.
Write ShapeDB Complete: Time (s): cpu = 00:00:00.02 ; elapsed = 00:00:00.01 . Memory (MB): peak = 3178.895 ; gain = 0.000 ; free physical = 20602 ; free virtual = 32023
Wrote PlaceDB: Time (s): cpu = 00:00:00.03 ; elapsed = 00:00:00.01 . Memory (MB): peak = 3178.895 ; gain = 0.000 ; free physical = 20602 ; free virtual = 32023
Wrote PulsedLatchDB: Time (s): cpu = 00:00:00 ; elapsed = 00:00:00 . Memory (MB): peak = 3178.895 ; gain = 0.000 ; free physical = 20602 ; free virtual = 32023
Writing XDEF routing.
Writing XDEF routing logical nets.
Writing XDEF routing special nets.
Wrote RouteStorage: Time (s): cpu = 00:00:00.06 ; elapsed = 00:00:00.02 . Memory (MB): peak = 3178.895 ; gain = 0.000 ; free physical = 20601 ; free virtual = 32023
Wrote Netlist Cache: Time (s): cpu = 00:00:00 ; elapsed = 00:00:00 . Memory (MB): peak = 3178.895 ; gain = 0.000 ; free physical = 20601 ; free virtual = 32023
Wrote Device Cache: Time (s): cpu = 00:00:00.02 ; elapsed = 00:00:00 . Memory (MB): peak = 3178.895 ; gain = 0.000 ; free physical = 20600 ; free virtual = 32023
Write Physdb Complete: Time (s): cpu = 00:00:00.11 ; elapsed = 00:00:00.04 . Memory (MB): peak = 3178.895 ; gain = 0.000 ; free physical = 20600 ; free virtual = 32023
INFO: [Common 17-1381] The checkpoint '/home/pcoli/Project_Folder/Xilinx_Vivado/MotorDriver/MotorDriver.runs/impl_1/design_1_wrapper_opt.dcp' has been generated.
Command: place_design
Attempting to get a license for feature 'Implementation' and/or device 'xc7z020'
INFO: [Common 17-349] Got license for feature 'Implementation' and/or device 'xc7z020'
INFO: [Common 17-83] Releasing license: Implementation
INFO: [DRC 23-27] Running DRC with 8 threads
INFO: [Vivado_Tcl 4-198] DRC finished with 0 Errors
INFO: [Vivado_Tcl 4-199] Please refer to the DRC report (report_drc) for more information.
Running DRC as a precondition to command place_design
INFO: [DRC 23-27] Running DRC with 8 threads
INFO: [Vivado_Tcl 4-198] DRC finished with 0 Errors
INFO: [Vivado_Tcl 4-199] Please refer to the DRC report (report_drc) for more information.
INFO: [Place 30-611] Multithreading enabled for place_design using a maximum of 8 CPUs

Starting Placer Task

Phase 1 Placer Initialization

Phase 1.1 Placer Initialization Netlist Sorting
Netlist sorting complete. Time (s): cpu = 00:00:00 ; elapsed = 00:00:00 . Memory (MB): peak = 3178.895 ; gain = 0.000 ; free physical = 20585 ; free virtual = 32008
Phase 1.1 Placer Initialization Netlist Sorting | Checksum: 12a5aa982

Time (s): cpu = 00:00:00 ; elapsed = 00:00:00.01 . Memory (MB): peak = 3178.895 ; gain = 0.000 ; free physical = 20585 ; free virtual = 32008
Netlist sorting complete. Time (s): cpu = 00:00:00 ; elapsed = 00:00:00 . Memory (MB): peak = 3178.895 ; gain = 0.000 ; free physical = 20585 ; free virtual = 32008

Phase 1.2 IO Placement/ Clock Placement/ Build Placer Device
INFO: [Timing 38-35] Done setting XDC timing constraints.
Phase 1.2 IO Placement/ Clock Placement/ Build Placer Device | Checksum: 89600766

Time (s): cpu = 00:00:00.62 ; elapsed = 00:00:00.3 . Memory (MB): peak = 3178.895 ; gain = 0.000 ; free physical = 20575 ; free virtual = 32002

Phase 1.3 Build Placer Netlist Model
Phase 1.3 Build Placer Netlist Model | Checksum: 1eb0ed790

Time (s): cpu = 00:00:01 ; elapsed = 00:00:00.61 . Memory (MB): peak = 3178.895 ; gain = 0.000 ; free physical = 20566 ; free virtual = 31994

Phase 1.4 Constrain Clocks/Macros
Phase 1.4 Constrain Clocks/Macros | Checksum: 1eb0ed790

Time (s): cpu = 00:00:01 ; elapsed = 00:00:00.62 . Memory (MB): peak = 3178.895 ; gain = 0.000 ; free physical = 20566 ; free virtual = 31994
Phase 1 Placer Initialization | Checksum: 1eb0ed790

Time (s): cpu = 00:00:01 ; elapsed = 00:00:00.63 . Memory (MB): peak = 3178.895 ; gain = 0.000 ; free physical = 20566 ; free virtual = 31994

Phase 2 Global Placement

Phase 2.1 Floorplanning
Phase 2.1 Floorplanning | Checksum: 1cb811a85

Time (s): cpu = 00:00:02 ; elapsed = 00:00:00.72 . Memory (MB): peak = 3178.895 ; gain = 0.000 ; free physical = 20601 ; free virtual = 32030

Phase 2.2 Update Timing before SLR Path Opt
Phase 2.2 Update Timing before SLR Path Opt | Checksum: 12dd576b5

Time (s): cpu = 00:00:02 ; elapsed = 00:00:00.78 . Memory (MB): peak = 3178.895 ; gain = 0.000 ; free physical = 20602 ; free virtual = 32032

Phase 2.3 Post-Processing in Floorplanning
Phase 2.3 Post-Processing in Floorplanning | Checksum: 12dd576b5

Time (s): cpu = 00:00:02 ; elapsed = 00:00:00.79 . Memory (MB): peak = 3178.895 ; gain = 0.000 ; free physical = 20603 ; free virtual = 32032

Phase 2.4 Global Placement Core

Phase 2.4.1 UpdateTiming Before Physical Synthesis
Phase 2.4.1 UpdateTiming Before Physical Synthesis | Checksum: 2286402aa

Time (s): cpu = 00:00:06 ; elapsed = 00:00:02 . Memory (MB): peak = 3178.895 ; gain = 0.000 ; free physical = 20614 ; free virtual = 32044

Phase 2.4.2 Physical Synthesis In Placer
INFO: [Physopt 32-1035] Found 0 LUTNM shape to break, 127 LUT instances to create LUTNM shape
INFO: [Physopt 32-1044] Break lutnm for timing: one critical 0, two critical 0, total 0, new lutff created 0
INFO: [Physopt 32-1138] End 1 Pass. Optimized 43 nets or LUTs. Breaked 0 LUT, combined 43 existing LUTs and moved 0 existing LUT
INFO: [Physopt 32-65] No nets found for high-fanout optimization.
INFO: [Physopt 32-232] Optimized 0 net. Created 0 new instance.
INFO: [Physopt 32-775] End 1 Pass. Optimized 0 net or cell. Created 0 new cell, deleted 0 existing cell and moved 0 existing cell
INFO: [Physopt 32-670] No setup violation found.  DSP Register Optimization was not performed.
INFO: [Physopt 32-670] No setup violation found.  Shift Register to Pipeline Optimization was not performed.
INFO: [Physopt 32-670] No setup violation found.  Shift Register Optimization was not performed.
INFO: [Physopt 32-670] No setup violation found.  BRAM Register Optimization was not performed.
INFO: [Physopt 32-670] No setup violation found.  URAM Register Optimization was not performed.
INFO: [Physopt 32-949] No candidate nets found for dynamic/static region interface net replication
INFO: [Physopt 32-775] End 1 Pass. Optimized 0 net or cell. Created 0 new cell, deleted 0 existing cell and moved 0 existing cell
Netlist sorting complete. Time (s): cpu = 00:00:00 ; elapsed = 00:00:00 . Memory (MB): peak = 3178.895 ; gain = 0.000 ; free physical = 20611 ; free virtual = 32043

Summary of Physical Synthesis Optimizations
============================================


-----------------------------------------------------------------------------------------------------------------------------------------------------------
|  Optimization                                     |  Added Cells  |  Removed Cells  |  Optimized Cells/Nets  |  Dont Touch  |  Iterations  |  Elapsed   |
-----------------------------------------------------------------------------------------------------------------------------------------------------------
|  LUT Combining                                    |            0  |             43  |                    43  |           0  |           1  |  00:00:00  |
|  Retime                                           |            0  |              0  |                     0  |           0  |           1  |  00:00:00  |
|  Very High Fanout                                 |            0  |              0  |                     0  |           0  |           1  |  00:00:00  |
|  DSP Register                                     |            0  |              0  |                     0  |           0  |           0  |  00:00:00  |
|  Shift Register to Pipeline                       |            0  |              0  |                     0  |           0  |           0  |  00:00:00  |
|  Shift Register                                   |            0  |              0  |                     0  |           0  |           0  |  00:00:00  |
|  BRAM Register                                    |            0  |              0  |                     0  |           0  |           0  |  00:00:00  |
|  URAM Register                                    |            0  |              0  |                     0  |           0  |           0  |  00:00:00  |
|  Dynamic/Static Region Interface Net Replication  |            0  |              0  |                     0  |           0  |           1  |  00:00:00  |
|  Total                                            |            0  |             43  |                    43  |           0  |           4  |  00:00:00  |
-----------------------------------------------------------------------------------------------------------------------------------------------------------


Phase 2.4.2 Physical Synthesis In Placer | Checksum: 1196f5c12

Time (s): cpu = 00:00:06 ; elapsed = 00:00:02 . Memory (MB): peak = 3178.895 ; gain = 0.000 ; free physical = 20610 ; free virtual = 32042
Phase 2.4 Global Placement Core | Checksum: 154b3973a

Time (s): cpu = 00:00:07 ; elapsed = 00:00:02 . Memory (MB): peak = 3178.895 ; gain = 0.000 ; free physical = 20609 ; free virtual = 32041
Phase 2 Global Placement | Checksum: 154b3973a

Time (s): cpu = 00:00:07 ; elapsed = 00:00:02 . Memory (MB): peak = 3178.895 ; gain = 0.000 ; free physical = 20609 ; free virtual = 32041

Phase 3 Detail Placement

Phase 3.1 Commit Multi Column Macros
Phase 3.1 Commit Multi Column Macros | Checksum: 1788e5a2f

Time (s): cpu = 00:00:07 ; elapsed = 00:00:02 . Memory (MB): peak = 3178.895 ; gain = 0.000 ; free physical = 20609 ; free virtual = 32041

Phase 3.2 Commit Most Macros & LUTRAMs
Phase 3.2 Commit Most Macros & LUTRAMs | Checksum: 1845ccb80

Time (s): cpu = 00:00:07 ; elapsed = 00:00:03 . Memory (MB): peak = 3178.895 ; gain = 0.000 ; free physical = 20609 ; free virtual = 32041

Phase 3.3 Area Swap Optimization
Phase 3.3 Area Swap Optimization | Checksum: 155396fa0

Time (s): cpu = 00:00:07 ; elapsed = 00:00:03 . Memory (MB): peak = 3178.895 ; gain = 0.000 ; free physical = 20609 ; free virtual = 32041

Phase 3.4 Pipeline Register Optimization
Phase 3.4 Pipeline Register Optimization | Checksum: 1c09a5b82

Time (s): cpu = 00:00:07 ; elapsed = 00:00:03 . Memory (MB): peak = 3178.895 ; gain = 0.000 ; free physical = 20609 ; free virtual = 32041

Phase 3.5 Small Shape Detail Placement
Phase 3.5 Small Shape Detail Placement | Checksum: 111d153ae

Time (s): cpu = 00:00:08 ; elapsed = 00:00:03 . Memory (MB): peak = 3178.895 ; gain = 0.000 ; free physical = 20606 ; free virtual = 32039

Phase 3.6 Re-assign LUT pins
Phase 3.6 Re-assign LUT pins | Checksum: 11184129f

Time (s): cpu = 00:00:08 ; elapsed = 00:00:03 . Memory (MB): peak = 3178.895 ; gain = 0.000 ; free physical = 20607 ; free virtual = 32039

Phase 3.7 Pipeline Register Optimization
Phase 3.7 Pipeline Register Optimization | Checksum: 18d23c6c9

Time (s): cpu = 00:00:08 ; elapsed = 00:00:03 . Memory (MB): peak = 3178.895 ; gain = 0.000 ; free physical = 20607 ; free virtual = 32039
Phase 3 Detail Placement | Checksum: 18d23c6c9

Time (s): cpu = 00:00:08 ; elapsed = 00:00:03 . Memory (MB): peak = 3178.895 ; gain = 0.000 ; free physical = 20607 ; free virtual = 32039

Phase 4 Post Placement Optimization and Clean-Up

Phase 4.1 Post Commit Optimization
INFO: [Timing 38-35] Done setting XDC timing constraints.

Phase 4.1.1 Post Placement Optimization
Post Placement Optimization Initialization | Checksum: 12613f525

Phase 4.1.1.1 BUFG Insertion

Starting Physical Synthesis Task

Phase 1 Physical Synthesis Initialization
INFO: [Physopt 32-721] Multithreading enabled for phys_opt_design using a maximum of 8 CPUs
INFO: [Physopt 32-619] Estimated Timing Summary | WNS=3.492 | TNS=0.000 |
Phase 1 Physical Synthesis Initialization | Checksum: 8a62ba9e

Time (s): cpu = 00:00:00.18 ; elapsed = 00:00:00.07 . Memory (MB): peak = 3178.895 ; gain = 0.000 ; free physical = 20605 ; free virtual = 32037
INFO: [Place 46-56] BUFG insertion identified 0 candidate nets. Inserted BUFG: 0, Replicated BUFG Driver: 0, Skipped due to Placement/Routing Conflicts: 0, Skipped due to Timing Degradation: 0, Skipped due to netlist editing failed: 0.
Ending Physical Synthesis Task | Checksum: 128d88762

Time (s): cpu = 00:00:00.19 ; elapsed = 00:00:00.09 . Memory (MB): peak = 3178.895 ; gain = 0.000 ; free physical = 20605 ; free virtual = 32037
Phase 4.1.1.1 BUFG Insertion | Checksum: 12613f525

Time (s): cpu = 00:00:09 ; elapsed = 00:00:04 . Memory (MB): peak = 3178.895 ; gain = 0.000 ; free physical = 20605 ; free virtual = 32037

Phase 4.1.1.2 Post Placement Timing Optimization
INFO: [Place 30-746] Post Placement Timing Summary WNS=3.492. For the most accurate timing information please run report_timing.
Phase 4.1.1.2 Post Placement Timing Optimization | Checksum: 190a96a31

Time (s): cpu = 00:00:09 ; elapsed = 00:00:04 . Memory (MB): peak = 3178.895 ; gain = 0.000 ; free physical = 20604 ; free virtual = 32037

Time (s): cpu = 00:00:09 ; elapsed = 00:00:04 . Memory (MB): peak = 3178.895 ; gain = 0.000 ; free physical = 20604 ; free virtual = 32037
Phase 4.1 Post Commit Optimization | Checksum: 190a96a31

Time (s): cpu = 00:00:09 ; elapsed = 00:00:04 . Memory (MB): peak = 3178.895 ; gain = 0.000 ; free physical = 20604 ; free virtual = 32037

Phase 4.2 Post Placement Cleanup
Phase 4.2 Post Placement Cleanup | Checksum: 190a96a31

Time (s): cpu = 00:00:09 ; elapsed = 00:00:04 . Memory (MB): peak = 3178.895 ; gain = 0.000 ; free physical = 20604 ; free virtual = 32037

Phase 4.3 Placer Reporting

Phase 4.3.1 Print Estimated Congestion
INFO: [Place 30-612] Post-Placement Estimated Congestion 
 ____________________________________________________
|           | Global Congestion | Short Congestion  |
| Direction | Region Size       | Region Size       |
|___________|___________________|___________________|
|      North|                1x1|                1x1|
|___________|___________________|___________________|
|      South|                1x1|                1x1|
|___________|___________________|___________________|
|       East|                1x1|                1x1|
|___________|___________________|___________________|
|       West|                1x1|                1x1|
|___________|___________________|___________________|

Phase 4.3.1 Print Estimated Congestion | Checksum: 190a96a31

Time (s): cpu = 00:00:09 ; elapsed = 00:00:04 . Memory (MB): peak = 3178.895 ; gain = 0.000 ; free physical = 20604 ; free virtual = 32037
Phase 4.3 Placer Reporting | Checksum: 190a96a31

Time (s): cpu = 00:00:09 ; elapsed = 00:00:04 . Memory (MB): peak = 3178.895 ; gain = 0.000 ; free physical = 20604 ; free virtual = 32037

Phase 4.4 Final Placement Cleanup
Netlist sorting complete. Time (s): cpu = 00:00:00 ; elapsed = 00:00:00 . Memory (MB): peak = 3178.895 ; gain = 0.000 ; free physical = 20604 ; free virtual = 32037

Time (s): cpu = 00:00:09 ; elapsed = 00:00:04 . Memory (MB): peak = 3178.895 ; gain = 0.000 ; free physical = 20604 ; free virtual = 32037
Phase 4 Post Placement Optimization and Clean-Up | Checksum: 17ceedc70

Time (s): cpu = 00:00:09 ; elapsed = 00:00:04 . Memory (MB): peak = 3178.895 ; gain = 0.000 ; free physical = 20604 ; free virtual = 32037
Ending Placer Task | Checksum: e195dc13

Time (s): cpu = 00:00:09 ; elapsed = 00:00:04 . Memory (MB): peak = 3178.895 ; gain = 0.000 ; free physical = 20604 ; free virtual = 32037
72 Infos, 0 Warnings, 0 Critical Warnings and 0 Errors encountered.
place_design completed successfully
INFO: [Vivado 12-24838] Running report commands "report_control_sets, report_io, report_utilization" in parallel.
Running report generation with 3 threads.
INFO: [Vivado 12-24828] Executing command : report_control_sets -verbose -file design_1_wrapper_control_sets_placed.rpt
report_control_sets: Time (s): cpu = 00:00:00.08 ; elapsed = 00:00:00.09 . Memory (MB): peak = 3178.895 ; gain = 0.000 ; free physical = 20522 ; free virtual = 31955
INFO: [Vivado 12-24828] Executing command : report_utilization -file design_1_wrapper_utilization_placed.rpt -pb design_1_wrapper_utilization_placed.pb
INFO: [Vivado 12-24828] Executing command : report_io -file design_1_wrapper_io_placed.rpt
report_io: Time (s): cpu = 00:00:00.13 ; elapsed = 00:00:00.19 . Memory (MB): peak = 3178.895 ; gain = 0.000 ; free physical = 20521 ; free virtual = 31954
INFO: [Timing 38-480] Writing timing data to binary archive.
Write ShapeDB Complete: Time (s): cpu = 00:00:00.04 ; elapsed = 00:00:00.01 . Memory (MB): peak = 3178.895 ; gain = 0.000 ; free physical = 20516 ; free virtual = 31950
Wrote PlaceDB: Time (s): cpu = 00:00:00.36 ; elapsed = 00:00:00.11 . Memory (MB): peak = 3178.895 ; gain = 0.000 ; free physical = 20491 ; free virtual = 31929
Wrote PulsedLatchDB: Time (s): cpu = 00:00:00 ; elapsed = 00:00:00 . Memory (MB): peak = 3178.895 ; gain = 0.000 ; free physical = 20491 ; free virtual = 31929
Writing XDEF routing.
Writing XDEF routing logical nets.
Writing XDEF routing special nets.
Wrote RouteStorage: Time (s): cpu = 00:00:00.03 ; elapsed = 00:00:00.02 . Memory (MB): peak = 3178.895 ; gain = 0.000 ; free physical = 20491 ; free virtual = 31929
Wrote Netlist Cache: Time (s): cpu = 00:00:00 ; elapsed = 00:00:00 . Memory (MB): peak = 3178.895 ; gain = 0.000 ; free physical = 20491 ; free virtual = 31929
Wrote Device Cache: Time (s): cpu = 00:00:00.01 ; elapsed = 00:00:00.01 . Memory (MB): peak = 3178.895 ; gain = 0.000 ; free physical = 20491 ; free virtual = 31930
Write Physdb Complete: Time (s): cpu = 00:00:00.4 ; elapsed = 00:00:00.14 . Memory (MB): peak = 3178.895 ; gain = 0.000 ; free physical = 20491 ; free virtual = 31930
INFO: [Common 17-1381] The checkpoint '/home/pcoli/Project_Folder/Xilinx_Vivado/MotorDriver/MotorDriver.runs/impl_1/design_1_wrapper_placed.dcp' has been generated.
Command: phys_opt_design
Attempting to get a license for feature 'Implementation' and/or device 'xc7z020'
INFO: [Common 17-349] Got license for feature 'Implementation' and/or device 'xc7z020'

Starting Initial Update Timing Task

Time (s): cpu = 00:00:00.59 ; elapsed = 00:00:00.19 . Memory (MB): peak = 3178.895 ; gain = 0.000 ; free physical = 20483 ; free virtual = 31918
INFO: [Vivado_Tcl 4-2279] Estimated Timing Summary | WNS= 3.492 | TNS= 0.000 | 
INFO: [Vivado_Tcl 4-383] Design worst setup slack (WNS) is greater than or equal to 0.000 ns. All physical synthesis setup optimizations will be skipped.
INFO: [Vivado_Tcl 4-232] No setup violation found. The netlist was not modified.
INFO: [Common 17-83] Releasing license: Implementation
83 Infos, 0 Warnings, 0 Critical Warnings and 0 Errors encountered.
phys_opt_design completed successfully
INFO: [Timing 38-480] Writing timing data to binary archive.
Write ShapeDB Complete: Time (s): cpu = 00:00:00.04 ; elapsed = 00:00:00.01 . Memory (MB): peak = 3178.895 ; gain = 0.000 ; free physical = 20482 ; free virtual = 31918
Wrote PlaceDB: Time (s): cpu = 00:00:00.35 ; elapsed = 00:00:00.11 . Memory (MB): peak = 3178.895 ; gain = 0.000 ; free physical = 20467 ; free virtual = 31907
Wrote PulsedLatchDB: Time (s): cpu = 00:00:00 ; elapsed = 00:00:00 . Memory (MB): peak = 3178.895 ; gain = 0.000 ; free physical = 20467 ; free virtual = 31907
Writing XDEF routing.
Writing XDEF routing logical nets.
Writing XDEF routing special nets.
Wrote RouteStorage: Time (s): cpu = 00:00:00.03 ; elapsed = 00:00:00.02 . Memory (MB): peak = 3178.895 ; gain = 0.000 ; free physical = 20467 ; free virtual = 31908
Wrote Netlist Cache: Time (s): cpu = 00:00:00.01 ; elapsed = 00:00:00 . Memory (MB): peak = 3178.895 ; gain = 0.000 ; free physical = 20467 ; free virtual = 31908
Wrote Device Cache: Time (s): cpu = 00:00:00.01 ; elapsed = 00:00:00 . Memory (MB): peak = 3178.895 ; gain = 0.000 ; free physical = 20467 ; free virtual = 31909
Write Physdb Complete: Time (s): cpu = 00:00:00.4 ; elapsed = 00:00:00.14 . Memory (MB): peak = 3178.895 ; gain = 0.000 ; free physical = 20467 ; free virtual = 31909
INFO: [Common 17-1381] The checkpoint '/home/pcoli/Project_Folder/Xilinx_Vivado/MotorDriver/MotorDriver.runs/impl_1/design_1_wrapper_physopt.dcp' has been generated.
Command: route_design
Attempting to get a license for feature 'Implementation' and/or device 'xc7z020'
INFO: [Common 17-349] Got license for feature 'Implementation' and/or device 'xc7z020'
Running DRC as a precondition to command route_design
INFO: [DRC 23-27] Running DRC with 8 threads
INFO: [Vivado_Tcl 4-198] DRC finished with 0 Errors
INFO: [Vivado_Tcl 4-199] Please refer to the DRC report (report_drc) for more information.


Starting Routing Task
INFO: [Route 35-254] Multithreading enabled for route_design using a maximum of 8 CPUs

Phase 1 Build RT Design
Checksum: PlaceDB: b93fe525 ConstDB: 0 ShapeSum: 125c83fe RouteDB: 15f972f0
Post Restoration Checksum: NetGraph: 7e47cd5 | NumContArr: 505b4817 | Constraints: c2a8fa9d | Timing: c2a8fa9d
Phase 1 Build RT Design | Checksum: 1dd91ba26

Time (s): cpu = 00:00:12 ; elapsed = 00:00:10 . Memory (MB): peak = 3273.215 ; gain = 63.945 ; free physical = 20349 ; free virtual = 31789

Phase 2 Router Initialization

Phase 2.1 Fix Topology Constraints
Phase 2.1 Fix Topology Constraints | Checksum: 1dd91ba26

Time (s): cpu = 00:00:12 ; elapsed = 00:00:10 . Memory (MB): peak = 3273.215 ; gain = 63.945 ; free physical = 20349 ; free virtual = 31789

Phase 2.2 Pre Route Cleanup
Phase 2.2 Pre Route Cleanup | Checksum: 1dd91ba26

Time (s): cpu = 00:00:12 ; elapsed = 00:00:10 . Memory (MB): peak = 3273.215 ; gain = 63.945 ; free physical = 20349 ; free virtual = 31789
 Number of Nodes with overlaps = 0

Phase 2.3 Update Timing
Phase 2.3 Update Timing | Checksum: 29515cf3a

Time (s): cpu = 00:00:14 ; elapsed = 00:00:10 . Memory (MB): peak = 3309.230 ; gain = 99.961 ; free physical = 20318 ; free virtual = 31758
INFO: [Route 35-416] Intermediate Timing Summary | WNS=3.498  | TNS=0.000  | WHS=-0.180 | THS=-35.548|


Router Utilization Summary
  Global Vertical Routing Utilization    = 0.00476338 %
  Global Horizontal Routing Utilization  = 0.00371873 %
  Routable Net Status*
  *Does not include unroutable nets such as driverless and loadless.
  Run report_route_status for detailed report.
  Number of Failed Nets               = 3520
    (Failed Nets is the sum of unrouted and partially routed nets)
  Number of Unrouted Nets             = 3518
  Number of Partially Routed Nets     = 2
  Number of Node Overlaps             = 2

Phase 2 Router Initialization | Checksum: 2a14816f5

Time (s): cpu = 00:00:15 ; elapsed = 00:00:10 . Memory (MB): peak = 3309.230 ; gain = 99.961 ; free physical = 20317 ; free virtual = 31757

Phase 3 Global Routing
Phase 3 Global Routing | Checksum: 2a14816f5

Time (s): cpu = 00:00:15 ; elapsed = 00:00:10 . Memory (MB): peak = 3309.230 ; gain = 99.961 ; free physical = 20317 ; free virtual = 31757

Phase 4 Initial Routing

Phase 4.1 Initial Net Routing Pass
Phase 4.1 Initial Net Routing Pass | Checksum: 233864609

Time (s): cpu = 00:00:15 ; elapsed = 00:00:11 . Memory (MB): peak = 3309.230 ; gain = 99.961 ; free physical = 20317 ; free virtual = 31758
Phase 4 Initial Routing | Checksum: 233864609

Time (s): cpu = 00:00:15 ; elapsed = 00:00:11 . Memory (MB): peak = 3309.230 ; gain = 99.961 ; free physical = 20317 ; free virtual = 31758

Phase 5 Rip-up And Reroute

Phase 5.1 Global Iteration 0
 Number of Nodes with overlaps = 269
 Number of Nodes with overlaps = 4
 Number of Nodes with overlaps = 1
 Number of Nodes with overlaps = 0
INFO: [Route 35-416] Intermediate Timing Summary | WNS=3.232  | TNS=0.000  | WHS=N/A    | THS=N/A    |

Phase 5.1 Global Iteration 0 | Checksum: 22ce535f5

Time (s): cpu = 00:00:16 ; elapsed = 00:00:11 . Memory (MB): peak = 3309.230 ; gain = 99.961 ; free physical = 20317 ; free virtual = 31758

Phase 5.2 Global Iteration 1
 Number of Nodes with overlaps = 0
INFO: [Route 35-416] Intermediate Timing Summary | WNS=3.232  | TNS=0.000  | WHS=N/A    | THS=N/A    |

Phase 5.2 Global Iteration 1 | Checksum: 1bc2fdc95

Time (s): cpu = 00:00:16 ; elapsed = 00:00:11 . Memory (MB): peak = 3309.230 ; gain = 99.961 ; free physical = 20317 ; free virtual = 31758
Phase 5 Rip-up And Reroute | Checksum: 1bc2fdc95

Time (s): cpu = 00:00:16 ; elapsed = 00:00:11 . Memory (MB): peak = 3309.230 ; gain = 99.961 ; free physical = 20317 ; free virtual = 31757

Phase 6 Delay and Skew Optimization

Phase 6.1 Delay CleanUp
Phase 6.1 Delay CleanUp | Checksum: 1bc2fdc95

Time (s): cpu = 00:00:16 ; elapsed = 00:00:11 . Memory (MB): peak = 3309.230 ; gain = 99.961 ; free physical = 20317 ; free virtual = 31757

Phase 6.2 Clock Skew Optimization
Phase 6.2 Clock Skew Optimization | Checksum: 1bc2fdc95

Time (s): cpu = 00:00:16 ; elapsed = 00:00:11 . Memory (MB): peak = 3309.230 ; gain = 99.961 ; free physical = 20317 ; free virtual = 31757
Phase 6 Delay and Skew Optimization | Checksum: 1bc2fdc95

Time (s): cpu = 00:00:16 ; elapsed = 00:00:11 . Memory (MB): peak = 3309.230 ; gain = 99.961 ; free physical = 20317 ; free virtual = 31757

Phase 7 Post Hold Fix

Phase 7.1 Hold Fix Iter
INFO: [Route 35-416] Intermediate Timing Summary | WNS=3.347  | TNS=0.000  | WHS=0.033  | THS=0.000  |

Phase 7.1 Hold Fix Iter | Checksum: 1b9be7d80

Time (s): cpu = 00:00:17 ; elapsed = 00:00:11 . Memory (MB): peak = 3309.230 ; gain = 99.961 ; free physical = 20317 ; free virtual = 31757
Phase 7 Post Hold Fix | Checksum: 1b9be7d80

Time (s): cpu = 00:00:17 ; elapsed = 00:00:11 . Memory (MB): peak = 3309.230 ; gain = 99.961 ; free physical = 20317 ; free virtual = 31757

Phase 8 Route finalize

Router Utilization Summary
  Global Vertical Routing Utilization    = 0.573729 %
  Global Horizontal Routing Utilization  = 0.712052 %
  Routable Net Status*
  *Does not include unroutable nets such as driverless and loadless.
  Run report_route_status for detailed report.
  Number of Failed Nets               = 0
    (Failed Nets is the sum of unrouted and partially routed nets)
  Number of Unrouted Nets             = 0
  Number of Partially Routed Nets     = 0
  Number of Node Overlaps             = 0

Phase 8 Route finalize | Checksum: 1b9be7d80

Time (s): cpu = 00:00:17 ; elapsed = 00:00:11 . Memory (MB): peak = 3309.230 ; gain = 99.961 ; free physical = 20317 ; free virtual = 31757

Phase 9 Verifying routed nets

 Verification completed successfully
Phase 9 Verifying routed nets | Checksum: 1b9be7d80

Time (s): cpu = 00:00:17 ; elapsed = 00:00:11 . Memory (MB): peak = 3309.230 ; gain = 99.961 ; free physical = 20317 ; free virtual = 31757

Phase 10 Depositing Routes
Phase 10 Depositing Routes | Checksum: 106af49e1

Time (s): cpu = 00:00:17 ; elapsed = 00:00:11 . Memory (MB): peak = 3309.230 ; gain = 99.961 ; free physical = 20317 ; free virtual = 31758

Phase 11 Post Process Routing
Phase 11 Post Process Routing | Checksum: 106af49e1

Time (s): cpu = 00:00:17 ; elapsed = 00:00:11 . Memory (MB): peak = 3309.230 ; gain = 99.961 ; free physical = 20317 ; free virtual = 31758

Phase 12 Post Router Timing
INFO: [Route 35-57] Estimated Timing Summary | WNS=3.347  | TNS=0.000  | WHS=0.033  | THS=0.000  |

INFO: [Route 35-327] The final timing numbers are based on the router estimated timing analysis. For a complete and accurate timing signoff, please run report_timing_summary.
Phase 12 Post Router Timing | Checksum: 106af49e1

Time (s): cpu = 00:00:17 ; elapsed = 00:00:11 . Memory (MB): peak = 3309.230 ; gain = 99.961 ; free physical = 20317 ; free virtual = 31758
Total Elapsed time in route_design: 11.29 secs

Phase 13 Post-Route Event Processing
Phase 13 Post-Route Event Processing | Checksum: f883e725

Time (s): cpu = 00:00:17 ; elapsed = 00:00:11 . Memory (MB): peak = 3309.230 ; gain = 99.961 ; free physical = 20317 ; free virtual = 31758
INFO: [Route 35-16] Router Completed Successfully
Ending Routing Task | Checksum: f883e725

Time (s): cpu = 00:00:17 ; elapsed = 00:00:11 . Memory (MB): peak = 3309.230 ; gain = 99.961 ; free physical = 20317 ; free virtual = 31758

Routing Is Done.
INFO: [Common 17-83] Releasing license: Implementation
98 Infos, 0 Warnings, 0 Critical Warnings and 0 Errors encountered.
route_design completed successfully
route_design: Time (s): cpu = 00:00:18 ; elapsed = 00:00:12 . Memory (MB): peak = 3309.230 ; gain = 130.336 ; free physical = 20317 ; free virtual = 31758
INFO: [Vivado 12-24828] Executing command : report_drc -file design_1_wrapper_drc_routed.rpt -pb design_1_wrapper_drc_routed.pb -rpx design_1_wrapper_drc_routed.rpx
Command: report_drc -file design_1_wrapper_drc_routed.rpt -pb design_1_wrapper_drc_routed.pb -rpx design_1_wrapper_drc_routed.rpx
INFO: [IP_Flow 19-1839] IP Catalog is up to date.
INFO: [DRC 23-27] Running DRC with 8 threads
INFO: [Vivado_Tcl 2-168] The results of DRC are in file /home/pcoli/Project_Folder/Xilinx_Vivado/MotorDriver/MotorDriver.runs/impl_1/design_1_wrapper_drc_routed.rpt.
report_drc completed successfully
INFO: [Vivado 12-24828] Executing command : report_methodology -file design_1_wrapper_methodology_drc_routed.rpt -pb design_1_wrapper_methodology_drc_routed.pb -rpx design_1_wrapper_methodology_drc_routed.rpx
Command: report_methodology -file design_1_wrapper_methodology_drc_routed.rpt -pb design_1_wrapper_methodology_drc_routed.pb -rpx design_1_wrapper_methodology_drc_routed.rpx
INFO: [Timing 38-35] Done setting XDC timing constraints.
INFO: [DRC 23-133] Running Methodology with 8 threads
INFO: [Vivado_Tcl 2-1520] The results of Report Methodology are in file /home/pcoli/Project_Folder/Xilinx_Vivado/MotorDriver/MotorDriver.runs/impl_1/design_1_wrapper_methodology_drc_routed.rpt.
report_methodology completed successfully
INFO: [Vivado 12-24828] Executing command : report_timing_summary -max_paths 10 -report_unconstrained -file design_1_wrapper_timing_summary_routed.rpt -pb design_1_wrapper_timing_summary_routed.pb -rpx design_1_wrapper_timing_summary_routed.rpx -warn_on_violation 
INFO: [Timing 38-35] Done setting XDC timing constraints.
INFO: [Timing 38-91] UpdateTimingParams: Speed grade: -1, Delay Type: min_max.
INFO: [Timing 38-191] Multithreading enabled for timing update using a maximum of 8 CPUs
INFO: [Vivado 12-24838] Running report commands "report_bus_skew, report_incremental_reuse, report_route_status" in parallel.
Running report generation with 3 threads.
INFO: [Vivado 12-24828] Executing command : report_incremental_reuse -file design_1_wrapper_incremental_reuse_routed.rpt
INFO: [Vivado_Tcl 4-1062] Incremental flow is disabled. No incremental reuse Info to report.
INFO: [Vivado 12-24828] Executing command : report_route_status -file design_1_wrapper_route_status.rpt -pb design_1_wrapper_route_status.pb
INFO: [Vivado 12-24828] Executing command : report_bus_skew -warn_on_violation -file design_1_wrapper_bus_skew_routed.rpt -pb design_1_wrapper_bus_skew_routed.pb -rpx design_1_wrapper_bus_skew_routed.rpx
INFO: [Timing 38-91] UpdateTimingParams: Speed grade: -1, Delay Type: min_max.
INFO: [Timing 38-191] Multithreading enabled for timing update using a maximum of 8 CPUs
INFO: [Vivado 12-24828] Executing command : report_power -file design_1_wrapper_power_routed.rpt -pb design_1_wrapper_power_summary_routed.pb -rpx design_1_wrapper_power_routed.rpx
Command: report_power -file design_1_wrapper_power_routed.rpt -pb design_1_wrapper_power_summary_routed.pb -rpx design_1_wrapper_power_routed.rpx
Running Vector-less Activity Propagation...

Finished Running Vector-less Activity Propagation
118 Infos, 0 Warnings, 0 Critical Warnings and 0 Errors encountered.
report_power completed successfully
INFO: [Vivado 12-24828] Executing command : report_clock_utilization -file design_1_wrapper_clock_utilization_routed.rpt
WARNING: [Device 21-9320] Failed to find the Oracle tile group with name 'HSR_BOUNDARY_TOP'. This is required for Clock regions and Virtual grid.
WARNING: [Device 21-2174] Failed to initialize Virtual grid.
INFO: [Timing 38-480] Writing timing data to binary archive.
Write ShapeDB Complete: Time (s): cpu = 00:00:00.04 ; elapsed = 00:00:00 . Memory (MB): peak = 3409.180 ; gain = 0.000 ; free physical = 20255 ; free virtual = 31700
Wrote PlaceDB: Time (s): cpu = 00:00:00.35 ; elapsed = 00:00:00.1 . Memory (MB): peak = 3409.180 ; gain = 0.000 ; free physical = 20255 ; free virtual = 31704
Wrote PulsedLatchDB: Time (s): cpu = 00:00:00 ; elapsed = 00:00:00 . Memory (MB): peak = 3409.180 ; gain = 0.000 ; free physical = 20255 ; free virtual = 31704
Writing XDEF routing.
Writing XDEF routing logical nets.
Writing XDEF routing special nets.
Wrote RouteStorage: Time (s): cpu = 00:00:00.07 ; elapsed = 00:00:00.03 . Memory (MB): peak = 3409.180 ; gain = 0.000 ; free physical = 20255 ; free virtual = 31704
Wrote Netlist Cache: Time (s): cpu = 00:00:00 ; elapsed = 00:00:00.01 . Memory (MB): peak = 3409.180 ; gain = 0.000 ; free physical = 20255 ; free virtual = 31705
Wrote Device Cache: Time (s): cpu = 00:00:00.01 ; elapsed = 00:00:00 . Memory (MB): peak = 3409.180 ; gain = 0.000 ; free physical = 20254 ; free virtual = 31705
Write Physdb Complete: Time (s): cpu = 00:00:00.44 ; elapsed = 00:00:00.15 . Memory (MB): peak = 3409.180 ; gain = 0.000 ; free physical = 20254 ; free virtual = 31705
INFO: [Common 17-1381] The checkpoint '/home/pcoli/Project_Folder/Xilinx_Vivado/MotorDriver/MotorDriver.runs/impl_1/design_1_wrapper_routed.dcp' has been generated.
Command: write_bitstream -force design_1_wrapper.bit
Attempting to get a license for feature 'Implementation' and/or device 'xc7z020'
INFO: [Common 17-349] Got license for feature 'Implementation' and/or device 'xc7z020'
Running DRC as a precondition to command write_bitstream
INFO: [IP_Flow 19-1839] IP Catalog is up to date.
INFO: [DRC 23-27] Running DRC with 8 threads
WARNING: [DRC PDRC-153] Gated clock check: Net design_1_i/Motor_DriverIP_0/U0/Motor_DriverIP_slave_lite_v1_0_S00_AXI_inst/reg_data_out_reg[31]_i_2_n_0 is a gated clock net sourced by a combinational pin design_1_i/Motor_DriverIP_0/U0/Motor_DriverIP_slave_lite_v1_0_S00_AXI_inst/reg_data_out_reg[31]_i_2/O, cell design_1_i/Motor_DriverIP_0/U0/Motor_DriverIP_slave_lite_v1_0_S00_AXI_inst/reg_data_out_reg[31]_i_2. This is not good design practice and will likely impact performance. For SLICE registers, for example, use the CE pin to control the loading of data.
INFO: [Vivado 12-3199] DRC finished with 0 Errors, 1 Warnings
INFO: [Vivado 12-3200] Please refer to the DRC report (report_drc) for more information.
INFO: [Designutils 20-2272] Running write_bitstream with 8 threads.
Loading data files...
Loading site data...
Loading route data...
Processing options...
Creating bitmap...
Creating bitstream...
Writing bitstream ./design_1_wrapper.bit...
INFO: [Vivado 12-1842] Bitgen Completed Successfully.
INFO: [Project 1-1876] WebTalk data collection is mandatory when using a ULT device. To see the specific WebTalk data collected for your design, open the usage_statistics_webtalk.html or usage_statistics_webtalk.xml file in the implementation directory.
INFO: [Common 17-83] Releasing license: Implementation
130 Infos, 3 Warnings, 0 Critical Warnings and 0 Errors encountered.
write_bitstream completed successfully
write_bitstream: Time (s): cpu = 00:00:09 ; elapsed = 00:00:16 . Memory (MB): peak = 3646.855 ; gain = 237.676 ; free physical = 19965 ; free virtual = 31422
INFO: [Common 17-206] Exiting Vivado at Sun May 11 17:14:04 2025...
