Time resolution is 1 ps
Stopped at time : 1005 ns : File "/home/pcoli/Project_Folder/Xilinx_Vivado/MotorDriver/MotorDriver.srcs/sources_1/new/SpeedController_Driver.vhd" Line 61
Stopped at time : 1245 ns : File "/home/pcoli/Project_Folder/Xilinx_Vivado/MotorDriver/MotorDriver.srcs/sources_1/new/SpeedController_Driver.vhd" Line 61
Stopped at time : 1245 ns : File "/home/pcoli/Project_Folder/Xilinx_Vivado/MotorDriver/MotorDriver.srcs/sources_1/new/SpeedController_Driver.vhd" Line 62
Stopped at time : 1257500 ps : File "/home/pcoli/Project_Folder/Xilinx_Vivado/MotorDriver/MotorDriver.srcs/sources_1/new/SpeedController_Driver.vhd" Line 62
Stopped at time : 1270 ns : File "/home/pcoli/Project_Folder/Xilinx_Vivado/MotorDriver/MotorDriver.srcs/sources_1/new/SpeedController_Driver.vhd" Line 62
Stopped at time : 1282500 ps : File "/home/pcoli/Project_Folder/Xilinx_Vivado/MotorDriver/MotorDriver.srcs/sources_1/new/SpeedController_Driver.vhd" Line 62
Warning: [Unisim MMCME2_ADV-20] Input CLKIN1 period and attribute CLKIN1_PERIOD are not same. Instance design_2_wrapper.design_2_i.clk_wiz_1.inst.mmcm_adv_inst 
Stopped at time : 501007500 ps : File "/home/pcoli/Project_Folder/Xilinx_Vivado/MotorDriver/MotorDriver.srcs/sources_1/new/SpeedController_Driver.vhd" Line 55
Stopped at time : 501007500 ps : File "/home/pcoli/Project_Folder/Xilinx_Vivado/MotorDriver/MotorDriver.srcs/sources_1/new/SpeedController_Driver.vhd" Line 56
Stopped at time : 501007500 ps : File "/home/pcoli/Project_Folder/Xilinx_Vivado/MotorDriver/MotorDriver.srcs/sources_1/new/SpeedController_Driver.vhd" Line 60
Stopped at time : 1501007500 ps : File "/home/pcoli/Project_Folder/Xilinx_Vivado/MotorDriver/MotorDriver.srcs/sources_1/new/SpeedController_Driver.vhd" Line 55
Stopped at time : 1501007500 ps : File "/home/pcoli/Project_Folder/Xilinx_Vivado/MotorDriver/MotorDriver.srcs/sources_1/new/SpeedController_Driver.vhd" Line 56
Stopped at time : 1501007500 ps : File "/home/pcoli/Project_Folder/Xilinx_Vivado/MotorDriver/MotorDriver.srcs/sources_1/new/SpeedController_Driver.vhd" Line 60
Stopped at time : 2501007500 ps : File "/home/pcoli/Project_Folder/Xilinx_Vivado/MotorDriver/MotorDriver.srcs/sources_1/new/SpeedController_Driver.vhd" Line 55
Stopped at time : 2501007500 ps : File "/home/pcoli/Project_Folder/Xilinx_Vivado/MotorDriver/MotorDriver.srcs/sources_1/new/SpeedController_Driver.vhd" Line 56
Stopped at time : 2501007500 ps : File "/home/pcoli/Project_Folder/Xilinx_Vivado/MotorDriver/MotorDriver.srcs/sources_1/new/SpeedController_Driver.vhd" Line 60
Stopped at time : 3501007500 ps : File "/home/pcoli/Project_Folder/Xilinx_Vivado/MotorDriver/MotorDriver.srcs/sources_1/new/SpeedController_Driver.vhd" Line 55
Stopped at time : 3501007500 ps : File "/home/pcoli/Project_Folder/Xilinx_Vivado/MotorDriver/MotorDriver.srcs/sources_1/new/SpeedController_Driver.vhd" Line 56
Stopped at time : 3501007500 ps : File "/home/pcoli/Project_Folder/Xilinx_Vivado/MotorDriver/MotorDriver.srcs/sources_1/new/SpeedController_Driver.vhd" Line 60
Stopped at time : 23501045 ns : File "/home/pcoli/Project_Folder/Xilinx_Vivado/MotorDriver/MotorDriver.srcs/sources_1/new/SpeedController_Driver.vhd" Line 62
Stopped at time : 23501057500 ps : File "/home/pcoli/Project_Folder/Xilinx_Vivado/MotorDriver/MotorDriver.srcs/sources_1/new/SpeedController_Driver.vhd" Line 62
Stopped at time : 23501070 ns : File "/home/pcoli/Project_Folder/Xilinx_Vivado/MotorDriver/MotorDriver.srcs/sources_1/new/SpeedController_Driver.vhd" Line 62
INFO: xsimkernel Simulation Memory Usage: 112040 KB (Peak: 160852 KB), Simulation CPU Usage: 223780 ms
