
*** Running vivado
    with args -log design_2_SOC_MOTOR_DRIVER_0_0.vds -m64 -product Vivado -mode batch -messageDb vivado.pb -notrace -source design_2_SOC_MOTOR_DRIVER_0_0.tcl



****** Vivado v2024.1 (64-bit)
  **** SW Build 5076996 on Wed May 22 18:37:14 MDT 2024
  **** IP Build 5075265 on Wed May 22 21:45:21 MDT 2024
  **** SharedData Build 5076995 on Wed May 22 18:29:18 MDT 2024
  **** Start of session at: Thu Mar 27 13:22:36 2025
    ** Copyright 1986-2022 Xilinx, Inc. All Rights Reserved.
    ** Copyright 2022-2024 Advanced Micro Devices, Inc. All Rights Reserved.

source design_2_SOC_MOTOR_DRIVER_0_0.tcl -notrace
create_project: Time (s): cpu = 00:00:07 ; elapsed = 00:00:07 . Memory (MB): peak = 486.188 ; gain = 201.949
INFO: [IP_Flow 19-234] Refreshing IP repositories
INFO: [IP_Flow 19-1700] Loaded user IP repository 'c:/Users/oliwi/Documents/SOC/ip_repo/SOC_MOTOR_DRIVER_1_0'.
INFO: [IP_Flow 19-2313] Loaded Vivado IP repository 'C:/Xilinx/Vivado/2024.1/data/ip'.
INFO: [IP_Flow 19-6924] IPCACHE: Running cache check for IP inst: design_2_SOC_MOTOR_DRIVER_0_0
Command: synth_design -top design_2_SOC_MOTOR_DRIVER_0_0 -part xc7z020clg400-1 -incremental_mode off -mode out_of_context
Starting synth_design
Attempting to get a license for feature 'Synthesis' and/or device 'xc7z020'
INFO: [Common 17-349] Got license for feature 'Synthesis' and/or device 'xc7z020'
INFO: [Device 21-403] Loading part xc7z020clg400-1
INFO: [Device 21-9227] Part: xc7z020clg400-1 does not have CEAM library.
INFO: [Synth 8-7079] Multithreading enabled for synth_design using a maximum of 2 processes.
INFO: [Synth 8-7078] Launching helper process for spawning children vivado processes
INFO: [Synth 8-7075] Helper process launched with PID 11432
---------------------------------------------------------------------------------
Starting RTL Elaboration : Time (s): cpu = 00:00:06 ; elapsed = 00:00:06 . Memory (MB): peak = 1378.020 ; gain = 447.758
---------------------------------------------------------------------------------
INFO: [Synth 8-638] synthesizing module 'design_2_SOC_MOTOR_DRIVER_0_0' [c:/Users/oliwi/Documents/SOC/motor_driver_project/motor_driver_project.gen/sources_1/bd/design_2/ip/design_2_SOC_MOTOR_DRIVER_0_0/synth/design_2_SOC_MOTOR_DRIVER_0_0.vhd:84]
	Parameter C_S00_AXI_DATA_WIDTH bound to: 32 - type: integer 
	Parameter C_S00_AXI_ADDR_WIDTH bound to: 4 - type: integer 
	Parameter clock_frequency bound to: 100000000 - type: integer 
	Parameter num_motors bound to: 2 - type: integer 
INFO: [Synth 8-3491] module 'SOC_MOTOR_DRIVER' declared at 'c:/Users/oliwi/Documents/SOC/motor_driver_project/motor_driver_project.gen/sources_1/bd/design_2/ipshared/2f0f/hdl/SOC_MOTOR_DRIVER.vhd:5' bound to instance 'U0' of component 'SOC_MOTOR_DRIVER' [c:/Users/oliwi/Documents/SOC/motor_driver_project/motor_driver_project.gen/sources_1/bd/design_2/ip/design_2_SOC_MOTOR_DRIVER_0_0/synth/design_2_SOC_MOTOR_DRIVER_0_0.vhd:156]
INFO: [Synth 8-638] synthesizing module 'SOC_MOTOR_DRIVER' [c:/Users/oliwi/Documents/SOC/motor_driver_project/motor_driver_project.gen/sources_1/bd/design_2/ipshared/2f0f/hdl/SOC_MOTOR_DRIVER.vhd:52]
	Parameter C_S_AXI_DATA_WIDTH bound to: 32 - type: integer 
	Parameter C_S_AXI_ADDR_WIDTH bound to: 4 - type: integer 
INFO: [Synth 8-3491] module 'SOC_MOTOR_DRIVER_slave_lite_v1_0_S00_AXI' declared at 'c:/Users/oliwi/Documents/SOC/motor_driver_project/motor_driver_project.gen/sources_1/bd/design_2/ipshared/2f0f/hdl/SOC_MOTOR_DRIVER_slave_lite_v1_0_S00_AXI.vhd:5' bound to instance 'SOC_MOTOR_DRIVER_slave_lite_v1_0_S00_AXI_inst' of component 'SOC_MOTOR_DRIVER_slave_lite_v1_0_S00_AXI' [c:/Users/oliwi/Documents/SOC/motor_driver_project/motor_driver_project.gen/sources_1/bd/design_2/ipshared/2f0f/hdl/SOC_MOTOR_DRIVER.vhd:92]
INFO: [Synth 8-638] synthesizing module 'SOC_MOTOR_DRIVER_slave_lite_v1_0_S00_AXI' [c:/Users/oliwi/Documents/SOC/motor_driver_project/motor_driver_project.gen/sources_1/bd/design_2/ipshared/2f0f/hdl/SOC_MOTOR_DRIVER_slave_lite_v1_0_S00_AXI.vhd:87]
INFO: [Synth 8-226] default block is never used [c:/Users/oliwi/Documents/SOC/motor_driver_project/motor_driver_project.gen/sources_1/bd/design_2/ipshared/2f0f/hdl/SOC_MOTOR_DRIVER_slave_lite_v1_0_S00_AXI.vhd:243]
INFO: [Synth 8-226] default block is never used [c:/Users/oliwi/Documents/SOC/motor_driver_project/motor_driver_project.gen/sources_1/bd/design_2/ipshared/2f0f/hdl/SOC_MOTOR_DRIVER_slave_lite_v1_0_S00_AXI.vhd:373]
INFO: [Synth 8-3491] module 'MOTOR_DRIVER' declared at 'c:/Users/oliwi/Documents/SOC/motor_driver_project/motor_driver_project.gen/sources_1/bd/design_2/ipshared/2f0f/3219/MOTOR_DRIVER_code.vhd:5' bound to instance 'axi_MOTOR_DRIVER' of component 'MOTOR_DRIVER' [c:/Users/oliwi/Documents/SOC/motor_driver_project/motor_driver_project.gen/sources_1/bd/design_2/ipshared/2f0f/hdl/SOC_MOTOR_DRIVER_slave_lite_v1_0_S00_AXI.vhd:411]
INFO: [Synth 8-638] synthesizing module 'MOTOR_DRIVER' [c:/Users/oliwi/Documents/SOC/motor_driver_project/motor_driver_project.gen/sources_1/bd/design_2/ipshared/2f0f/3219/MOTOR_DRIVER_code.vhd:19]
WARNING: [Synth 8-613] shared variable will be implemented as local to architecture [c:/Users/oliwi/Documents/SOC/motor_driver_project/motor_driver_project.gen/sources_1/bd/design_2/ipshared/2f0f/3219/MOTOR_DRIVER_code.vhd:25]
WARNING: [Synth 8-613] shared variable will be implemented as local to architecture [c:/Users/oliwi/Documents/SOC/motor_driver_project/motor_driver_project.gen/sources_1/bd/design_2/ipshared/2f0f/3219/MOTOR_DRIVER_code.vhd:26]
WARNING: [Synth 8-613] shared variable will be implemented as local to architecture [c:/Users/oliwi/Documents/SOC/motor_driver_project/motor_driver_project.gen/sources_1/bd/design_2/ipshared/2f0f/3219/MOTOR_DRIVER_code.vhd:27]
WARNING: [Synth 8-614] signal 'frequency' is read in the process but is not in the sensitivity list [c:/Users/oliwi/Documents/SOC/motor_driver_project/motor_driver_project.gen/sources_1/bd/design_2/ipshared/2f0f/3219/MOTOR_DRIVER_code.vhd:31]
WARNING: [Synth 8-7193] Integer conversion function is truncating input [c:/Users/oliwi/Documents/SOC/motor_driver_project/motor_driver_project.gen/sources_1/bd/design_2/ipshared/2f0f/3219/MOTOR_DRIVER_code.vhd:59]
INFO: [Synth 8-256] done synthesizing module 'MOTOR_DRIVER' (0#1) [c:/Users/oliwi/Documents/SOC/motor_driver_project/motor_driver_project.gen/sources_1/bd/design_2/ipshared/2f0f/3219/MOTOR_DRIVER_code.vhd:19]
INFO: [Synth 8-256] done synthesizing module 'SOC_MOTOR_DRIVER_slave_lite_v1_0_S00_AXI' (0#1) [c:/Users/oliwi/Documents/SOC/motor_driver_project/motor_driver_project.gen/sources_1/bd/design_2/ipshared/2f0f/hdl/SOC_MOTOR_DRIVER_slave_lite_v1_0_S00_AXI.vhd:87]
INFO: [Synth 8-256] done synthesizing module 'SOC_MOTOR_DRIVER' (0#1) [c:/Users/oliwi/Documents/SOC/motor_driver_project/motor_driver_project.gen/sources_1/bd/design_2/ipshared/2f0f/hdl/SOC_MOTOR_DRIVER.vhd:52]
INFO: [Synth 8-256] done synthesizing module 'design_2_SOC_MOTOR_DRIVER_0_0' (0#1) [c:/Users/oliwi/Documents/SOC/motor_driver_project/motor_driver_project.gen/sources_1/bd/design_2/ip/design_2_SOC_MOTOR_DRIVER_0_0/synth/design_2_SOC_MOTOR_DRIVER_0_0.vhd:84]
WARNING: [Synth 8-6014] Unused sequential element motor_out_reg was removed.  [c:/Users/oliwi/Documents/SOC/motor_driver_project/motor_driver_project.gen/sources_1/bd/design_2/ipshared/2f0f/3219/MOTOR_DRIVER_code.vhd:108]
WARNING: [Synth 8-7129] Port S_AXI_AWPROT[2] in module SOC_MOTOR_DRIVER_slave_lite_v1_0_S00_AXI is either unconnected or has no load
WARNING: [Synth 8-7129] Port S_AXI_AWPROT[1] in module SOC_MOTOR_DRIVER_slave_lite_v1_0_S00_AXI is either unconnected or has no load
WARNING: [Synth 8-7129] Port S_AXI_AWPROT[0] in module SOC_MOTOR_DRIVER_slave_lite_v1_0_S00_AXI is either unconnected or has no load
WARNING: [Synth 8-7129] Port S_AXI_ARPROT[2] in module SOC_MOTOR_DRIVER_slave_lite_v1_0_S00_AXI is either unconnected or has no load
WARNING: [Synth 8-7129] Port S_AXI_ARPROT[1] in module SOC_MOTOR_DRIVER_slave_lite_v1_0_S00_AXI is either unconnected or has no load
WARNING: [Synth 8-7129] Port S_AXI_ARPROT[0] in module SOC_MOTOR_DRIVER_slave_lite_v1_0_S00_AXI is either unconnected or has no load
---------------------------------------------------------------------------------
Finished RTL Elaboration : Time (s): cpu = 00:00:08 ; elapsed = 00:00:08 . Memory (MB): peak = 1495.996 ; gain = 565.734
---------------------------------------------------------------------------------
---------------------------------------------------------------------------------
Start Handling Custom Attributes
---------------------------------------------------------------------------------
---------------------------------------------------------------------------------
Finished Handling Custom Attributes : Time (s): cpu = 00:00:08 ; elapsed = 00:00:08 . Memory (MB): peak = 1495.996 ; gain = 565.734
---------------------------------------------------------------------------------
---------------------------------------------------------------------------------
Finished RTL Optimization Phase 1 : Time (s): cpu = 00:00:08 ; elapsed = 00:00:08 . Memory (MB): peak = 1495.996 ; gain = 565.734
---------------------------------------------------------------------------------
Netlist sorting complete. Time (s): cpu = 00:00:00 ; elapsed = 00:00:00.007 . Memory (MB): peak = 1495.996 ; gain = 0.000
INFO: [Project 1-570] Preparing netlist for logic optimization

Processing XDC Constraints
Initializing timing engine
Completed Processing XDC Constraints

Netlist sorting complete. Time (s): cpu = 00:00:00 ; elapsed = 00:00:00 . Memory (MB): peak = 1586.605 ; gain = 0.000
INFO: [Project 1-111] Unisim Transformation Summary:
No Unisim elements were transformed.

Constraint Validation Runtime : Time (s): cpu = 00:00:00 ; elapsed = 00:00:00.027 . Memory (MB): peak = 1586.949 ; gain = 0.344
INFO: [Designutils 20-5008] Incremental synthesis strategy off
---------------------------------------------------------------------------------
Finished Constraint Validation : Time (s): cpu = 00:00:16 ; elapsed = 00:00:16 . Memory (MB): peak = 1586.949 ; gain = 656.688
---------------------------------------------------------------------------------
---------------------------------------------------------------------------------
Start Loading Part and Timing Information
---------------------------------------------------------------------------------
Loading part: xc7z020clg400-1
---------------------------------------------------------------------------------
Finished Loading Part and Timing Information : Time (s): cpu = 00:00:16 ; elapsed = 00:00:16 . Memory (MB): peak = 1586.949 ; gain = 656.688
---------------------------------------------------------------------------------
---------------------------------------------------------------------------------
Start Applying 'set_property' XDC Constraints
---------------------------------------------------------------------------------
---------------------------------------------------------------------------------
Finished applying 'set_property' XDC Constraints : Time (s): cpu = 00:00:16 ; elapsed = 00:00:16 . Memory (MB): peak = 1586.949 ; gain = 656.688
---------------------------------------------------------------------------------
---------------------------------------------------------------------------------
Finished RTL Optimization Phase 2 : Time (s): cpu = 00:00:17 ; elapsed = 00:00:17 . Memory (MB): peak = 1586.949 ; gain = 656.688
---------------------------------------------------------------------------------
---------------------------------------------------------------------------------
Start RTL Component Statistics 
---------------------------------------------------------------------------------
Detailed RTL Component Info : 
+---Adders : 
	   2 Input   31 Bit       Adders := 1     
	   2 Input   29 Bit       Adders := 1     
+---Registers : 
	               32 Bit    Registers := 5     
	                4 Bit    Registers := 3     
	                2 Bit    Registers := 4     
	                1 Bit    Registers := 7     
+---Muxes : 
	   2 Input   32 Bit        Muxes := 5     
	   4 Input   32 Bit        Muxes := 5     
	   2 Input   31 Bit        Muxes := 1     
	   2 Input   29 Bit        Muxes := 1     
	   7 Input    2 Bit        Muxes := 2     
	   2 Input    1 Bit        Muxes := 6     
---------------------------------------------------------------------------------
Finished RTL Component Statistics 
---------------------------------------------------------------------------------
---------------------------------------------------------------------------------
Start Part Resource Summary
---------------------------------------------------------------------------------
Part Resources:
DSPs: 220 (col length:60)
BRAMs: 280 (col length: RAMB18 60 RAMB36 30)
---------------------------------------------------------------------------------
Finished Part Resource Summary
---------------------------------------------------------------------------------
---------------------------------------------------------------------------------
Start Cross Boundary and Area Optimization
---------------------------------------------------------------------------------
WARNING: [Synth 8-7080] Parallel synthesis criteria is not met
DSP Report: Generating DSP tmp_threshold0, operation Mode is: A*B.
DSP Report: operator tmp_threshold0 is absorbed into DSP tmp_threshold0.
DSP Report: operator tmp_threshold0 is absorbed into DSP tmp_threshold0.
WARNING: [Synth 8-7129] Port s00_axi_awprot[2] in module design_2_SOC_MOTOR_DRIVER_0_0 is either unconnected or has no load
WARNING: [Synth 8-7129] Port s00_axi_awprot[1] in module design_2_SOC_MOTOR_DRIVER_0_0 is either unconnected or has no load
WARNING: [Synth 8-7129] Port s00_axi_awprot[0] in module design_2_SOC_MOTOR_DRIVER_0_0 is either unconnected or has no load
WARNING: [Synth 8-7129] Port s00_axi_arprot[2] in module design_2_SOC_MOTOR_DRIVER_0_0 is either unconnected or has no load
WARNING: [Synth 8-7129] Port s00_axi_arprot[1] in module design_2_SOC_MOTOR_DRIVER_0_0 is either unconnected or has no load
WARNING: [Synth 8-7129] Port s00_axi_arprot[0] in module design_2_SOC_MOTOR_DRIVER_0_0 is either unconnected or has no load
---------------------------------------------------------------------------------
Finished Cross Boundary and Area Optimization : Time (s): cpu = 00:00:20 ; elapsed = 00:00:21 . Memory (MB): peak = 1586.949 ; gain = 656.688
---------------------------------------------------------------------------------
 Sort Area is  tmp_threshold0_0 : 0 0 : 1594 1594 : Used 1 time 0
---------------------------------------------------------------------------------
Start ROM, RAM, DSP, Shift Register and Retiming Reporting
---------------------------------------------------------------------------------

DSP: Preliminary Mapping Report (see note below. The ' indicates corresponding REG is set)
+-------------+-------------+--------+--------+--------+--------+--------+------+------+------+------+-------+------+------+
|Module Name  | DSP Mapping | A Size | B Size | C Size | D Size | P Size | AREG | BREG | CREG | DREG | ADREG | MREG | PREG | 
+-------------+-------------+--------+--------+--------+--------+--------+------+------+------+------+-------+------+------+
|MOTOR_DRIVER | A*B         | 25     | 9      | -      | -      | 48     | 0    | 0    | -    | -    | -     | 0    | 0    | 
+-------------+-------------+--------+--------+--------+--------+--------+------+------+------+------+-------+------+------+

Note: The table above is a preliminary report that shows the DSPs inferred at the current stage of the synthesis flow. Some DSP may be reimplemented as non DSP primitives later in the synthesis flow. Multiple instantiated DSPs are reported only once.
---------------------------------------------------------------------------------
Finished ROM, RAM, DSP, Shift Register and Retiming Reporting
---------------------------------------------------------------------------------
---------------------------------------------------------------------------------
Start Applying XDC Timing Constraints
---------------------------------------------------------------------------------
---------------------------------------------------------------------------------
Finished Applying XDC Timing Constraints : Time (s): cpu = 00:00:29 ; elapsed = 00:00:30 . Memory (MB): peak = 1586.949 ; gain = 656.688
---------------------------------------------------------------------------------
---------------------------------------------------------------------------------
Start Timing Optimization
---------------------------------------------------------------------------------
---------------------------------------------------------------------------------
Finished Timing Optimization : Time (s): cpu = 00:00:29 ; elapsed = 00:00:30 . Memory (MB): peak = 1586.949 ; gain = 656.688
---------------------------------------------------------------------------------
---------------------------------------------------------------------------------
Start Technology Mapping
---------------------------------------------------------------------------------
---------------------------------------------------------------------------------
Finished Technology Mapping : Time (s): cpu = 00:00:30 ; elapsed = 00:00:30 . Memory (MB): peak = 1586.949 ; gain = 656.688
---------------------------------------------------------------------------------
---------------------------------------------------------------------------------
Start IO Insertion
---------------------------------------------------------------------------------
---------------------------------------------------------------------------------
Start Flattening Before IO Insertion
---------------------------------------------------------------------------------
---------------------------------------------------------------------------------
Finished Flattening Before IO Insertion
---------------------------------------------------------------------------------
---------------------------------------------------------------------------------
Start Final Netlist Cleanup
---------------------------------------------------------------------------------
---------------------------------------------------------------------------------
Finished Final Netlist Cleanup
---------------------------------------------------------------------------------
---------------------------------------------------------------------------------
Finished IO Insertion : Time (s): cpu = 00:00:36 ; elapsed = 00:00:36 . Memory (MB): peak = 1586.949 ; gain = 656.688
---------------------------------------------------------------------------------
---------------------------------------------------------------------------------
Start Renaming Generated Instances
---------------------------------------------------------------------------------
---------------------------------------------------------------------------------
Finished Renaming Generated Instances : Time (s): cpu = 00:00:36 ; elapsed = 00:00:36 . Memory (MB): peak = 1586.949 ; gain = 656.688
---------------------------------------------------------------------------------
---------------------------------------------------------------------------------
Start Rebuilding User Hierarchy
---------------------------------------------------------------------------------
---------------------------------------------------------------------------------
Finished Rebuilding User Hierarchy : Time (s): cpu = 00:00:36 ; elapsed = 00:00:37 . Memory (MB): peak = 1586.949 ; gain = 656.688
---------------------------------------------------------------------------------
---------------------------------------------------------------------------------
Start Renaming Generated Ports
---------------------------------------------------------------------------------
---------------------------------------------------------------------------------
Finished Renaming Generated Ports : Time (s): cpu = 00:00:36 ; elapsed = 00:00:37 . Memory (MB): peak = 1586.949 ; gain = 656.688
---------------------------------------------------------------------------------
---------------------------------------------------------------------------------
Start Handling Custom Attributes
---------------------------------------------------------------------------------
---------------------------------------------------------------------------------
Finished Handling Custom Attributes : Time (s): cpu = 00:00:36 ; elapsed = 00:00:37 . Memory (MB): peak = 1586.949 ; gain = 656.688
---------------------------------------------------------------------------------
---------------------------------------------------------------------------------
Start Renaming Generated Nets
---------------------------------------------------------------------------------
---------------------------------------------------------------------------------
Finished Renaming Generated Nets : Time (s): cpu = 00:00:36 ; elapsed = 00:00:37 . Memory (MB): peak = 1586.949 ; gain = 656.688
---------------------------------------------------------------------------------
---------------------------------------------------------------------------------
Start Writing Synthesis Report
---------------------------------------------------------------------------------

DSP Final Report (the ' indicates corresponding REG is set)
+-------------+-------------+--------+--------+--------+--------+--------+------+------+------+------+-------+------+------+
|Module Name  | DSP Mapping | A Size | B Size | C Size | D Size | P Size | AREG | BREG | CREG | DREG | ADREG | MREG | PREG | 
+-------------+-------------+--------+--------+--------+--------+--------+------+------+------+------+-------+------+------+
|MOTOR_DRIVER | A*B'        | 24     | 8      | -      | -      | 48     | 0    | 1    | -    | -    | -     | 0    | 0    | 
+-------------+-------------+--------+--------+--------+--------+--------+------+------+------+------+-------+------+------+


Report BlackBoxes: 
+-+--------------+----------+
| |BlackBox name |Instances |
+-+--------------+----------+
+-+--------------+----------+

Report Cell Usage: 
+------+--------+------+
|      |Cell    |Count |
+------+--------+------+
|1     |CARRY4  |   580|
|2     |DSP48E1 |     1|
|3     |LUT1    |   136|
|4     |LUT2    |   225|
|5     |LUT3    |  1047|
|6     |LUT4    |    64|
|7     |LUT5    |   877|
|8     |LUT6    |   128|
|9     |FDRE    |   216|
|10    |FDSE    |     3|
+------+--------+------+
---------------------------------------------------------------------------------
Finished Writing Synthesis Report : Time (s): cpu = 00:00:36 ; elapsed = 00:00:37 . Memory (MB): peak = 1586.949 ; gain = 656.688
---------------------------------------------------------------------------------
Synthesis finished with 0 errors, 0 critical warnings and 7 warnings.
Synthesis Optimization Runtime : Time (s): cpu = 00:00:26 ; elapsed = 00:00:35 . Memory (MB): peak = 1586.949 ; gain = 565.734
Synthesis Optimization Complete : Time (s): cpu = 00:00:36 ; elapsed = 00:00:37 . Memory (MB): peak = 1586.949 ; gain = 656.688
INFO: [Project 1-571] Translating synthesized netlist
Netlist sorting complete. Time (s): cpu = 00:00:01 ; elapsed = 00:00:00.030 . Memory (MB): peak = 1586.949 ; gain = 0.000
INFO: [Netlist 29-17] Analyzing 581 Unisim elements for replacement
INFO: [Netlist 29-28] Unisim Transformation completed in 0 CPU seconds
WARNING: [Netlist 29-101] Netlist 'design_2_SOC_MOTOR_DRIVER_0_0' is not ideal for floorplanning, since the cellview 'MOTOR_DRIVER' contains a large number of primitives.  Please consider enabling hierarchy in synthesis if you want to do floorplanning.
INFO: [Project 1-570] Preparing netlist for logic optimization
INFO: [Opt 31-138] Pushed 0 inverter(s) to 0 load pin(s).
Netlist sorting complete. Time (s): cpu = 00:00:00 ; elapsed = 00:00:00.001 . Memory (MB): peak = 1586.949 ; gain = 0.000
INFO: [Project 1-111] Unisim Transformation Summary:
No Unisim elements were transformed.

Synth Design complete | Checksum: 1e20ef2b
INFO: [Common 17-83] Releasing license: Synthesis
33 Infos, 20 Warnings, 0 Critical Warnings and 0 Errors encountered.
synth_design completed successfully
synth_design: Time (s): cpu = 00:00:43 ; elapsed = 00:00:45 . Memory (MB): peak = 1586.949 ; gain = 1085.102
Write ShapeDB Complete: Time (s): cpu = 00:00:00 ; elapsed = 00:00:00.012 . Memory (MB): peak = 1586.949 ; gain = 0.000
INFO: [Common 17-1381] The checkpoint 'C:/Users/oliwi/Documents/SOC/motor_driver_project/motor_driver_project.runs/design_2_SOC_MOTOR_DRIVER_0_0_synth_1/design_2_SOC_MOTOR_DRIVER_0_0.dcp' has been generated.
INFO: [Coretcl 2-1648] Added synthesis output to IP cache for IP design_2_SOC_MOTOR_DRIVER_0_0, cache-ID = 71386ba9b14c38d9
INFO: [Coretcl 2-1174] Renamed 3 cell refs.
Write ShapeDB Complete: Time (s): cpu = 00:00:00 ; elapsed = 00:00:00.013 . Memory (MB): peak = 1586.949 ; gain = 0.000
INFO: [Common 17-1381] The checkpoint 'C:/Users/oliwi/Documents/SOC/motor_driver_project/motor_driver_project.runs/design_2_SOC_MOTOR_DRIVER_0_0_synth_1/design_2_SOC_MOTOR_DRIVER_0_0.dcp' has been generated.
INFO: [Vivado 12-24828] Executing command : report_utilization -file design_2_SOC_MOTOR_DRIVER_0_0_utilization_synth.rpt -pb design_2_SOC_MOTOR_DRIVER_0_0_utilization_synth.pb
INFO: [Common 17-206] Exiting Vivado at Thu Mar 27 13:23:33 2025...
