Copyright 1986-2022 Xilinx, Inc. All Rights Reserved. Copyright 2022-2024 Advanced Micro Devices, Inc. All Rights Reserved.
---------------------------------------------------------------------------------------------------------------------------------------------
| Tool Version : Vivado v.2024.1 (win64) Build 5076996 Wed May 22 18:37:14 MDT 2024
| Date         : Thu Mar 27 13:28:31 2025
| Host         : Laptop-Oli running 64-bit major release  (build 9200)
| Command      : report_control_sets -verbose -file design_2_wrapper_control_sets_placed.rpt
| Design       : design_2_wrapper
| Device       : xc7z020
---------------------------------------------------------------------------------------------------------------------------------------------

Control Set Information

Table of Contents
-----------------
1. Summary
2. Histogram
3. Flip-Flop Distribution
4. Detailed Control Set Information

1. Summary
----------

+----------------------------------------------------------+-------+
|                          Status                          | Count |
+----------------------------------------------------------+-------+
| Total control sets                                       |    48 |
|    Minimum number of control sets                        |    48 |
|    Addition due to synthesis replication                 |     0 |
|    Addition due to physical synthesis replication        |     0 |
| Unused register locations in slices containing registers |   102 |
+----------------------------------------------------------+-------+
* Control sets can be merged at opt_design using control_set_merge or merge_equivalent_drivers
** Run report_qor_suggestions for automated merging and remapping suggestions


2. Histogram
------------

+--------------------+-------+
|       Fanout       | Count |
+--------------------+-------+
| Total control sets |    48 |
| >= 0 to < 4        |     2 |
| >= 4 to < 6        |    11 |
| >= 6 to < 8        |     1 |
| >= 8 to < 10       |    16 |
| >= 10 to < 12      |     2 |
| >= 12 to < 14      |     2 |
| >= 14 to < 16      |     2 |
| >= 16              |    12 |
+--------------------+-------+
* Control sets can be remapped at either synth_design or opt_design


3. Flip-Flop Distribution
-------------------------

+--------------+-----------------------+------------------------+-----------------+--------------+
| Clock Enable | Synchronous Set/Reset | Asynchronous Set/Reset | Total Registers | Total Slices |
+--------------+-----------------------+------------------------+-----------------+--------------+
| No           | No                    | No                     |             146 |           53 |
| No           | No                    | Yes                    |               0 |            0 |
| No           | Yes                   | No                     |              36 |           15 |
| Yes          | No                    | No                     |             271 |           71 |
| Yes          | No                    | Yes                    |               0 |            0 |
| Yes          | Yes                   | No                     |             197 |           96 |
+--------------+-----------------------+------------------------+-----------------+--------------+


4. Detailed Control Set Information
-----------------------------------

+-------------------------------------------------+----------------------------------------------------------------------------------------------------------------------------------------------------------------+-------------------------------------------------------------------------------------------------------------------------------------------------------+------------------+----------------+--------------+
|                   Clock Signal                  |                                                                          Enable Signal                                                                         |                                                                    Set/Reset Signal                                                                   | Slice Load Count | Bel Load Count | Bels / Slice |
+-------------------------------------------------+----------------------------------------------------------------------------------------------------------------------------------------------------------------+-------------------------------------------------------------------------------------------------------------------------------------------------------+------------------+----------------+--------------+
|  design_2_i/processing_system7_0/inst/FCLK_CLK0 | design_2_i/ps7_0_axi_periph/s00_couplers/auto_pc/inst/gen_axilite.gen_b2s_conv.axilite_b2s/WR.aw_channel_0/aw_cmd_fsm_0/FSM_sequential_state_reg[0]_1          | design_2_i/ps7_0_axi_periph/s00_couplers/auto_pc/inst/gen_axilite.gen_b2s_conv.axilite_b2s/WR.aw_channel_0/aw_cmd_fsm_0/FSM_sequential_state_reg[0]_0 |                1 |              1 |         1.00 |
|  design_2_i/processing_system7_0/inst/FCLK_CLK0 | design_2_i/ps7_0_axi_periph/s00_couplers/auto_pc/inst/gen_axilite.gen_b2s_conv.axilite_b2s/WR.b_channel_0/bid_fifo_0/sel                                       |                                                                                                                                                       |                1 |              2 |         2.00 |
|  design_2_i/processing_system7_0/inst/FCLK_CLK0 |                                                                                                                                                                | design_2_i/rst_ps7_0_100M/U0/EXT_LPF/lpf_int                                                                                                          |                1 |              4 |         4.00 |
|  design_2_i/processing_system7_0/inst/FCLK_CLK0 |                                                                                                                                                                | design_2_i/SOC_MOTOR_DRIVER_0/U0/SOC_MOTOR_DRIVER_slave_lite_v1_0_S00_AXI_inst/motor_state[0][1]_i_1_n_0                                              |                1 |              4 |         4.00 |
|  design_2_i/processing_system7_0/inst/FCLK_CLK0 |                                                                                                                                                                | design_2_i/ps7_0_axi_periph/s00_couplers/auto_pc/inst/gen_axilite.gen_b2s_conv.axilite_b2s/SI_REG/aw.aw_pipe/aresetn_d_reg[1]_inv_0                   |                2 |              4 |         2.00 |
|  design_2_i/processing_system7_0/inst/FCLK_CLK0 |                                                                                                                                                                | design_2_i/ps7_0_axi_periph/s00_couplers/auto_pc/inst/gen_axilite.gen_b2s_conv.axilite_b2s/SI_REG/aw.aw_pipe/aresetn_d_reg[0]_0                       |                3 |              4 |         1.33 |
|  design_2_i/processing_system7_0/inst/FCLK_CLK0 | design_2_i/ps7_0_axi_periph/s00_couplers/auto_pc/inst/gen_axilite.gen_b2s_conv.axilite_b2s/RD.ar_channel_0/ar_cmd_fsm_0/m_axi_arready_2                        | design_2_i/ps7_0_axi_periph/s00_couplers/auto_pc/inst/gen_axilite.gen_b2s_conv.axilite_b2s/RD.ar_channel_0/ar_cmd_fsm_0/FSM_sequential_state_reg[1]_0 |                1 |              4 |         4.00 |
|  design_2_i/processing_system7_0/inst/FCLK_CLK0 | design_2_i/ps7_0_axi_periph/s00_couplers/auto_pc/inst/gen_axilite.gen_b2s_conv.axilite_b2s/RD.ar_channel_0/ar_cmd_fsm_0/sel_first_reg[0]                       |                                                                                                                                                       |                1 |              4 |         4.00 |
|  design_2_i/processing_system7_0/inst/FCLK_CLK0 | design_2_i/ps7_0_axi_periph/s00_couplers/auto_pc/inst/gen_axilite.gen_b2s_conv.axilite_b2s/WR.aw_channel_0/cmd_translator_0/incr_cmd_0/axaddr_incr[11]_i_1_n_0 |                                                                                                                                                       |                1 |              4 |         4.00 |
|  design_2_i/processing_system7_0/inst/FCLK_CLK0 | design_2_i/ps7_0_axi_periph/s00_couplers/auto_pc/inst/gen_axilite.gen_b2s_conv.axilite_b2s/RD.ar_channel_0/ar_cmd_fsm_0/E[0]                                   |                                                                                                                                                       |                2 |              4 |         2.00 |
|  design_2_i/processing_system7_0/inst/FCLK_CLK0 | design_2_i/ps7_0_axi_periph/s00_couplers/auto_pc/inst/gen_axilite.gen_b2s_conv.axilite_b2s/WR.aw_channel_0/aw_cmd_fsm_0/m_valid_i_reg[0]                       |                                                                                                                                                       |                2 |              4 |         2.00 |
|  design_2_i/processing_system7_0/inst/FCLK_CLK0 | design_2_i/ps7_0_axi_periph/s00_couplers/auto_pc/inst/gen_axilite.gen_b2s_conv.axilite_b2s/RD.r_channel_0/rd_data_fifo_0/cnt_read[4]_i_1__0_n_0                | design_2_i/ps7_0_axi_periph/s00_couplers/auto_pc/inst/gen_axilite.gen_b2s_conv.axilite_b2s/areset_d1                                                  |                2 |              5 |         2.50 |
|  design_2_i/processing_system7_0/inst/FCLK_CLK0 | design_2_i/ps7_0_axi_periph/s00_couplers/auto_pc/inst/gen_axilite.gen_b2s_conv.axilite_b2s/RD.r_channel_0/transaction_fifo_0/cnt_read[4]_i_1_n_0               | design_2_i/ps7_0_axi_periph/s00_couplers/auto_pc/inst/gen_axilite.gen_b2s_conv.axilite_b2s/areset_d1                                                  |                2 |              5 |         2.50 |
|  design_2_i/processing_system7_0/inst/FCLK_CLK0 | design_2_i/rst_ps7_0_100M/U0/SEQ/seq_cnt_en                                                                                                                    | design_2_i/rst_ps7_0_100M/U0/SEQ/SEQ_COUNTER/clear                                                                                                    |                1 |              6 |         6.00 |
|  design_2_i/processing_system7_0/inst/FCLK_CLK0 | design_2_i/SOC_MOTOR_DRIVER_0/U0/SOC_MOTOR_DRIVER_slave_lite_v1_0_S00_AXI_inst/slv_reg1[15]_i_1_n_0                                                            | design_2_i/SOC_MOTOR_DRIVER_0/U0/SOC_MOTOR_DRIVER_slave_lite_v1_0_S00_AXI_inst/axi_MOTOR_DRIVER/s00_axi_aresetn_0                                     |                7 |              8 |         1.14 |
|  design_2_i/processing_system7_0/inst/FCLK_CLK0 | design_2_i/SOC_MOTOR_DRIVER_0/U0/SOC_MOTOR_DRIVER_slave_lite_v1_0_S00_AXI_inst/slv_reg0[31]_i_1_n_0                                                            | design_2_i/SOC_MOTOR_DRIVER_0/U0/SOC_MOTOR_DRIVER_slave_lite_v1_0_S00_AXI_inst/axi_MOTOR_DRIVER/s00_axi_aresetn_0                                     |                4 |              8 |         2.00 |
|  design_2_i/processing_system7_0/inst/FCLK_CLK0 | design_2_i/SOC_MOTOR_DRIVER_0/U0/SOC_MOTOR_DRIVER_slave_lite_v1_0_S00_AXI_inst/slv_reg0[23]_i_1_n_0                                                            | design_2_i/SOC_MOTOR_DRIVER_0/U0/SOC_MOTOR_DRIVER_slave_lite_v1_0_S00_AXI_inst/axi_MOTOR_DRIVER/s00_axi_aresetn_0                                     |                2 |              8 |         4.00 |
|  design_2_i/processing_system7_0/inst/FCLK_CLK0 | design_2_i/SOC_MOTOR_DRIVER_0/U0/SOC_MOTOR_DRIVER_slave_lite_v1_0_S00_AXI_inst/slv_reg0[15]_i_1_n_0                                                            | design_2_i/SOC_MOTOR_DRIVER_0/U0/SOC_MOTOR_DRIVER_slave_lite_v1_0_S00_AXI_inst/axi_MOTOR_DRIVER/s00_axi_aresetn_0                                     |                4 |              8 |         2.00 |
|  design_2_i/processing_system7_0/inst/FCLK_CLK0 | design_2_i/SOC_MOTOR_DRIVER_0/U0/SOC_MOTOR_DRIVER_slave_lite_v1_0_S00_AXI_inst/slv_reg2[31]_i_1_n_0                                                            | design_2_i/SOC_MOTOR_DRIVER_0/U0/SOC_MOTOR_DRIVER_slave_lite_v1_0_S00_AXI_inst/axi_MOTOR_DRIVER/s00_axi_aresetn_0                                     |                4 |              8 |         2.00 |
|  design_2_i/processing_system7_0/inst/FCLK_CLK0 | design_2_i/SOC_MOTOR_DRIVER_0/U0/SOC_MOTOR_DRIVER_slave_lite_v1_0_S00_AXI_inst/axi_MOTOR_DRIVER/E[0]                                                           | design_2_i/SOC_MOTOR_DRIVER_0/U0/SOC_MOTOR_DRIVER_slave_lite_v1_0_S00_AXI_inst/axi_MOTOR_DRIVER/s00_axi_aresetn_0                                     |                2 |              8 |         4.00 |
|  design_2_i/processing_system7_0/inst/FCLK_CLK0 | design_2_i/SOC_MOTOR_DRIVER_0/U0/SOC_MOTOR_DRIVER_slave_lite_v1_0_S00_AXI_inst/slv_reg2[23]_i_1_n_0                                                            | design_2_i/SOC_MOTOR_DRIVER_0/U0/SOC_MOTOR_DRIVER_slave_lite_v1_0_S00_AXI_inst/axi_MOTOR_DRIVER/s00_axi_aresetn_0                                     |                3 |              8 |         2.67 |
|  design_2_i/processing_system7_0/inst/FCLK_CLK0 | design_2_i/SOC_MOTOR_DRIVER_0/U0/SOC_MOTOR_DRIVER_slave_lite_v1_0_S00_AXI_inst/slv_reg1[23]_i_1_n_0                                                            | design_2_i/SOC_MOTOR_DRIVER_0/U0/SOC_MOTOR_DRIVER_slave_lite_v1_0_S00_AXI_inst/axi_MOTOR_DRIVER/s00_axi_aresetn_0                                     |                7 |              8 |         1.14 |
|  design_2_i/processing_system7_0/inst/FCLK_CLK0 | design_2_i/SOC_MOTOR_DRIVER_0/U0/SOC_MOTOR_DRIVER_slave_lite_v1_0_S00_AXI_inst/slv_reg1[7]_i_1_n_0                                                             | design_2_i/SOC_MOTOR_DRIVER_0/U0/SOC_MOTOR_DRIVER_slave_lite_v1_0_S00_AXI_inst/axi_MOTOR_DRIVER/s00_axi_aresetn_0                                     |                6 |              8 |         1.33 |
|  design_2_i/processing_system7_0/inst/FCLK_CLK0 | design_2_i/SOC_MOTOR_DRIVER_0/U0/SOC_MOTOR_DRIVER_slave_lite_v1_0_S00_AXI_inst/slv_reg2[15]_i_1_n_0                                                            | design_2_i/SOC_MOTOR_DRIVER_0/U0/SOC_MOTOR_DRIVER_slave_lite_v1_0_S00_AXI_inst/axi_MOTOR_DRIVER/s00_axi_aresetn_0                                     |                5 |              8 |         1.60 |
|  design_2_i/processing_system7_0/inst/FCLK_CLK0 | design_2_i/SOC_MOTOR_DRIVER_0/U0/SOC_MOTOR_DRIVER_slave_lite_v1_0_S00_AXI_inst/slv_reg2[7]_i_1_n_0                                                             | design_2_i/SOC_MOTOR_DRIVER_0/U0/SOC_MOTOR_DRIVER_slave_lite_v1_0_S00_AXI_inst/axi_MOTOR_DRIVER/s00_axi_aresetn_0                                     |                4 |              8 |         2.00 |
|  design_2_i/processing_system7_0/inst/FCLK_CLK0 | design_2_i/SOC_MOTOR_DRIVER_0/U0/SOC_MOTOR_DRIVER_slave_lite_v1_0_S00_AXI_inst/p_1_in[31]                                                                      | design_2_i/SOC_MOTOR_DRIVER_0/U0/SOC_MOTOR_DRIVER_slave_lite_v1_0_S00_AXI_inst/axi_MOTOR_DRIVER/s00_axi_aresetn_0                                     |                3 |              8 |         2.67 |
|  design_2_i/processing_system7_0/inst/FCLK_CLK0 | design_2_i/SOC_MOTOR_DRIVER_0/U0/SOC_MOTOR_DRIVER_slave_lite_v1_0_S00_AXI_inst/p_1_in[15]                                                                      | design_2_i/SOC_MOTOR_DRIVER_0/U0/SOC_MOTOR_DRIVER_slave_lite_v1_0_S00_AXI_inst/axi_MOTOR_DRIVER/s00_axi_aresetn_0                                     |                3 |              8 |         2.67 |
|  design_2_i/processing_system7_0/inst/FCLK_CLK0 | design_2_i/SOC_MOTOR_DRIVER_0/U0/SOC_MOTOR_DRIVER_slave_lite_v1_0_S00_AXI_inst/p_1_in[23]                                                                      | design_2_i/SOC_MOTOR_DRIVER_0/U0/SOC_MOTOR_DRIVER_slave_lite_v1_0_S00_AXI_inst/axi_MOTOR_DRIVER/s00_axi_aresetn_0                                     |                2 |              8 |         4.00 |
|  design_2_i/processing_system7_0/inst/FCLK_CLK0 | design_2_i/SOC_MOTOR_DRIVER_0/U0/SOC_MOTOR_DRIVER_slave_lite_v1_0_S00_AXI_inst/p_1_in[7]                                                                       | design_2_i/SOC_MOTOR_DRIVER_0/U0/SOC_MOTOR_DRIVER_slave_lite_v1_0_S00_AXI_inst/axi_MOTOR_DRIVER/s00_axi_aresetn_0                                     |                4 |              8 |         2.00 |
|  design_2_i/processing_system7_0/inst/FCLK_CLK0 | design_2_i/ps7_0_axi_periph/s00_couplers/auto_pc/inst/gen_axilite.gen_b2s_conv.axilite_b2s/WR.b_channel_0/mhandshake_r                                         | design_2_i/ps7_0_axi_periph/s00_couplers/auto_pc/inst/gen_axilite.gen_b2s_conv.axilite_b2s/WR.b_channel_0/bid_fifo_0/SR[0]                            |                3 |              8 |         2.67 |
|  design_2_i/processing_system7_0/inst/FCLK_CLK0 |                                                                                                                                                                | design_2_i/SOC_MOTOR_DRIVER_0/U0/SOC_MOTOR_DRIVER_slave_lite_v1_0_S00_AXI_inst/axi_MOTOR_DRIVER/s00_axi_aresetn_0                                     |                3 |             10 |         3.33 |
|  design_2_i/processing_system7_0/inst/FCLK_CLK0 |                                                                                                                                                                | design_2_i/ps7_0_axi_periph/s00_couplers/auto_pc/inst/gen_axilite.gen_b2s_conv.axilite_b2s/areset_d1                                                  |                5 |             10 |         2.00 |
|  design_2_i/processing_system7_0/inst/FCLK_CLK0 | design_2_i/ps7_0_axi_periph/s00_couplers/auto_pc/inst/gen_axilite.gen_b2s_conv.axilite_b2s/RD.ar_channel_0/ar_cmd_fsm_0/m_axi_arready_2                        |                                                                                                                                                       |                4 |             13 |         3.25 |
|  design_2_i/processing_system7_0/inst/FCLK_CLK0 | design_2_i/ps7_0_axi_periph/s00_couplers/auto_pc/inst/gen_axilite.gen_b2s_conv.axilite_b2s/RD.r_channel_0/r_push_r                                             |                                                                                                                                                       |                4 |             13 |         3.25 |
|  design_2_i/processing_system7_0/inst/FCLK_CLK0 | design_2_i/ps7_0_axi_periph/s00_couplers/auto_pc/inst/gen_axilite.gen_b2s_conv.axilite_b2s/SI_REG/b.b_pipe/s_ready_i_reg_0                                     |                                                                                                                                                       |                6 |             14 |         2.33 |
|  design_2_i/processing_system7_0/inst/FCLK_CLK0 | design_2_i/ps7_0_axi_periph/s00_couplers/auto_pc/inst/gen_axilite.gen_b2s_conv.axilite_b2s/SI_REG/b.b_pipe/p_1_in                                              |                                                                                                                                                       |                2 |             14 |         7.00 |
|  design_2_i/processing_system7_0/inst/FCLK_CLK0 | design_2_i/ps7_0_axi_periph/s00_couplers/auto_pc/inst/gen_axilite.gen_b2s_conv.axilite_b2s/WR.aw_channel_0/aw_cmd_fsm_0/m_axi_awready_0                        |                                                                                                                                                       |                3 |             16 |         5.33 |
|  design_2_i/processing_system7_0/inst/FCLK_CLK0 | design_2_i/ps7_0_axi_periph/s00_couplers/auto_pc/inst/gen_axilite.gen_b2s_conv.axilite_b2s/WR.aw_channel_0/aw_cmd_fsm_0/FSM_sequential_state_reg[0]_1          |                                                                                                                                                       |                5 |             16 |         3.20 |
|  design_2_i/processing_system7_0/inst/FCLK_CLK0 | design_2_i/SOC_MOTOR_DRIVER_0/U0/SOC_MOTOR_DRIVER_slave_lite_v1_0_S00_AXI_inst/slv_reg1[31]_i_1_n_0                                                            | design_2_i/SOC_MOTOR_DRIVER_0/U0/SOC_MOTOR_DRIVER_slave_lite_v1_0_S00_AXI_inst/axi_MOTOR_DRIVER/s00_axi_aresetn_0                                     |               12 |             16 |         1.33 |
|  design_2_i/processing_system7_0/inst/FCLK_CLK0 | design_2_i/ps7_0_axi_periph/s00_couplers/auto_pc/inst/gen_axilite.gen_b2s_conv.axilite_b2s/SI_REG/aw.aw_pipe/s_ready_i_reg_0                                   |                                                                                                                                                       |                9 |             27 |         3.00 |
|  design_2_i/processing_system7_0/inst/FCLK_CLK0 | design_2_i/ps7_0_axi_periph/s00_couplers/auto_pc/inst/gen_axilite.gen_b2s_conv.axilite_b2s/RD.ar_channel_0/ar_cmd_fsm_0/m_valid_i_reg[0]                       |                                                                                                                                                       |                5 |             27 |         5.40 |
|  design_2_i/processing_system7_0/inst/FCLK_CLK0 | design_2_i/ps7_0_axi_periph/s00_couplers/auto_pc/inst/gen_axilite.gen_b2s_conv.axilite_b2s/WR.aw_channel_0/aw_cmd_fsm_0/E[0]                                   |                                                                                                                                                       |                5 |             27 |         5.40 |
|  design_2_i/processing_system7_0/inst/FCLK_CLK0 | design_2_i/ps7_0_axi_periph/s00_couplers/auto_pc/inst/gen_axilite.gen_b2s_conv.axilite_b2s/SI_REG/ar.ar_pipe/s_ready_i_reg_0                                   |                                                                                                                                                       |                8 |             27 |         3.38 |
|  design_2_i/processing_system7_0/inst/FCLK_CLK0 | design_2_i/SOC_MOTOR_DRIVER_0/U0/SOC_MOTOR_DRIVER_slave_lite_v1_0_S00_AXI_inst/slv_reg_rden                                                                    | design_2_i/SOC_MOTOR_DRIVER_0/U0/SOC_MOTOR_DRIVER_slave_lite_v1_0_S00_AXI_inst/axi_MOTOR_DRIVER/s00_axi_aresetn_0                                     |               14 |             32 |         2.29 |
|  design_2_i/processing_system7_0/inst/FCLK_CLK0 | design_2_i/ps7_0_axi_periph/s00_couplers/auto_pc/inst/gen_axilite.gen_b2s_conv.axilite_b2s/RD.r_channel_0/rd_data_fifo_0/wr_en0                                |                                                                                                                                                       |                9 |             32 |         3.56 |
|  design_2_i/processing_system7_0/inst/FCLK_CLK0 | design_2_i/ps7_0_axi_periph/s00_couplers/auto_pc/inst/gen_axilite.gen_b2s_conv.axilite_b2s/SI_REG/r.r_pipe/p_1_in                                              |                                                                                                                                                       |                8 |             45 |         5.62 |
|  design_2_i/processing_system7_0/inst/FCLK_CLK0 | design_2_i/ps7_0_axi_periph/s00_couplers/auto_pc/inst/gen_axilite.gen_b2s_conv.axilite_b2s/SI_REG/r.r_pipe/s_ready_i_reg_0                                     |                                                                                                                                                       |               13 |             45 |         3.46 |
|  design_2_i/processing_system7_0/inst/FCLK_CLK0 |                                                                                                                                                                |                                                                                                                                                       |               54 |            147 |         2.72 |
+-------------------------------------------------+----------------------------------------------------------------------------------------------------------------------------------------------------------------+-------------------------------------------------------------------------------------------------------------------------------------------------------+------------------+----------------+--------------+


