#-----------------------------------------------------------
# Vivado v2024.1 (64-bit)
# SW Build 5076996 on Wed May 22 18:36:09 MDT 2024
# IP Build 5075265 on Wed May 22 21:45:21 MDT 2024
# SharedData Build 5076995 on Wed May 22 18:29:18 MDT 2024
# Start of session at: Sun May 11 20:25:54 2025
# Process ID: 4519
# Current directory: /home/pcoli
# Command line: vivado
# Log file: /home/pcoli/vivado.log
# Journal file: /home/pcoli/vivado.jou
# Running On        :pcoli-System-Product-Name
# Platform          :Ubuntu
# Operating System  :Ubuntu 24.10
# Processor Detail  :AMD Ryzen 5 5600X 6-Core Processor
# CPU Frequency     :1720.000 MHz
# CPU Physical cores:6
# CPU Logical cores :12
# Host memory       :32497 MB
# Swap memory       :8589 MB
# Total Virtual     :41087 MB
# Available Virtual :38126 MB
#-----------------------------------------------------------
start_gui
open_project /home/pcoli/Project_Folder/Xilinx_Vivado/MotorDriver/MotorDriver.xpr
update_compile_order -fileset sources_1
archive_project /home/pcoli/Project_Folder/Xilinx_Vivado/auto_Wimu.xpr.zip -force -include_local_ip_cache -include_config_settings
