
*** Running vivado
    with args -log design_1_Sync_Signal_0_2.vds -m64 -product Vivado -mode batch -messageDb vivado.pb -notrace -source design_1_Sync_Signal_0_2.tcl


****** Vivado v2024.1 (64-bit)
  **** SW Build 5076996 on Wed May 22 18:36:09 MDT 2024
  **** IP Build 5075265 on Wed May 22 21:45:21 MDT 2024
  **** SharedData Build 5076995 on Wed May 22 18:29:18 MDT 2024
  **** Start of session at: Sat May 10 19:01:20 2025
    ** Copyright 1986-2022 Xilinx, Inc. All Rights Reserved.
    ** Copyright 2022-2024 Advanced Micro Devices, Inc. All Rights Reserved.

source design_1_Sync_Signal_0_2.tcl -notrace
INFO: [IP_Flow 19-234] Refreshing IP repositories
INFO: [IP_Flow 19-1700] Loaded user IP repository '/home/pcoli/Project_Folder/Xilinx_Vivado/ip_repo/SpeedSensor_Driver_IP_1_0'.
INFO: [IP_Flow 19-1700] Loaded user IP repository '/home/pcoli/Project_Folder/Xilinx_Vivado/ip_repo/Motor_DriverIP_1_0'.
INFO: [IP_Flow 19-1700] Loaded user IP repository '/home/pcoli/Project_Folder/Xilinx_Vivado/ip_repo/Motor_Driver_1_0'.
INFO: [IP_Flow 19-1700] Loaded user IP repository '/home/pcoli/Project_Folder/Xilinx_Vivado/ip_repo/Motor_Driver_IP_1_0'.
INFO: [IP_Flow 19-2313] Loaded Vivado IP repository '/tools/Xilinx/Vivado/2024.1/data/ip'.
Command: synth_design -top design_1_Sync_Signal_0_2 -part xc7z020clg400-1 -incremental_mode off -mode out_of_context
Starting synth_design
Attempting to get a license for feature 'Synthesis' and/or device 'xc7z020'
INFO: [Common 17-349] Got license for feature 'Synthesis' and/or device 'xc7z020'
INFO: [Device 21-403] Loading part xc7z020clg400-1
INFO: [Device 21-9227] Part: xc7z020clg400-1 does not have CEAM library.
INFO: [Synth 8-7079] Multithreading enabled for synth_design using a maximum of 4 processes.
INFO: [Synth 8-7078] Launching helper process for spawning children vivado processes
INFO: [Synth 8-7075] Helper process launched with PID 52892
---------------------------------------------------------------------------------
Starting RTL Elaboration : Time (s): cpu = 00:00:03 ; elapsed = 00:00:03 . Memory (MB): peak = 2402.168 ; gain = 163.691 ; free physical = 11587 ; free virtual = 23838
---------------------------------------------------------------------------------
INFO: [Synth 8-638] synthesizing module 'design_1_Sync_Signal_0_2' [/home/pcoli/Project_Folder/Xilinx_Vivado/MotorDriver/MotorDriver.gen/sources_1/bd/design_1/ip/design_1_Sync_Signal_0_2/synth/design_1_Sync_Signal_0_2.vhd:64]
INFO: [Synth 8-3491] module 'Sync_Signal' declared at '/home/pcoli/Project_Folder/Xilinx_Vivado/MotorDriver/MotorDriver.srcs/sources_1/new/ff_synchronizer.vhd:6' bound to instance 'U0' of component 'Sync_Signal' [/home/pcoli/Project_Folder/Xilinx_Vivado/MotorDriver/MotorDriver.gen/sources_1/bd/design_1/ip/design_1_Sync_Signal_0_2/synth/design_1_Sync_Signal_0_2.vhd:83]
INFO: [Synth 8-638] synthesizing module 'Sync_Signal' [/home/pcoli/Project_Folder/Xilinx_Vivado/MotorDriver/MotorDriver.srcs/sources_1/new/ff_synchronizer.vhd:14]
INFO: [Synth 8-256] done synthesizing module 'Sync_Signal' (0#1) [/home/pcoli/Project_Folder/Xilinx_Vivado/MotorDriver/MotorDriver.srcs/sources_1/new/ff_synchronizer.vhd:14]
INFO: [Synth 8-256] done synthesizing module 'design_1_Sync_Signal_0_2' (0#1) [/home/pcoli/Project_Folder/Xilinx_Vivado/MotorDriver/MotorDriver.gen/sources_1/bd/design_1/ip/design_1_Sync_Signal_0_2/synth/design_1_Sync_Signal_0_2.vhd:64]
---------------------------------------------------------------------------------
Finished RTL Elaboration : Time (s): cpu = 00:00:04 ; elapsed = 00:00:04 . Memory (MB): peak = 2481.137 ; gain = 242.660 ; free physical = 10981 ; free virtual = 23233
---------------------------------------------------------------------------------
---------------------------------------------------------------------------------
Start Handling Custom Attributes
---------------------------------------------------------------------------------
---------------------------------------------------------------------------------
Finished Handling Custom Attributes : Time (s): cpu = 00:00:04 ; elapsed = 00:00:04 . Memory (MB): peak = 2495.980 ; gain = 257.504 ; free physical = 10972 ; free virtual = 23224
---------------------------------------------------------------------------------
---------------------------------------------------------------------------------
Finished RTL Optimization Phase 1 : Time (s): cpu = 00:00:04 ; elapsed = 00:00:04 . Memory (MB): peak = 2495.980 ; gain = 257.504 ; free physical = 10972 ; free virtual = 23224
---------------------------------------------------------------------------------
Netlist sorting complete. Time (s): cpu = 00:00:00 ; elapsed = 00:00:00 . Memory (MB): peak = 2495.980 ; gain = 0.000 ; free physical = 10972 ; free virtual = 23224
INFO: [Project 1-570] Preparing netlist for logic optimization

Processing XDC Constraints
Initializing timing engine
Completed Processing XDC Constraints

Netlist sorting complete. Time (s): cpu = 00:00:00 ; elapsed = 00:00:00 . Memory (MB): peak = 2568.918 ; gain = 0.000 ; free physical = 10869 ; free virtual = 23125
INFO: [Project 1-111] Unisim Transformation Summary:
No Unisim elements were transformed.

Constraint Validation Runtime : Time (s): cpu = 00:00:00.01 ; elapsed = 00:00:00.01 . Memory (MB): peak = 2568.918 ; gain = 0.000 ; free physical = 10861 ; free virtual = 23117
INFO: [Designutils 20-5008] Incremental synthesis strategy off
---------------------------------------------------------------------------------
Finished Constraint Validation : Time (s): cpu = 00:00:08 ; elapsed = 00:00:08 . Memory (MB): peak = 2568.918 ; gain = 330.441 ; free physical = 10649 ; free virtual = 22904
---------------------------------------------------------------------------------
---------------------------------------------------------------------------------
Start Loading Part and Timing Information
---------------------------------------------------------------------------------
Loading part: xc7z020clg400-1
---------------------------------------------------------------------------------
Finished Loading Part and Timing Information : Time (s): cpu = 00:00:08 ; elapsed = 00:00:08 . Memory (MB): peak = 2576.922 ; gain = 338.445 ; free physical = 10649 ; free virtual = 22904
---------------------------------------------------------------------------------
---------------------------------------------------------------------------------
Start Applying 'set_property' XDC Constraints
---------------------------------------------------------------------------------
---------------------------------------------------------------------------------
Finished applying 'set_property' XDC Constraints : Time (s): cpu = 00:00:08 ; elapsed = 00:00:08 . Memory (MB): peak = 2576.922 ; gain = 338.445 ; free physical = 10649 ; free virtual = 22905
---------------------------------------------------------------------------------
---------------------------------------------------------------------------------
Finished RTL Optimization Phase 2 : Time (s): cpu = 00:00:08 ; elapsed = 00:00:08 . Memory (MB): peak = 2576.922 ; gain = 338.445 ; free physical = 10647 ; free virtual = 22905
---------------------------------------------------------------------------------
---------------------------------------------------------------------------------
Start RTL Component Statistics 
---------------------------------------------------------------------------------
Detailed RTL Component Info : 
+---Registers : 
	                1 Bit    Registers := 2     
---------------------------------------------------------------------------------
Finished RTL Component Statistics 
---------------------------------------------------------------------------------
---------------------------------------------------------------------------------
Start Part Resource Summary
---------------------------------------------------------------------------------
Part Resources:
DSPs: 220 (col length:60)
BRAMs: 280 (col length: RAMB18 60 RAMB36 30)
---------------------------------------------------------------------------------
Finished Part Resource Summary
---------------------------------------------------------------------------------
---------------------------------------------------------------------------------
Start Cross Boundary and Area Optimization
---------------------------------------------------------------------------------
WARNING: [Synth 8-7080] Parallel synthesis criteria is not met
---------------------------------------------------------------------------------
Finished Cross Boundary and Area Optimization : Time (s): cpu = 00:00:09 ; elapsed = 00:00:09 . Memory (MB): peak = 2576.922 ; gain = 338.445 ; free physical = 10642 ; free virtual = 22901
---------------------------------------------------------------------------------
---------------------------------------------------------------------------------
Start Applying XDC Timing Constraints
---------------------------------------------------------------------------------
---------------------------------------------------------------------------------
Finished Applying XDC Timing Constraints : Time (s): cpu = 00:00:12 ; elapsed = 00:00:13 . Memory (MB): peak = 2576.922 ; gain = 338.445 ; free physical = 10605 ; free virtual = 22867
---------------------------------------------------------------------------------
---------------------------------------------------------------------------------
Start Timing Optimization
---------------------------------------------------------------------------------
---------------------------------------------------------------------------------
Finished Timing Optimization : Time (s): cpu = 00:00:12 ; elapsed = 00:00:13 . Memory (MB): peak = 2576.922 ; gain = 338.445 ; free physical = 10605 ; free virtual = 22867
---------------------------------------------------------------------------------
---------------------------------------------------------------------------------
Start Technology Mapping
---------------------------------------------------------------------------------
---------------------------------------------------------------------------------
Finished Technology Mapping : Time (s): cpu = 00:00:12 ; elapsed = 00:00:13 . Memory (MB): peak = 2576.922 ; gain = 338.445 ; free physical = 10605 ; free virtual = 22867
---------------------------------------------------------------------------------
---------------------------------------------------------------------------------
Start IO Insertion
---------------------------------------------------------------------------------
---------------------------------------------------------------------------------
Start Flattening Before IO Insertion
---------------------------------------------------------------------------------
---------------------------------------------------------------------------------
Finished Flattening Before IO Insertion
---------------------------------------------------------------------------------
---------------------------------------------------------------------------------
Start Final Netlist Cleanup
---------------------------------------------------------------------------------
---------------------------------------------------------------------------------
Finished Final Netlist Cleanup
---------------------------------------------------------------------------------
---------------------------------------------------------------------------------
Finished IO Insertion : Time (s): cpu = 00:00:15 ; elapsed = 00:00:15 . Memory (MB): peak = 2576.922 ; gain = 338.445 ; free physical = 10503 ; free virtual = 22765
---------------------------------------------------------------------------------
---------------------------------------------------------------------------------
Start Renaming Generated Instances
---------------------------------------------------------------------------------
---------------------------------------------------------------------------------
Finished Renaming Generated Instances : Time (s): cpu = 00:00:15 ; elapsed = 00:00:15 . Memory (MB): peak = 2576.922 ; gain = 338.445 ; free physical = 10503 ; free virtual = 22765
---------------------------------------------------------------------------------
---------------------------------------------------------------------------------
Start Rebuilding User Hierarchy
---------------------------------------------------------------------------------
---------------------------------------------------------------------------------
Finished Rebuilding User Hierarchy : Time (s): cpu = 00:00:15 ; elapsed = 00:00:15 . Memory (MB): peak = 2576.922 ; gain = 338.445 ; free physical = 10503 ; free virtual = 22765
---------------------------------------------------------------------------------
---------------------------------------------------------------------------------
Start Renaming Generated Ports
---------------------------------------------------------------------------------
---------------------------------------------------------------------------------
Finished Renaming Generated Ports : Time (s): cpu = 00:00:15 ; elapsed = 00:00:15 . Memory (MB): peak = 2576.922 ; gain = 338.445 ; free physical = 10503 ; free virtual = 22765
---------------------------------------------------------------------------------
---------------------------------------------------------------------------------
Start Handling Custom Attributes
---------------------------------------------------------------------------------
---------------------------------------------------------------------------------
Finished Handling Custom Attributes : Time (s): cpu = 00:00:15 ; elapsed = 00:00:15 . Memory (MB): peak = 2576.922 ; gain = 338.445 ; free physical = 10503 ; free virtual = 22765
---------------------------------------------------------------------------------
---------------------------------------------------------------------------------
Start Renaming Generated Nets
---------------------------------------------------------------------------------
---------------------------------------------------------------------------------
Finished Renaming Generated Nets : Time (s): cpu = 00:00:15 ; elapsed = 00:00:15 . Memory (MB): peak = 2576.922 ; gain = 338.445 ; free physical = 10503 ; free virtual = 22765
---------------------------------------------------------------------------------
---------------------------------------------------------------------------------
Start Writing Synthesis Report
---------------------------------------------------------------------------------

Report BlackBoxes: 
+-+--------------+----------+
| |BlackBox name |Instances |
+-+--------------+----------+
+-+--------------+----------+

Report Cell Usage: 
+------+-----+------+
|      |Cell |Count |
+------+-----+------+
|1     |FDRE |     2|
+------+-----+------+
---------------------------------------------------------------------------------
Finished Writing Synthesis Report : Time (s): cpu = 00:00:15 ; elapsed = 00:00:15 . Memory (MB): peak = 2576.922 ; gain = 338.445 ; free physical = 10503 ; free virtual = 22765
---------------------------------------------------------------------------------
Synthesis finished with 0 errors, 0 critical warnings and 1 warnings.
Synthesis Optimization Runtime : Time (s): cpu = 00:00:14 ; elapsed = 00:00:14 . Memory (MB): peak = 2576.922 ; gain = 265.508 ; free physical = 10503 ; free virtual = 22765
Synthesis Optimization Complete : Time (s): cpu = 00:00:15 ; elapsed = 00:00:15 . Memory (MB): peak = 2576.930 ; gain = 338.445 ; free physical = 10503 ; free virtual = 22765
INFO: [Project 1-571] Translating synthesized netlist
Netlist sorting complete. Time (s): cpu = 00:00:00 ; elapsed = 00:00:00 . Memory (MB): peak = 2576.930 ; gain = 0.000 ; free physical = 10550 ; free virtual = 22812
INFO: [Project 1-570] Preparing netlist for logic optimization
INFO: [Opt 31-138] Pushed 0 inverter(s) to 0 load pin(s).
Netlist sorting complete. Time (s): cpu = 00:00:00 ; elapsed = 00:00:00 . Memory (MB): peak = 2576.930 ; gain = 0.000 ; free physical = 11280 ; free virtual = 23543
INFO: [Project 1-111] Unisim Transformation Summary:
No Unisim elements were transformed.

Synth Design complete | Checksum: dd3899c9
INFO: [Common 17-83] Releasing license: Synthesis
25 Infos, 1 Warnings, 0 Critical Warnings and 0 Errors encountered.
synth_design completed successfully
synth_design: Time (s): cpu = 00:00:21 ; elapsed = 00:00:19 . Memory (MB): peak = 2576.930 ; gain = 912.953 ; free physical = 11280 ; free virtual = 23543
INFO: [Common 17-2834] synth_design peak Physical Memory [PSS] (MB): overall = 1907.221; main = 1595.767; forked = 319.777
INFO: [Common 17-2834] synth_design peak Virtual Memory [VSS] (MB): overall = 3614.660; main = 2576.926; forked = 1037.734
INFO: [Common 17-1381] The checkpoint '/home/pcoli/Project_Folder/Xilinx_Vivado/MotorDriver/MotorDriver.runs/design_1_Sync_Signal_0_2_synth_1/design_1_Sync_Signal_0_2.dcp' has been generated.
INFO: [Vivado 12-24828] Executing command : report_utilization -file design_1_Sync_Signal_0_2_utilization_synth.rpt -pb design_1_Sync_Signal_0_2_utilization_synth.pb
INFO: [Common 17-206] Exiting Vivado at Sat May 10 19:01:46 2025...
