2025-05-25T21:29:37.185105300255-21:29:37 **** Build of project FullCar_AllFeatures_V0_1 ****
000-buildplatform.bat 50200 FullCar_AllFeatures_V0_1  
000-'\gnu\microblaze\lin\bin\' is not recognized as an internal or external command,
000-operable program or batch file.
000-'\gnu\microblaze\nt\bin\' is not recognized as an internal or external command,
000-operable program or batch file.
000-'\gnuwin\bin\' is not recognized as an internal or external command,
000-operable program or batch file.
000-XSDB Server Channel: tcfchan#77
000-Building the zynq_fsbl application.
000-make: Entering directory 'M:/projects/clones/SOC/Car_Project/vitis/FullCar_AllFeatures_V0_1/zynq_fsbl/zynq_fsbl_bsp'
000-
000-make --no-print-directory seq_libs
000-
000-"Running Make include in ps7_cortexa9_0/libsrc/coresightps_dcc_v1_10/src"
000-
000-make -C ps7_cortexa9_0/libsrc/coresightps_dcc_v1_10/src -s include  "SHELL=CMD" "COMPILER=arm-none-eabi-gcc" "ASSEMBLER=arm-non
000-e-eabi-as" "ARCHIVER=arm-none-eabi-ar" "COMPILER_FLAGS=  -O2 -c" "EXTRA_COMPILER_FLAGS=-mcpu=cortex-a9 -mfpu=vfpv3 -mfloat-abi=
000-hard -nostartfiles -g -Wall -Wextra -fno-tree-loop-distribute-patterns"
000-
000-"Running Make include in ps7_cortexa9_0/libsrc/cpu_cortexa9_v2_12/src"
000-
000-make -C ps7_cortexa9_0/libsrc/cpu_cortexa9_v2_12/src -s include  "SHELL=CMD" "COMPILER=arm-none-eabi-gcc" "ASSEMBLER=arm-none-e
000-abi-as" "ARCHIVER=arm-none-eabi-ar" "COMPILER_FLAGS=  -O2 -c" "EXTRA_COMPILER_FLAGS=-mcpu=cortex-a9 -mfpu=vfpv3 -mfloat-abi=har
000-d -nostartfiles -g -Wall -Wextra -fno-tree-loop-distribute-patterns"
000-
000-"Running Make include in ps7_cortexa9_0/libsrc/ddrps_v1_2/src"
000-
000-make -C ps7_cortexa9_0/libsrc/ddrps_v1_2/src -s include  "SHELL=CMD" "COMPILER=arm-none-eabi-gcc" "ASSEMBLER=arm-none-eabi-as" 
000-"ARCHIVER=arm-none-eabi-ar" "COMPILER_FLAGS=  -O2 -c" "EXTRA_COMPILER_FLAGS=-mcpu=cortex-a9 -mfpu=vfpv3 -mfloat-abi=hard -nosta
000-rtfiles -g -Wall -Wextra -fno-tree-loop-distribute-patterns"
000-
000-"Running Make include in ps7_cortexa9_0/libsrc/devcfg_v3_8/src"
000-
000-make -C ps7_cortexa9_0/libsrc/devcfg_v3_8/src -s include  "SHELL=CMD" "COMPILER=arm-none-eabi-gcc" "ASSEMBLER=arm-none-eabi-as"
000- "ARCHIVER=arm-none-eabi-ar" "COMPILER_FLAGS=  -O2 -c" "EXTRA_COMPILER_FLAGS=-mcpu=cortex-a9 -mfpu=vfpv3 -mfloat-abi=hard -nost
000-artfiles -g -Wall -Wextra -fno-tree-loop-distribute-patterns"
000-
000-"Running Make include in ps7_cortexa9_0/libsrc/dmaps_v2_10/src"
000-
000-make -C ps7_cortexa9_0/libsrc/dmaps_v2_10/src -s include  "SHELL=CMD" "COMPILER=arm-none-eabi-gcc" "ASSEMBLER=arm-none-eabi-as"
000- "ARCHIVER=arm-none-eabi-ar" "COMPILER_FLAGS=  -O2 -c" "EXTRA_COMPILER_FLAGS=-mcpu=cortex-a9 -mfpu=vfpv3 -mfloat-abi=hard -nost
000-artfiles -g -Wall -Wextra -fno-tree-loop-distribute-patterns"
000-
000-"Running Make include in ps7_cortexa9_0/libsrc/emacps_v3_20/src"
000-
000-make -C ps7_cortexa9_0/libsrc/emacps_v3_20/src -s include  "SHELL=CMD" "COMPILER=arm-none-eabi-gcc" "ASSEMBLER=arm-none-eabi-as
000-" "ARCHIVER=arm-none-eabi-ar" "COMPILER_FLAGS=  -O2 -c" "EXTRA_COMPILER_FLAGS=-mcpu=cortex-a9 -mfpu=vfpv3 -mfloat-abi=hard -nos
000-tartfiles -g -Wall -Wextra -fno-tree-loop-distribute-patterns"
000-
000-"Running Make include in ps7_cortexa9_0/libsrc/gpiops_v3_13/src"
000-
000-make -C ps7_cortexa9_0/libsrc/gpiops_v3_13/src -s include  "SHELL=CMD" "COMPILER=arm-none-eabi-gcc" "ASSEMBLER=arm-none-eabi-as
000-" "ARCHIVER=arm-none-eabi-ar" "COMPILER_FLAGS=  -O2 -c" "EXTRA_COMPILER_FLAGS=-mcpu=cortex-a9 -mfpu=vfpv3 -mfloat-abi=hard -nos
000-tartfiles -g -Wall -Wextra -fno-tree-loop-distribute-patterns"
000-
000-"Running Make include in ps7_cortexa9_0/libsrc/gpio_v4_11/src"
000-
000-make -C ps7_cortexa9_0/libsrc/gpio_v4_11/src -s include  "SHELL=CMD" "COMPILER=arm-none-eabi-gcc" "ASSEMBLER=arm-none-eabi-as" 
000-"ARCHIVER=arm-none-eabi-ar" "COMPILER_FLAGS=  -O2 -c" "EXTRA_COMPILER_FLAGS=-mcpu=cortex-a9 -mfpu=vfpv3 -mfloat-abi=hard -nosta
000-rtfiles -g -Wall -Wextra -fno-tree-loop-distribute-patterns"
000-
000-"Running Make include in ps7_cortexa9_0/libsrc/iic_v3_11/src"
000-
000-make -C ps7_cortexa9_0/libsrc/iic_v3_11/src -s include  "SHELL=CMD" "COMPILER=arm-none-eabi-gcc" "ASSEMBLER=arm-none-eabi-as" "
000-ARCHIVER=arm-none-eabi-ar" "COMPILER_FLAGS=  -O2 -c" "EXTRA_COMPILER_FLAGS=-mcpu=cortex-a9 -mfpu=vfpv3 -mfloat-abi=hard -nostar
000-tfiles -g -Wall -Wextra -fno-tree-loop-distribute-patterns"
000-
000-"Running Make include in ps7_cortexa9_0/libsrc/Motor_DriverIP_v1_0/src"
000-
000-make -C ps7_cortexa9_0/libsrc/Motor_DriverIP_v1_0/src -s include  "SHELL=CMD" "COMPILER=arm-none-eabi-gcc" "ASSEMBLER=arm-none-
000-eabi-as" "ARCHIVER=arm-none-eabi-ar" "COMPILER_FLAGS=  -O2 -c" "EXTRA_COMPILER_FLAGS=-mcpu=cortex-a9 -mfpu=vfpv3 -mfloat-abi=ha
000-rd -nostartfiles -g -Wall -Wextra -fno-tree-loop-distribute-patterns"
000-
000-"Running Make include in ps7_cortexa9_0/libsrc/qspips_v3_12/src"
000-
000-make -C ps7_cortexa9_0/libsrc/qspips_v3_12/src -s include  "SHELL=CMD" "COMPILER=arm-none-eabi-gcc" "ASSEMBLER=arm-none-eabi-as
000-" "ARCHIVER=arm-none-eabi-ar" "COMPILER_FLAGS=  -O2 -c" "EXTRA_COMPILER_FLAGS=-mcpu=cortex-a9 -mfpu=vfpv3 -mfloat-abi=hard -nos
000-tartfiles -g -Wall -Wextra -fno-tree-loop-distribute-patterns"
000-
000-"Running Make include in ps7_cortexa9_0/libsrc/scugic_v5_3/src"
000-
000-make -C ps7_cortexa9_0/libsrc/scugic_v5_3/src -s include  "SHELL=CMD" "COMPILER=arm-none-eabi-gcc" "ASSEMBLER=arm-none-eabi-as"
000- "ARCHIVER=arm-none-eabi-ar" "COMPILER_FLAGS=  -O2 -c" "EXTRA_COMPILER_FLAGS=-mcpu=cortex-a9 -mfpu=vfpv3 -mfloat-abi=hard -nost
000-artfiles -g -Wall -Wextra -fno-tree-loop-distribute-patterns"
000-
000-"Running Make include in ps7_cortexa9_0/libsrc/scutimer_v2_6/src"
000-
000-make -C ps7_cortexa9_0/libsrc/scutimer_v2_6/src -s include  "SHELL=CMD" "COMPILER=arm-none-eabi-gcc" "ASSEMBLER=arm-none-eabi-a
000-s" "ARCHIVER=arm-none-eabi-ar" "COMPILER_FLAGS=  -O2 -c" "EXTRA_COMPILER_FLAGS=-mcpu=cortex-a9 -mfpu=vfpv3 -mfloat-abi=hard -no
000-startfiles -g -Wall -Wextra -fno-tree-loop-distribute-patterns"
000-
000-"Running Make include in ps7_cortexa9_0/libsrc/scuwdt_v2_5/src"
000-
000-make -C ps7_cortexa9_0/libsrc/scuwdt_v2_5/src -s include  "SHELL=CMD" "COMPILER=arm-none-eabi-gcc" "ASSEMBLER=arm-none-eabi-as"
000- "ARCHIVER=arm-none-eabi-ar" "COMPILER_FLAGS=  -O2 -c" "EXTRA_COMPILER_FLAGS=-mcpu=cortex-a9 -mfpu=vfpv3 -mfloat-abi=hard -nost
000-artfiles -g -Wall -Wextra -fno-tree-loop-distribute-patterns"
000-
000-"Running Make include in ps7_cortexa9_0/libsrc/sdps_v4_3/src"
000-
000-make -C ps7_cortexa9_0/libsrc/sdps_v4_3/src -s include  "SHELL=CMD" "COMPILER=arm-none-eabi-gcc" "ASSEMBLER=arm-none-eabi-as" "
000-ARCHIVER=arm-none-eabi-ar" "COMPILER_FLAGS=  -O2 -c" "EXTRA_COMPILER_FLAGS=-mcpu=cortex-a9 -mfpu=vfpv3 -mfloat-abi=hard -nostar
000-tfiles -g -Wall -Wextra -fno-tree-loop-distribute-patterns"
000-
000-"Running Make include in ps7_cortexa9_0/libsrc/SpeedSensor_Driver_IP_v1_0/src"
000-
000-make -C ps7_cortexa9_0/libsrc/SpeedSensor_Driver_IP_v1_0/src -s include  "SHELL=CMD" "COMPILER=arm-none-eabi-gcc" "ASSEMBLER=ar
000-m-none-eabi-as" "ARCHIVER=arm-none-eabi-ar" "COMPILER_FLAGS=  -O2 -c" "EXTRA_COMPILER_FLAGS=-mcpu=cortex-a9 -mfpu=vfpv3 -mfloat
000--abi=hard -nostartfiles -g -Wall -Wextra -fno-tree-loop-distribute-patterns"
000-
000-"Running Make include in ps7_cortexa9_0/libsrc/standalone_v9_1/src"
000-
000-make -C ps7_cortexa9_0/libsrc/standalone_v9_1/src -s include  "SHELL=CMD" "COMPILER=arm-none-eabi-gcc" "ASSEMBLER=arm-none-eabi
000--as" "ARCHIVER=arm-none-eabi-ar" "COMPILER_FLAGS=  -O2 -c" "EXTRA_COMPILER_FLAGS=-mcpu=cortex-a9 -mfpu=vfpv3 -mfloat-abi=hard -
000-nostartfiles -g -Wall -Wextra -fno-tree-loop-distribute-patterns"
000-
000-"Running Make include in ps7_cortexa9_0/libsrc/tmrctr_v4_12/src"
000-
000-make -C ps7_cortexa9_0/libsrc/tmrctr_v4_12/src -s include  "SHELL=CMD" "COMPILER=arm-none-eabi-gcc" "ASSEMBLER=arm-none-eabi-as
000-" "ARCHIVER=arm-none-eabi-ar" "COMPILER_FLAGS=  -O2 -c" "EXTRA_COMPILER_FLAGS=-mcpu=cortex-a9 -mfpu=vfpv3 -mfloat-abi=hard -nos
000-tartfiles -g -Wall -Wextra -fno-tree-loop-distribute-patterns"
000-
000-"Running Make include in ps7_cortexa9_0/libsrc/uartps_v3_14/src"
000-
000-make -C ps7_cortexa9_0/libsrc/uartps_v3_14/src -s include  "SHELL=CMD" "COMPILER=arm-none-eabi-gcc" "ASSEMBLER=arm-none-eabi-as
000-" "ARCHIVER=arm-none-eabi-ar" "COMPILER_FLAGS=  -O2 -c" "EXTRA_COMPILER_FLAGS=-mcpu=cortex-a9 -mfpu=vfpv3 -mfloat-abi=hard -nos
000-tartfiles -g -Wall -Wextra -fno-tree-loop-distribute-patterns"
000-
000-"Running Make include in ps7_cortexa9_0/libsrc/ultrasoneIP_v1_0/src"
000-
000-make -C ps7_cortexa9_0/libsrc/ultrasoneIP_v1_0/src -s include  "SHELL=CMD" "COMPILER=arm-none-eabi-gcc" "ASSEMBLER=arm-none-eab
000-i-as" "ARCHIVER=arm-none-eabi-ar" "COMPILER_FLAGS=  -O2 -c" "EXTRA_COMPILER_FLAGS=-mcpu=cortex-a9 -mfpu=vfpv3 -mfloat-abi=hard 
000--nostartfiles -g -Wall -Wextra -fno-tree-loop-distribute-patterns"
000-
000-"Running Make include in ps7_cortexa9_0/libsrc/usbps_v2_9/src"
000-
000-make -C ps7_cortexa9_0/libsrc/usbps_v2_9/src -s include  "SHELL=CMD" "COMPILER=arm-none-eabi-gcc" "ASSEMBLER=arm-none-eabi-as" 
000-"ARCHIVER=arm-none-eabi-ar" "COMPILER_FLAGS=  -O2 -c" "EXTRA_COMPILER_FLAGS=-mcpu=cortex-a9 -mfpu=vfpv3 -mfloat-abi=hard -nosta
000-rtfiles -g -Wall -Wextra -fno-tree-loop-distribute-patterns"
000-
000-"Running Make include in ps7_cortexa9_0/libsrc/xadcps_v2_7/src"
000-
000-make -C ps7_cortexa9_0/libsrc/xadcps_v2_7/src -s include  "SHELL=CMD" "COMPILER=arm-none-eabi-gcc" "ASSEMBLER=arm-none-eabi-as"
000- "ARCHIVER=arm-none-eabi-ar" "COMPILER_FLAGS=  -O2 -c" "EXTRA_COMPILER_FLAGS=-mcpu=cortex-a9 -mfpu=vfpv3 -mfloat-abi=hard -nost
000-artfiles -g -Wall -Wextra -fno-tree-loop-distribute-patterns"
000-
000-"Running Make include in ps7_cortexa9_0/libsrc/xilffs_v5_2/src"
000-
000-make -C ps7_cortexa9_0/libsrc/xilffs_v5_2/src -s include  "SHELL=CMD" "COMPILER=arm-none-eabi-gcc" "ASSEMBLER=arm-none-eabi-as"
000- "ARCHIVER=arm-none-eabi-ar" "COMPILER_FLAGS=  -O2 -c" "EXTRA_COMPILER_FLAGS=-mcpu=cortex-a9 -mfpu=vfpv3 -mfloat-abi=hard -nost
000-artfiles -g -Wall -Wextra -fno-tree-loop-distribute-patterns"
000-
000-"Running Make include in ps7_cortexa9_0/libsrc/xilrsa_v1_8/src"
000-
000-make -C ps7_cortexa9_0/libsrc/xilrsa_v1_8/src -s include  "SHELL=CMD" "COMPILER=arm-none-eabi-gcc" "ASSEMBLER=arm-none-eabi-as"
000- "ARCHIVER=arm-none-eabi-ar" "COMPILER_FLAGS=  -O2 -c" "EXTRA_COMPILER_FLAGS=-mcpu=cortex-a9 -mfpu=vfpv3 -mfloat-abi=hard -nost
000-artfiles -g -Wall -Wextra -fno-tree-loop-distribute-patterns"
000-
000-"Running Make libs in ps7_cortexa9_0/libsrc/Motor_DriverIP_v1_0/src"
000-
000-make -C ps7_cortexa9_0/libsrc/Motor_DriverIP_v1_0/src -s libs  "SHELL=CMD" "COMPILER=arm-none-eabi-gcc" "ASSEMBLER=arm-none-eab
000-i-as" "ARCHIVER=arm-none-eabi-ar" "COMPILER_FLAGS=  -O2 -c" "EXTRA_COMPILER_FLAGS=-mcpu=cortex-a9 -mfpu=vfpv3 -mfloat-abi=hard 
000--nostartfiles -g -Wall -Wextra -fno-tree-loop-distribute-patterns"
000-
000-Motor_DriverIP_selftest.c: In function 'MOTOR_DRIVERIP_Reg_SelfTest':
000/FullCar_AllFeatures_V0_152-1-1comparison of integer expressions of different signedness: 'u32' {aka 'long unsigned int'} and 'int' [-Wsign-compare]1-Motor_DriverIP_selftest.c:52:70: warning: comparison of integer expressions of different signedness: 'u32' {aka 'long unsigned int'} and 'int' [-Wsign-compare]
000-   52 |           if ( MOTOR_DRIVERIP_mReadReg (baseaddr, read_loop_index*4) != (read_loop_index+1)*READ_WRITE_MUL_FACTOR){
000-      |                                                                      ^~
000/FullCar_AllFeatures_V0_136-1-1unused variable 'Index' [-Wunused-variable]1-Motor_DriverIP_selftest.c:36:13: warning: unused variable 'Index' [-Wunused-variable]
000-   36 |         int Index;
000-      |             ^~~~~
000-"Running Make libs in ps7_cortexa9_0/libsrc/SpeedSensor_Driver_IP_v1_0/src"
000-
000-make -C ps7_cortexa9_0/libsrc/SpeedSensor_Driver_IP_v1_0/src -s libs  "SHELL=CMD" "COMPILER=arm-none-eabi-gcc" "ASSEMBLER=arm-n
000-one-eabi-as" "ARCHIVER=arm-none-eabi-ar" "COMPILER_FLAGS=  -O2 -c" "EXTRA_COMPILER_FLAGS=-mcpu=cortex-a9 -mfpu=vfpv3 -mfloat-ab
000-i=hard -nostartfiles -g -Wall -Wextra -fno-tree-loop-distribute-patterns"
000-
000-SpeedSensor_Driver_IP_selftest.c: In function 'SPEEDSENSOR_DRIVER_IP_Reg_SelfTest':
000/FullCar_AllFeatures_V0_152-1-1comparison of integer expressions of different signedness: 'u32' {aka 'long unsigned int'} and 'int' [-Wsign-compare]1-SpeedSensor_Driver_IP_selftest.c:52:77: warning: comparison of integer expressions of different signedness: 'u32' {aka 'long unsigned int'} and 'int' [-Wsign-compare]
000-   52 |           if ( SPEEDSENSOR_DRIVER_IP_mReadReg (baseaddr, read_loop_index*4) != (read_loop_index+1)*READ_WRITE_MUL_FACTOR){
000-      |                                                                             ^~
000/FullCar_AllFeatures_V0_136-1-1unused variable 'Index' [-Wunused-variable]1-SpeedSensor_Driver_IP_selftest.c:36:13: warning: unused variable 'Index' [-Wunused-variable]
000-   36 |         int Index;
000-      |             ^~~~~
000-"Running Make libs in ps7_cortexa9_0/libsrc/ultrasoneIP_v1_0/src"
000-
000-make -C ps7_cortexa9_0/libsrc/ultrasoneIP_v1_0/src -s libs  "SHELL=CMD" "COMPILER=arm-none-eabi-gcc" "ASSEMBLER=arm-none-eabi-a
000-s" "ARCHIVER=arm-none-eabi-ar" "COMPILER_FLAGS=  -O2 -c" "EXTRA_COMPILER_FLAGS=-mcpu=cortex-a9 -mfpu=vfpv3 -mfloat-abi=hard -no
000-startfiles -g -Wall -Wextra -fno-tree-loop-distribute-patterns"
000-
000-ultrasoneIP_selftest.c: In function 'ULTRASONEIP_Reg_SelfTest':
000/FullCar_AllFeatures_V0_152-1-1comparison of integer expressions of different signedness: 'u32' {aka 'long unsigned int'} and 'int' [-Wsign-compare]1-ultrasoneIP_selftest.c:52:67: warning: comparison of integer expressions of different signedness: 'u32' {aka 'long unsigned int'} and 'int' [-Wsign-compare]
000-   52 |           if ( ULTRASONEIP_mReadReg (baseaddr, read_loop_index*4) != (read_loop_index+1)*READ_WRITE_MUL_FACTOR){
000-      |                                                                   ^~
000/FullCar_AllFeatures_V0_136-1-1unused variable 'Index' [-Wunused-variable]1-ultrasoneIP_selftest.c:36:13: warning: unused variable 'Index' [-Wunused-variable]
000-   36 |         int Index;
000-      |             ^~~~~
000-"Running Make libs in ps7_cortexa9_0/libsrc/xilrsa_v1_8/src"
000-
000-make -C ps7_cortexa9_0/libsrc/xilrsa_v1_8/src -s libs  "SHELL=CMD" "COMPILER=arm-none-eabi-gcc" "ASSEMBLER=arm-none-eabi-as" "A
000-RCHIVER=arm-none-eabi-ar" "COMPILER_FLAGS=  -O2 -c" "EXTRA_COMPILER_FLAGS=-mcpu=cortex-a9 -mfpu=vfpv3 -mfloat-abi=hard -nostart
000-files -g -Wall -Wextra -fno-tree-loop-distribute-patterns"
000-
000-'Finished building libraries sequentially.'
000-
000-make -j 10 --no-print-directory par_libs
000-
000-"Running Make include in ps7_cortexa9_0/libsrc/coresightps_dcc_v1_10/src"
000-
000-make -C ps7_cortexa9_0/libsrc/coresightps_dcc_v1_10/src -s include  "SHELL=CMD" "COMPILER=arm-none-eabi-gcc" "ASSEMBLER=arm-non
000-e-eabi-as" "ARCHIVER=arm-none-eabi-ar" "COMPILER_FLAGS=  -O2 -c" "EXTRA_COMPILER_FLAGS=-mcpu=cortex-a9 -mfpu=vfpv3 -mfloat-abi=
000-hard -nostartfiles -g -Wall -Wextra -fno-tree-loop-distribute-patterns"
000-
000-"Running Make include in ps7_cortexa9_0/libsrc/cpu_cortexa9_v2_12/src"
000-
000-make -C ps7_cortexa9_0/libsrc/cpu_cortexa9_v2_12/src -s include  "SHELL=CMD" "COMPILER=arm-none-eabi-gcc" "ASSEMBLER=arm-none-e
000-abi-as" "ARCHIVER=arm-none-eabi-ar" "COMPILER_FLAGS=  -O2 -c" "EXTRA_COMPILER_FLAGS=-mcpu=cortex-a9 -mfpu=vfpv3 -mfloat-abi=har
000-d -nostartfiles -g -Wall -Wextra -fno-tree-loop-distribute-patterns"
000-
000-"Running Make include in ps7_cortexa9_0/libsrc/ddrps_v1_2/src"
000-
000-make -C ps7_cortexa9_0/libsrc/ddrps_v1_2/src -s include  "SHELL=CMD" "COMPILER=arm-none-eabi-gcc" "ASSEMBLER=arm-none-eabi-as" 
000-"ARCHIVER=arm-none-eabi-ar" "COMPILER_FLAGS=  -O2 -c" "EXTRA_COMPILER_FLAGS=-mcpu=cortex-a9 -mfpu=vfpv3 -mfloat-abi=hard -nosta
000-rtfiles -g -Wall -Wextra -fno-tree-loop-distribute-patterns"
000-
000-"Running Make include in ps7_cortexa9_0/libsrc/devcfg_v3_8/src"
000-
000-make -C ps7_cortexa9_0/libsrc/devcfg_v3_8/src -s include  "SHELL=CMD" "COMPILER=arm-none-eabi-gcc" "ASSEMBLER=arm-none-eabi-as"
000- "ARCHIVER=arm-none-eabi-ar" "COMPILER_FLAGS=  -O2 -c" "EXTRA_COMPILER_FLAGS=-mcpu=cortex-a9 -mfpu=vfpv3 -mfloat-abi=hard -nost
000-artfiles -g -Wall -Wextra -fno-tree-loop-distribute-patterns"
000-
000-"Running Make include in ps7_cortexa9_0/libsrc/dmaps_v2_10/src"
000-
000-make -C ps7_cortexa9_0/libsrc/dmaps_v2_10/src -s include  "SHELL=CMD" "COMPILER=arm-none-eabi-gcc" "ASSEMBLER=arm-none-eabi-as"
000- "ARCHIVER=arm-none-eabi-ar" "COMPILER_FLAGS=  -O2 -c" "EXTRA_COMPILER_FLAGS=-mcpu=cortex-a9 -mfpu=vfpv3 -mfloat-abi=hard -nost
000-artfiles -g -Wall -Wextra -fno-tree-loop-distribute-patterns"
000-
000-"Running Make include in ps7_cortexa9_0/libsrc/emacps_v3_20/src"
000-
000-make -C ps7_cortexa9_0/libsrc/emacps_v3_20/src -s include  "SHELL=CMD" "COMPILER=arm-none-eabi-gcc" "ASSEMBLER=arm-none-eabi-as
000-" "ARCHIVER=arm-none-eabi-ar" "COMPILER_FLAGS=  -O2 -c" "EXTRA_COMPILER_FLAGS=-mcpu=cortex-a9 -mfpu=vfpv3 -mfloat-abi=hard -nos
000-tartfiles -g -Wall -Wextra -fno-tree-loop-distribute-patterns"
000-
000-"Running Make include in ps7_cortexa9_0/libsrc/gpiops_v3_13/src"
000-
000-make -C ps7_cortexa9_0/libsrc/gpiops_v3_13/src -s include  "SHELL=CMD" "COMPILER=arm-none-eabi-gcc" "ASSEMBLER=arm-none-eabi-as
000-" "ARCHIVER=arm-none-eabi-ar" "COMPILER_FLAGS=  -O2 -c" "EXTRA_COMPILER_FLAGS=-mcpu=cortex-a9 -mfpu=vfpv3 -mfloat-abi=hard -nos
000-tartfiles -g -Wall -Wextra -fno-tree-loop-distribute-patterns"
000-
000-"Running Make include in ps7_cortexa9_0/libsrc/gpio_v4_11/src"
000-
000-make -C ps7_cortexa9_0/libsrc/gpio_v4_11/src -s include  "SHELL=CMD" "COMPILER=arm-none-eabi-gcc" "ASSEMBLER=arm-none-eabi-as" 
000-"ARCHIVER=arm-none-eabi-ar" "COMPILER_FLAGS=  -O2 -c" "EXTRA_COMPILER_FLAGS=-mcpu=cortex-a9 -mfpu=vfpv3 -mfloat-abi=hard -nosta
000-rtfiles -g -Wall -Wextra -fno-tree-loop-distribute-patterns"
000-
000-"Running Make include in ps7_cortexa9_0/libsrc/iic_v3_11/src"
000-
000-make -C ps7_cortexa9_0/libsrc/iic_v3_11/src -s include  "SHELL=CMD" "COMPILER=arm-none-eabi-gcc" "ASSEMBLER=arm-none-eabi-as" "
000-ARCHIVER=arm-none-eabi-ar" "COMPILER_FLAGS=  -O2 -c" "EXTRA_COMPILER_FLAGS=-mcpu=cortex-a9 -mfpu=vfpv3 -mfloat-abi=hard -nostar
000-tfiles -g -Wall -Wextra -fno-tree-loop-distribute-patterns"
000-
000-"Running Make include in ps7_cortexa9_0/libsrc/Motor_DriverIP_v1_0/src"
000-
000-make -C ps7_cortexa9_0/libsrc/Motor_DriverIP_v1_0/src -s include  "SHELL=CMD" "COMPILER=arm-none-eabi-gcc" "ASSEMBLER=arm-none-
000-eabi-as" "ARCHIVER=arm-none-eabi-ar" "COMPILER_FLAGS=  -O2 -c" "EXTRA_COMPILER_FLAGS=-mcpu=cortex-a9 -mfpu=vfpv3 -mfloat-abi=ha
000-rd -nostartfiles -g -Wall -Wextra -fno-tree-loop-distribute-patterns"
000-
000-"Running Make include in ps7_cortexa9_0/libsrc/qspips_v3_12/src"
000-
000-make -C ps7_cortexa9_0/libsrc/qspips_v3_12/src -s include  "SHELL=CMD" "COMPILER=arm-none-eabi-gcc" "ASSEMBLER=arm-none-eabi-as
000-" "ARCHIVER=arm-none-eabi-ar" "COMPILER_FLAGS=  -O2 -c" "EXTRA_COMPILER_FLAGS=-mcpu=cortex-a9 -mfpu=vfpv3 -mfloat-abi=hard -nos
000-tartfiles -g -Wall -Wextra -fno-tree-loop-distribute-patterns"
000-
000-"Running Make include in ps7_cortexa9_0/libsrc/scugic_v5_3/src"
000-
000-make -C ps7_cortexa9_0/libsrc/scugic_v5_3/src -s include  "SHELL=CMD" "COMPILER=arm-none-eabi-gcc" "ASSEMBLER=arm-none-eabi-as"
000- "ARCHIVER=arm-none-eabi-ar" "COMPILER_FLAGS=  -O2 -c" "EXTRA_COMPILER_FLAGS=-mcpu=cortex-a9 -mfpu=vfpv3 -mfloat-abi=hard -nost
000-artfiles -g -Wall -Wextra -fno-tree-loop-distribute-patterns"
000-
000-"Running Make include in ps7_cortexa9_0/libsrc/scutimer_v2_6/src"
000-
000-make -C ps7_cortexa9_0/libsrc/scutimer_v2_6/src -s include  "SHELL=CMD" "COMPILER=arm-none-eabi-gcc" "ASSEMBLER=arm-none-eabi-a
000-s" "ARCHIVER=arm-none-eabi-ar" "COMPILER_FLAGS=  -O2 -c" "EXTRA_COMPILER_FLAGS=-mcpu=cortex-a9 -mfpu=vfpv3 -mfloat-abi=hard -no
000-startfiles -g -Wall -Wextra -fno-tree-loop-distribute-patterns"
000-
000-"Running Make include in ps7_cortexa9_0/libsrc/scuwdt_v2_5/src"
000-
000-make -C ps7_cortexa9_0/libsrc/scuwdt_v2_5/src -s include  "SHELL=CMD" "COMPILER=arm-none-eabi-gcc" "ASSEMBLER=arm-none-eabi-as"
000- "ARCHIVER=arm-none-eabi-ar" "COMPILER_FLAGS=  -O2 -c" "EXTRA_COMPILER_FLAGS=-mcpu=cortex-a9 -mfpu=vfpv3 -mfloat-abi=hard -nost
000-artfiles -g -Wall -Wextra -fno-tree-loop-distribute-patterns"
000-
000-"Running Make include in ps7_cortexa9_0/libsrc/sdps_v4_3/src"
000-
000-make -C ps7_cortexa9_0/libsrc/sdps_v4_3/src -s include  "SHELL=CMD" "COMPILER=arm-none-eabi-gcc" "ASSEMBLER=arm-none-eabi-as" "
000-ARCHIVER=arm-none-eabi-ar" "COMPILER_FLAGS=  -O2 -c" "EXTRA_COMPILER_FLAGS=-mcpu=cortex-a9 -mfpu=vfpv3 -mfloat-abi=hard -nostar
000-tfiles -g -Wall -Wextra -fno-tree-loop-distribute-patterns"
000-
000-"Running Make include in ps7_cortexa9_0/libsrc/SpeedSensor_Driver_IP_v1_0/src"
000-
000-make -C ps7_cortexa9_0/libsrc/SpeedSensor_Driver_IP_v1_0/src -s include  "SHELL=CMD" "COMPILER=arm-none-eabi-gcc" "ASSEMBLER=ar
000-m-none-eabi-as" "ARCHIVER=arm-none-eabi-ar" "COMPILER_FLAGS=  -O2 -c" "EXTRA_COMPILER_FLAGS=-mcpu=cortex-a9 -mfpu=vfpv3 -mfloat
000--abi=hard -nostartfiles -g -Wall -Wextra -fno-tree-loop-distribute-patterns"
000-
000-"Running Make include in ps7_cortexa9_0/libsrc/standalone_v9_1/src"
000-
000-make -C ps7_cortexa9_0/libsrc/standalone_v9_1/src -s include  "SHELL=CMD" "COMPILER=arm-none-eabi-gcc" "ASSEMBLER=arm-none-eabi
000--as" "ARCHIVER=arm-none-eabi-ar" "COMPILER_FLAGS=  -O2 -c" "EXTRA_COMPILER_FLAGS=-mcpu=cortex-a9 -mfpu=vfpv3 -mfloat-abi=hard -
000-nostartfiles -g -Wall -Wextra -fno-tree-loop-distribute-patterns"
000-
000-"Running Make include in ps7_cortexa9_0/libsrc/tmrctr_v4_12/src"
000-
000-make -C ps7_cortexa9_0/libsrc/tmrctr_v4_12/src -s include  "SHELL=CMD" "COMPILER=arm-none-eabi-gcc" "ASSEMBLER=arm-none-eabi-as
000-" "ARCHIVER=arm-none-eabi-ar" "COMPILER_FLAGS=  -O2 -c" "EXTRA_COMPILER_FLAGS=-mcpu=cortex-a9 -mfpu=vfpv3 -mfloat-abi=hard -nos
000-tartfiles -g -Wall -Wextra -fno-tree-loop-distribute-patterns"
000-
000-"Running Make include in ps7_cortexa9_0/libsrc/uartps_v3_14/src"
000-
000-make -C ps7_cortexa9_0/libsrc/uartps_v3_14/src -s include  "SHELL=CMD" "COMPILER=arm-none-eabi-gcc" "ASSEMBLER=arm-none-eabi-as
000-" "ARCHIVER=arm-none-eabi-ar" "COMPILER_FLAGS=  -O2 -c" "EXTRA_COMPILER_FLAGS=-mcpu=cortex-a9 -mfpu=vfpv3 -mfloat-abi=hard -nos
000-tartfiles -g -Wall -Wextra -fno-tree-loop-distribute-patterns"
000-
000-"Running Make include in ps7_cortexa9_0/libsrc/ultrasoneIP_v1_0/src"
000-
000-make -C ps7_cortexa9_0/libsrc/ultrasoneIP_v1_0/src -s include  "SHELL=CMD" "COMPILER=arm-none-eabi-gcc" "ASSEMBLER=arm-none-eab
000-i-as" "ARCHIVER=arm-none-eabi-ar" "COMPILER_FLAGS=  -O2 -c" "EXTRA_COMPILER_FLAGS=-mcpu=cortex-a9 -mfpu=vfpv3 -mfloat-abi=hard 
000--nostartfiles -g -Wall -Wextra -fno-tree-loop-distribute-patterns"
000-
000-"Running Make include in ps7_cortexa9_0/libsrc/usbps_v2_9/src"
000-
000-make -C ps7_cortexa9_0/libsrc/usbps_v2_9/src -s include  "SHELL=CMD" "COMPILER=arm-none-eabi-gcc" "ASSEMBLER=arm-none-eabi-as" 
000-"ARCHIVER=arm-none-eabi-ar" "COMPILER_FLAGS=  -O2 -c" "EXTRA_COMPILER_FLAGS=-mcpu=cortex-a9 -mfpu=vfpv3 -mfloat-abi=hard -nosta
000-rtfiles -g -Wall -Wextra -fno-tree-loop-distribute-patterns"
000-
000-"Running Make include in ps7_cortexa9_0/libsrc/xadcps_v2_7/src"
000-
000-make -C ps7_cortexa9_0/libsrc/xadcps_v2_7/src -s include  "SHELL=CMD" "COMPILER=arm-none-eabi-gcc" "ASSEMBLER=arm-none-eabi-as"
000- "ARCHIVER=arm-none-eabi-ar" "COMPILER_FLAGS=  -O2 -c" "EXTRA_COMPILER_FLAGS=-mcpu=cortex-a9 -mfpu=vfpv3 -mfloat-abi=hard -nost
000-artfiles -g -Wall -Wextra -fno-tree-loop-distribute-patterns"
000-
000-"Running Make include in ps7_cortexa9_0/libsrc/xilffs_v5_2/src"
000-
000-make -C ps7_cortexa9_0/libsrc/xilffs_v5_2/src -s include  "SHELL=CMD" "COMPILER=arm-none-eabi-gcc" "ASSEMBLER=arm-none-eabi-as"
000- "ARCHIVER=arm-none-eabi-ar" "COMPILER_FLAGS=  -O2 -c" "EXTRA_COMPILER_FLAGS=-mcpu=cortex-a9 -mfpu=vfpv3 -mfloat-abi=hard -nost
000-artfiles -g -Wall -Wextra -fno-tree-loop-distribute-patterns"
000-
000-"Running Make include in ps7_cortexa9_0/libsrc/xilrsa_v1_8/src"
000-
000-make -C ps7_cortexa9_0/libsrc/xilrsa_v1_8/src -s include  "SHELL=CMD" "COMPILER=arm-none-eabi-gcc" "ASSEMBLER=arm-none-eabi-as"
000- "ARCHIVER=arm-none-eabi-ar" "COMPILER_FLAGS=  -O2 -c" "EXTRA_COMPILER_FLAGS=-mcpu=cortex-a9 -mfpu=vfpv3 -mfloat-abi=hard -nost
000-artfiles -g -Wall -Wextra -fno-tree-loop-distribute-patterns"
000-
000-"Running Make libs in ps7_cortexa9_0/libsrc/coresightps_dcc_v1_10/src"
000-
000-make -C ps7_cortexa9_0/libsrc/coresightps_dcc_v1_10/src -s libs  "SHELL=CMD" "COMPILER=arm-none-eabi-gcc" "ASSEMBLER=arm-none-e
000-abi-as" "ARCHIVER=arm-none-eabi-ar" "COMPILER_FLAGS=  -O2 -c" "EXTRA_COMPILER_FLAGS=-mcpu=cortex-a9 -mfpu=vfpv3 -mfloat-abi=har
000-d -nostartfiles -g -Wall -Wextra -fno-tree-loop-distribute-patterns"
000-
000-"Running Make libs in ps7_cortexa9_0/libsrc/cpu_cortexa9_v2_12/src"
000-
000-make -C ps7_cortexa9_0/libsrc/cpu_cortexa9_v2_12/src -s libs  "SHELL=CMD" "COMPILER=arm-none-eabi-gcc" "ASSEMBLER=arm-none-eabi
000--as" "ARCHIVER=arm-none-eabi-ar" "COMPILER_FLAGS=  -O2 -c" "EXTRA_COMPILER_FLAGS=-mcpu=cortex-a9 -mfpu=vfpv3 -mfloat-abi=hard -
000-nostartfiles -g -Wall -Wextra -fno-tree-loop-distribute-patterns"
000-
000-"Running Make libs in ps7_cortexa9_0/libsrc/ddrps_v1_2/src"
000-
000-make -C ps7_cortexa9_0/libsrc/ddrps_v1_2/src -s libs  "SHELL=CMD" "COMPILER=arm-none-eabi-gcc" "ASSEMBLER=arm-none-eabi-as" "AR
000-CHIVER=arm-none-eabi-ar" "COMPILER_FLAGS=  -O2 -c" "EXTRA_COMPILER_FLAGS=-mcpu=cortex-a9 -mfpu=vfpv3 -mfloat-abi=hard -nostartf
000-iles -g -Wall -Wextra -fno-tree-loop-distribute-patterns"
000-
000-"Running Make libs in ps7_cortexa9_0/libsrc/devcfg_v3_8/src"
000-
000-make -C ps7_cortexa9_0/libsrc/devcfg_v3_8/src -s libs  "SHELL=CMD" "COMPILER=arm-none-eabi-gcc" "ASSEMBLER=arm-none-eabi-as" "A
000-RCHIVER=arm-none-eabi-ar" "COMPILER_FLAGS=  -O2 -c" "EXTRA_COMPILER_FLAGS=-mcpu=cortex-a9 -mfpu=vfpv3 -mfloat-abi=hard -nostart
000-files -g -Wall -Wextra -fno-tree-loop-distribute-patterns"
000-
000-"Running Make libs in ps7_cortexa9_0/libsrc/dmaps_v2_10/src"
000-
000-make -C ps7_cortexa9_0/libsrc/dmaps_v2_10/src -s libs  "SHELL=CMD" "COMPILER=arm-none-eabi-gcc" "ASSEMBLER=arm-none-eabi-as" "A
000-RCHIVER=arm-none-eabi-ar" "COMPILER_FLAGS=  -O2 -c" "EXTRA_COMPILER_FLAGS=-mcpu=cortex-a9 -mfpu=vfpv3 -mfloat-abi=hard -nostart
000-files -g -Wall -Wextra -fno-tree-loop-distribute-patterns"
000-
000-"Running Make libs in ps7_cortexa9_0/libsrc/emacps_v3_20/src"
000-
000-make -C ps7_cortexa9_0/libsrc/emacps_v3_20/src -s libs  "SHELL=CMD" "COMPILER=arm-none-eabi-gcc" "ASSEMBLER=arm-none-eabi-as" "
000-ARCHIVER=arm-none-eabi-ar" "COMPILER_FLAGS=  -O2 -c" "EXTRA_COMPILER_FLAGS=-mcpu=cortex-a9 -mfpu=vfpv3 -mfloat-abi=hard -nostar
000-tfiles -g -Wall -Wextra -fno-tree-loop-distribute-patterns"
000-
000-"Running Make libs in ps7_cortexa9_0/libsrc/gpiops_v3_13/src"
000-
000-make -C ps7_cortexa9_0/libsrc/gpiops_v3_13/src -s libs  "SHELL=CMD" "COMPILER=arm-none-eabi-gcc" "ASSEMBLER=arm-none-eabi-as" "
000-ARCHIVER=arm-none-eabi-ar" "COMPILER_FLAGS=  -O2 -c" "EXTRA_COMPILER_FLAGS=-mcpu=cortex-a9 -mfpu=vfpv3 -mfloat-abi=hard -nostar
000-tfiles -g -Wall -Wextra -fno-tree-loop-distribute-patterns"
000-
000-"Running Make libs in ps7_cortexa9_0/libsrc/gpio_v4_11/src"
000-
000-make -C ps7_cortexa9_0/libsrc/gpio_v4_11/src -s libs  "SHELL=CMD" "COMPILER=arm-none-eabi-gcc" "ASSEMBLER=arm-none-eabi-as" "AR
000-CHIVER=arm-none-eabi-ar" "COMPILER_FLAGS=  -O2 -c" "EXTRA_COMPILER_FLAGS=-mcpu=cortex-a9 -mfpu=vfpv3 -mfloat-abi=hard -nostartf
000-iles -g -Wall -Wextra -fno-tree-loop-distribute-patterns"
000-
000-"Running Make libs in ps7_cortexa9_0/libsrc/iic_v3_11/src"
000-
000-make -C ps7_cortexa9_0/libsrc/iic_v3_11/src -s libs  "SHELL=CMD" "COMPILER=arm-none-eabi-gcc" "ASSEMBLER=arm-none-eabi-as" "ARC
000-HIVER=arm-none-eabi-ar" "COMPILER_FLAGS=  -O2 -c" "EXTRA_COMPILER_FLAGS=-mcpu=cortex-a9 -mfpu=vfpv3 -mfloat-abi=hard -nostartfi
000-les -g -Wall -Wextra -fno-tree-loop-distribute-patterns"
000-
000-"Running Make libs in ps7_cortexa9_0/libsrc/qspips_v3_12/src"
000-
000-make -C ps7_cortexa9_0/libsrc/qspips_v3_12/src -s libs  "SHELL=CMD" "COMPILER=arm-none-eabi-gcc" "ASSEMBLER=arm-none-eabi-as" "
000-ARCHIVER=arm-none-eabi-ar" "COMPILER_FLAGS=  -O2 -c" "EXTRA_COMPILER_FLAGS=-mcpu=cortex-a9 -mfpu=vfpv3 -mfloat-abi=hard -nostar
000-tfiles -g -Wall -Wextra -fno-tree-loop-distribute-patterns"
000-
000-"Running Make libs in ps7_cortexa9_0/libsrc/scugic_v5_3/src"
000-
000-make -C ps7_cortexa9_0/libsrc/scugic_v5_3/src -s libs  "SHELL=CMD" "COMPILER=arm-none-eabi-gcc" "ASSEMBLER=arm-none-eabi-as" "A
000-RCHIVER=arm-none-eabi-ar" "COMPILER_FLAGS=  -O2 -c" "EXTRA_COMPILER_FLAGS=-mcpu=cortex-a9 -mfpu=vfpv3 -mfloat-abi=hard -nostart
000-files -g -Wall -Wextra -fno-tree-loop-distribute-patterns"
000-
000-"Running Make libs in ps7_cortexa9_0/libsrc/scutimer_v2_6/src"
000-
000-make -C ps7_cortexa9_0/libsrc/scutimer_v2_6/src -s libs  "SHELL=CMD" "COMPILER=arm-none-eabi-gcc" "ASSEMBLER=arm-none-eabi-as" 
000-"ARCHIVER=arm-none-eabi-ar" "COMPILER_FLAGS=  -O2 -c" "EXTRA_COMPILER_FLAGS=-mcpu=cortex-a9 -mfpu=vfpv3 -mfloat-abi=hard -nosta
000-rtfiles -g -Wall -Wextra -fno-tree-loop-distribute-patterns"
000-
000-"Running Make libs in ps7_cortexa9_0/libsrc/scuwdt_v2_5/src"
000-
000-make -C ps7_cortexa9_0/libsrc/scuwdt_v2_5/src -s libs  "SHELL=CMD" "COMPILER=arm-none-eabi-gcc" "ASSEMBLER=arm-none-eabi-as" "A
000-RCHIVER=arm-none-eabi-ar" "COMPILER_FLAGS=  -O2 -c" "EXTRA_COMPILER_FLAGS=-mcpu=cortex-a9 -mfpu=vfpv3 -mfloat-abi=hard -nostart
000-files -g -Wall -Wextra -fno-tree-loop-distribute-patterns"
000-
000-"Running Make libs in ps7_cortexa9_0/libsrc/sdps_v4_3/src"
000-
000-make -C ps7_cortexa9_0/libsrc/sdps_v4_3/src -s libs  "SHELL=CMD" "COMPILER=arm-none-eabi-gcc" "ASSEMBLER=arm-none-eabi-as" "ARC
000-HIVER=arm-none-eabi-ar" "COMPILER_FLAGS=  -O2 -c" "EXTRA_COMPILER_FLAGS=-mcpu=cortex-a9 -mfpu=vfpv3 -mfloat-abi=hard -nostartfi
000-les -g -Wall -Wextra -fno-tree-loop-distribute-patterns"
000-
000-"Running Make libs in ps7_cortexa9_0/libsrc/standalone_v9_1/src"
000-
000-make -C ps7_cortexa9_0/libsrc/standalone_v9_1/src -s libs  "SHELL=CMD" "COMPILER=arm-none-eabi-gcc" "ASSEMBLER=arm-none-eabi-as
000-" "ARCHIVER=arm-none-eabi-ar" "COMPILER_FLAGS=  -O2 -c" "EXTRA_COMPILER_FLAGS=-mcpu=cortex-a9 -mfpu=vfpv3 -mfloat-abi=hard -nos
000-tartfiles -g -Wall -Wextra -fno-tree-loop-distribute-patterns"
000-
000-"Running Make libs in ps7_cortexa9_0/libsrc/tmrctr_v4_12/src"
000-
000-make -C ps7_cortexa9_0/libsrc/tmrctr_v4_12/src -s libs  "SHELL=CMD" "COMPILER=arm-none-eabi-gcc" "ASSEMBLER=arm-none-eabi-as" "
000-ARCHIVER=arm-none-eabi-ar" "COMPILER_FLAGS=  -O2 -c" "EXTRA_COMPILER_FLAGS=-mcpu=cortex-a9 -mfpu=vfpv3 -mfloat-abi=hard -nostar
000-tfiles -g -Wall -Wextra -fno-tree-loop-distribute-patterns"
000-
000-"Running Make libs in ps7_cortexa9_0/libsrc/uartps_v3_14/src"
000-
000-make -C ps7_cortexa9_0/libsrc/uartps_v3_14/src -s libs  "SHELL=CMD" "COMPILER=arm-none-eabi-gcc" "ASSEMBLER=arm-none-eabi-as" "
000-ARCHIVER=arm-none-eabi-ar" "COMPILER_FLAGS=  -O2 -c" "EXTRA_COMPILER_FLAGS=-mcpu=cortex-a9 -mfpu=vfpv3 -mfloat-abi=hard -nostar
000-tfiles -g -Wall -Wextra -fno-tree-loop-distribute-patterns"
000-
000-"Running Make libs in ps7_cortexa9_0/libsrc/usbps_v2_9/src"
000-
000-make -C ps7_cortexa9_0/libsrc/usbps_v2_9/src -s libs  "SHELL=CMD" "COMPILER=arm-none-eabi-gcc" "ASSEMBLER=arm-none-eabi-as" "AR
000-CHIVER=arm-none-eabi-ar" "COMPILER_FLAGS=  -O2 -c" "EXTRA_COMPILER_FLAGS=-mcpu=cortex-a9 -mfpu=vfpv3 -mfloat-abi=hard -nostartf
000-iles -g -Wall -Wextra -fno-tree-loop-distribute-patterns"
000-
000-In file included from xuartps_intr.c:31:
000/FullCar_AllFeatures_V0_1450-1-1"XUartPs_IsTransmitEmpty" redefined1-xuartps.h:450: warning: "XUartPs_IsTransmitEmpty" redefined
000-  450 | #define XUartPs_IsTransmitEmpty(InstancePtr)                            \
000-      | 
000-In file included from xuartps.h:170:
000/FullCar_AllFeatures_V0_1424-1-1this is the location of the previous definition0-xuartps_hw.h:424: note: this is the location of the previous definition
000-  424 | #define XUartPs_IsTransmitEmpty(BaseAddress)                     \
000-      | 
000-"Running Make libs in ps7_cortexa9_0/libsrc/xadcps_v2_7/src"
000-
000-make -C ps7_cortexa9_0/libsrc/xadcps_v2_7/src -s libs  "SHELL=CMD" "COMPILER=arm-none-eabi-gcc" "ASSEMBLER=arm-none-eabi-as" "A
000-RCHIVER=arm-none-eabi-ar" "COMPILER_FLAGS=  -O2 -c" "EXTRA_COMPILER_FLAGS=-mcpu=cortex-a9 -mfpu=vfpv3 -mfloat-abi=hard -nostart
000-files -g -Wall -Wextra -fno-tree-loop-distribute-patterns"
000-
000-In file included from xuartps_options.c:33:
000/FullCar_AllFeatures_V0_1450-1-1"XUartPs_IsTransmitEmpty" redefined1-xuartps.h:450: warning: "XUartPs_IsTransmitEmpty" redefined
000-  450 | #define XUartPs_IsTransmitEmpty(InstancePtr)                            \
000-      | 
000-In file included from xuartps.h:170:
000/FullCar_AllFeatures_V0_1424-1-1this is the location of the previous definition0-xuartps_hw.h:424: note: this is the location of the previous definition
000-  424 | #define XUartPs_IsTransmitEmpty(BaseAddress)                     \
000-      | 
000-In file included from xuartps_sinit.c:34:
000/FullCar_AllFeatures_V0_1450-1-1"XUartPs_IsTransmitEmpty" redefined1-xuartps.h:450: warning: "XUartPs_IsTransmitEmpty" redefined
000-  450 | #define XUartPs_IsTransmitEmpty(InstancePtr)                            \
000-      | 
000-In file included from xuartps.h:170:
000/FullCar_AllFeatures_V0_1424-1-1this is the location of the previous definition0-xuartps_hw.h:424: note: this is the location of the previous definition
000-  424 | #define XUartPs_IsTransmitEmpty(BaseAddress)                     \
000-      | 
000-"Running Make libs in ps7_cortexa9_0/libsrc/xilffs_v5_2/src"
000-
000-make -C ps7_cortexa9_0/libsrc/xilffs_v5_2/src -s libs  "SHELL=CMD" "COMPILER=arm-none-eabi-gcc" "ASSEMBLER=arm-none-eabi-as" "A
000-RCHIVER=arm-none-eabi-ar" "COMPILER_FLAGS=  -O2 -c" "EXTRA_COMPILER_FLAGS=-mcpu=cortex-a9 -mfpu=vfpv3 -mfloat-abi=hard -nostart
000-files -g -Wall -Wextra -fno-tree-loop-distribute-patterns"
000-
000-In file included from xuartps.c:37:
000/FullCar_AllFeatures_V0_1450-1-1"XUartPs_IsTransmitEmpty" redefined1-xuartps.h:450: warning: "XUartPs_IsTransmitEmpty" redefined
000-  450 | #define XUartPs_IsTransmitEmpty(InstancePtr)                            \
000-      | 
000-In file included from xuartps.h:170:
000/FullCar_AllFeatures_V0_1424-1-1this is the location of the previous definition0-xuartps_hw.h:424: note: this is the location of the previous definition
000-  424 | #define XUartPs_IsTransmitEmpty(BaseAddress)                     \
000-      | 
000-In file included from xuartps_selftest.c:32:
000/FullCar_AllFeatures_V0_1450-1-1"XUartPs_IsTransmitEmpty" redefined1-xuartps.h:450: warning: "XUartPs_IsTransmitEmpty" redefined
000-  450 | #define XUartPs_IsTransmitEmpty(InstancePtr)                            \
000-      | 
000-In file included from xuartps.h:170:
000/FullCar_AllFeatures_V0_1424-1-1this is the location of the previous definition0-xuartps_hw.h:424: note: this is the location of the previous definition
000-  424 | #define XUartPs_IsTransmitEmpty(BaseAddress)                     \
000-      | 
000-In file included from xuartps_g.c:17:
000/FullCar_AllFeatures_V0_1450-1-1"XUartPs_IsTransmitEmpty" redefined1-xuartps.h:450: warning: "XUartPs_IsTransmitEmpty" redefined
000-  450 | #define XUartPs_IsTransmitEmpty(InstancePtr)                            \
000-      | 
000-In file included from xuartps.h:170:
000/FullCar_AllFeatures_V0_1424-1-1this is the location of the previous definition0-xuartps_hw.h:424: note: this is the location of the previous definition
000-  424 | #define XUartPs_IsTransmitEmpty(BaseAddress)                     \
000-      | 
000/FullCar_AllFeatures_V0_145-1-1'#pragma message: For the sleep routines, Global timer is being used'0-xtime_l.c:45:9: note: '#pragma message: For the sleep routines, Global timer is being used'
000-   45 | #pragma message ("For the sleep routines, Global timer is being used")
000-      |         ^~~~~~~
000-'Finished building libraries parallelly.'
000-
000-make --no-print-directory archive
000-
000-arm-none-eabi-ar -r  ps7_cortexa9_0/lib/libxil.a ps7_cortexa9_0/lib/Motor_DriverIP.o ps7_cortexa9_0/lib/Motor_DriverIP_selftest
000-.o ps7_cortexa9_0/lib/SpeedSensor_Driver_IP.o ps7_cortexa9_0/lib/SpeedSensor_Driver_IP_selftest.o ps7_cortexa9_0/lib/_exit.o ps
000-7_cortexa9_0/lib/_open.o ps7_cortexa9_0/lib/_sbrk.o ps7_cortexa9_0/lib/abort.o ps7_cortexa9_0/lib/asm_vectors.o ps7_cortexa9_0/
000-lib/boot.o ps7_cortexa9_0/lib/close.o ps7_cortexa9_0/lib/cpputest_time.o ps7_cortexa9_0/lib/cpu_init.o ps7_cortexa9_0/lib/errno
000-.o ps7_cortexa9_0/lib/fcntl.o ps7_cortexa9_0/lib/fstat.o ps7_cortexa9_0/lib/getentropy.o ps7_cortexa9_0/lib/getpid.o ps7_cortex
000-a9_0/lib/inbyte.o ps7_cortexa9_0/lib/isatty.o ps7_cortexa9_0/lib/kill.o ps7_cortexa9_0/lib/lseek.o ps7_cortexa9_0/lib/open.o ps
000-7_cortexa9_0/lib/outbyte.o ps7_cortexa9_0/lib/print.o ps7_cortexa9_0/lib/putnum.o ps7_cortexa9_0/lib/read.o ps7_cortexa9_0/lib/
000-sbrk.o ps7_cortexa9_0/lib/sleep.o ps7_cortexa9_0/lib/time.o ps7_cortexa9_0/lib/translation_table.o ps7_cortexa9_0/lib/ultrasone
000-IP.o ps7_cortexa9_0/lib/ultrasoneIP_selftest.o ps7_cortexa9_0/lib/unlink.o ps7_cortexa9_0/lib/usleep.o ps7_cortexa9_0/lib/vecto
000-rs.o ps7_cortexa9_0/lib/write.o ps7_cortexa9_0/lib/xadcps.o ps7_cortexa9_0/lib/xadcps_g.o ps7_cortexa9_0/lib/xadcps_intr.o ps7_
000-cortexa9_0/lib/xadcps_selftest.o ps7_cortexa9_0/lib/xadcps_sinit.o ps7_cortexa9_0/lib/xcoresightpsdcc.o ps7_cortexa9_0/lib/xdev
000-cfg.o ps7_cortexa9_0/lib/xdevcfg_g.o ps7_cortexa9_0/lib/xdevcfg_hw.o ps7_cortexa9_0/lib/xdevcfg_intr.o ps7_cortexa9_0/lib/xdevc
000-fg_selftest.o ps7_cortexa9_0/lib/xdevcfg_sinit.o ps7_cortexa9_0/lib/xdmaps.o ps7_cortexa9_0/lib/xdmaps_g.o ps7_cortexa9_0/lib/x
000-dmaps_hw.o ps7_cortexa9_0/lib/xdmaps_selftest.o ps7_cortexa9_0/lib/xdmaps_sinit.o ps7_cortexa9_0/lib/xemacps.o ps7_cortexa9_0/l
000-ib/xemacps_bdring.o ps7_cortexa9_0/lib/xemacps_control.o ps7_cortexa9_0/lib/xemacps_g.o ps7_cortexa9_0/lib/xemacps_hw.o ps7_cor
000-texa9_0/lib/xemacps_intr.o ps7_cortexa9_0/lib/xemacps_sinit.o ps7_cortexa9_0/lib/xgpio.o ps7_cortexa9_0/lib/xgpio_extra.o ps7_c
000-ortexa9_0/lib/xgpio_g.o ps7_cortexa9_0/lib/xgpio_intr.o ps7_cortexa9_0/lib/xgpio_selftest.o ps7_cortexa9_0/lib/xgpio_sinit.o ps
000-7_cortexa9_0/lib/xgpiops.o ps7_cortexa9_0/lib/xgpiops_g.o ps7_cortexa9_0/lib/xgpiops_hw.o ps7_cortexa9_0/lib/xgpiops_intr.o ps7
000-_cortexa9_0/lib/xgpiops_selftest.o ps7_cortexa9_0/lib/xgpiops_sinit.o ps7_cortexa9_0/lib/xiic.o ps7_cortexa9_0/lib/xiic_dyn_mas
000-ter.o ps7_cortexa9_0/lib/xiic_g.o ps7_cortexa9_0/lib/xiic_intr.o ps7_cortexa9_0/lib/xiic_l.o ps7_cortexa9_0/lib/xiic_master.o p
000-s7_cortexa9_0/lib/xiic_multi_master.o ps7_cortexa9_0/lib/xiic_options.o ps7_cortexa9_0/lib/xiic_selftest.o ps7_cortexa9_0/lib/x
000-iic_sinit.o ps7_cortexa9_0/lib/xiic_slave.o ps7_cortexa9_0/lib/xiic_stats.o ps7_cortexa9_0/lib/xil-crt0.o ps7_cortexa9_0/lib/xi
000-l_assert.o ps7_cortexa9_0/lib/xil_cache.o ps7_cortexa9_0/lib/xil_clocking.o ps7_cortexa9_0/lib/xil_exception.o ps7_cortexa9_0/l
000-ib/xil_mem.o ps7_cortexa9_0/lib/xil_misc_psreset_api.o ps7_cortexa9_0/lib/xil_mmu.o ps7_cortexa9_0/lib/xil_printf.o ps7_cortexa
000-9_0/lib/xil_sleepcommon.o ps7_cortexa9_0/lib/xil_sleeptimer.o ps7_cortexa9_0/lib/xil_spinlock.o ps7_cortexa9_0/lib/xil_testcach
000-e.o ps7_cortexa9_0/lib/xil_testio.o ps7_cortexa9_0/lib/xil_testmem.o ps7_cortexa9_0/lib/xil_util.o ps7_cortexa9_0/lib/xinterrup
000-t_wrap.o ps7_cortexa9_0/lib/xl2cc_counter.o ps7_cortexa9_0/lib/xplatform_info.o ps7_cortexa9_0/lib/xpm_counter.o ps7_cortexa9_0
000-/lib/xpm_init.o ps7_cortexa9_0/lib/xqspips.o ps7_cortexa9_0/lib/xqspips_g.o ps7_cortexa9_0/lib/xqspips_hw.o ps7_cortexa9_0/lib/
000-xqspips_options.o ps7_cortexa9_0/lib/xqspips_selftest.o ps7_cortexa9_0/lib/xqspips_sinit.o ps7_cortexa9_0/lib/xscugic.o ps7_cor
000-texa9_0/lib/xscugic_g.o ps7_cortexa9_0/lib/xscugic_hw.o ps7_cortexa9_0/lib/xscugic_intr.o ps7_cortexa9_0/lib/xscugic_selftest.o
000- ps7_cortexa9_0/lib/xscugic_sinit.o ps7_cortexa9_0/lib/xscutimer.o ps7_cortexa9_0/lib/xscutimer_g.o ps7_cortexa9_0/lib/xscutime
000-r_selftest.o ps7_cortexa9_0/lib/xscutimer_sinit.o ps7_cortexa9_0/lib/xscuwdt.o ps7_cortexa9_0/lib/xscuwdt_g.o ps7_cortexa9_0/li
000-b/xscuwdt_selftest.o ps7_cortexa9_0/lib/xscuwdt_sinit.o ps7_cortexa9_0/lib/xsdps.o ps7_cortexa9_0/lib/xsdps_card.o ps7_cortexa9
000-_0/lib/xsdps_g.o ps7_cortexa9_0/lib/xsdps_host.o ps7_cortexa9_0/lib/xsdps_options.o ps7_cortexa9_0/lib/xsdps_sinit.o ps7_cortex
000-a9_0/lib/xtime_l.o ps7_cortexa9_0/lib/xtmrctr.o ps7_cortexa9_0/lib/xtmrctr_g.o ps7_cortexa9_0/lib/xtmrctr_intr.o ps7_cortexa9_0
000-/lib/xtmrctr_l.o ps7_cortexa9_0/lib/xtmrctr_options.o ps7_cortexa9_0/lib/xtmrctr_selftest.o ps7_cortexa9_0/lib/xtmrctr_sinit.o 
000-ps7_cortexa9_0/lib/xtmrctr_stats.o ps7_cortexa9_0/lib/xuartps.o ps7_cortexa9_0/lib/xuartps_g.o ps7_cortexa9_0/lib/xuartps_hw.o 
000-ps7_cortexa9_0/lib/xuartps_intr.o ps7_cortexa9_0/lib/xuartps_options.o ps7_cortexa9_0/lib/xuartps_selftest.o ps7_cortexa9_0/lib
000-/xuartps_sinit.o ps7_cortexa9_0/lib/xusbps.o ps7_cortexa9_0/lib/xusbps_endpoint.o ps7_cortexa9_0/lib/xusbps_g.o ps7_cortexa9_0/
000-lib/xusbps_hw.o ps7_cortexa9_0/lib/xusbps_intr.o ps7_cortexa9_0/lib/xusbps_sinit.o
000-
000-arm-none-eabi-ar: creating ps7_cortexa9_0/lib/libxil.a
000-'Finished building libraries'
000-
000-make: Leaving directory 'M:/projects/clones/SOC/Car_Project/vitis/FullCar_AllFeatures_V0_1/zynq_fsbl/zynq_fsbl_bsp'
000-
000-arm-none-eabi-gcc  -O2 -c -MMD -MP       -mcpu=cortex-a9 -mfpu=vfpv3 -mfloat-abi=hard  -c sd.c -o sd.o -Izynq_fsbl_bsp/ps7_cort
000-exa9_0/include -I.
000-
000-arm-none-eabi-gcc  -O2 -c -MMD -MP       -mcpu=cortex-a9 -mfpu=vfpv3 -mfloat-abi=hard  -c nand.c -o nand.o -Izynq_fsbl_bsp/ps7_
000-cortexa9_0/include -I.
000-
000-arm-none-eabi-gcc  -O2 -c -MMD -MP       -mcpu=cortex-a9 -mfpu=vfpv3 -mfloat-abi=hard  -c image_mover.c -o image_mover.o -Izynq
000-_fsbl_bsp/ps7_cortexa9_0/include -I.
000-
000-arm-none-eabi-gcc  -O2 -c -MMD -MP       -mcpu=cortex-a9 -mfpu=vfpv3 -mfloat-abi=hard  -c md5.c -o md5.o -Izynq_fsbl_bsp/ps7_co
000-rtexa9_0/include -I.
000-
000-arm-none-eabi-gcc  -O2 -c -MMD -MP       -mcpu=cortex-a9 -mfpu=vfpv3 -mfloat-abi=hard  -c fsbl_hooks.c -o fsbl_hooks.o -Izynq_f
000-sbl_bsp/ps7_cortexa9_0/include -I.
000-
000-arm-none-eabi-gcc  -O2 -c -MMD -MP       -mcpu=cortex-a9 -mfpu=vfpv3 -mfloat-abi=hard  -c main.c -o main.o -Izynq_fsbl_bsp/ps7_
000-cortexa9_0/include -I.
000-
000-arm-none-eabi-gcc  -O2 -c -MMD -MP       -mcpu=cortex-a9 -mfpu=vfpv3 -mfloat-abi=hard  -c rsa.c -o rsa.o -Izynq_fsbl_bsp/ps7_co
000-rtexa9_0/include -I.
000-
000-arm-none-eabi-gcc  -O2 -c -MMD -MP       -mcpu=cortex-a9 -mfpu=vfpv3 -mfloat-abi=hard  -c nor.c -o nor.o -Izynq_fsbl_bsp/ps7_co
000-rtexa9_0/include -I.
000-
000-arm-none-eabi-gcc  -O2 -c -MMD -MP       -mcpu=cortex-a9 -mfpu=vfpv3 -mfloat-abi=hard  -c qspi.c -o qspi.o -Izynq_fsbl_bsp/ps7_
000-cortexa9_0/include -I.
000-
000-arm-none-eabi-gcc  -O2 -c -MMD -MP       -mcpu=cortex-a9 -mfpu=vfpv3 -mfloat-abi=hard  -c ps7_init.c -o ps7_init.o -Izynq_fsbl_
000-bsp/ps7_cortexa9_0/include -I.
000-
000-arm-none-eabi-gcc  -O2 -c -MMD -MP       -mcpu=cortex-a9 -mfpu=vfpv3 -mfloat-abi=hard  -c pcap.c -o pcap.o -Izynq_fsbl_bsp/ps7_
000-cortexa9_0/include -I.
000-
000-arm-none-eabi-gcc  -O2 -c -MMD -MP       -mcpu=cortex-a9 -mfpu=vfpv3 -mfloat-abi=hard  -c fsbl_handoff.S -o fsbl_handoff.o -Izy
000-nq_fsbl_bsp/ps7_cortexa9_0/include -I.
000-
000-arm-none-eabi-gcc -o fsbl.elf fsbl_handoff.o fsbl_hooks.o image_mover.o main.o md5.o nand.o nor.o pcap.o ps7_init.o qspi.o rsa.
000-o sd.o -MMD -MP       -mcpu=cortex-a9 -mfpu=vfpv3 -mfloat-abi=hard   -mcpu=cortex-a9 -mfpu=vfpv3 -mfloat-abi=hard -Wl,-build-id
000-=none -specs=Xilinx.spec  -lrsa -Wl,--start-group,-lxil,-lgcc,-lc,--end-group -Wl,--start-group,-lxilffs,-lxil,-lgcc,-lc,--end-
000-group -Wl,--start-group,-lrsa,-lxil,-lgcc,-lc,--end-group                                            -Wl,--gc-sections -Lzynq_f
000-sbl_bsp/ps7_cortexa9_0/lib -L./ -Tlscript.ld
000-
000-Building the BSP Library for domain  - standalone_ps7_cortexa9_0 on processor ps7_cortexa9_0
000-make --no-print-directory seq_libs
000-
000-"Running Make include in ps7_cortexa9_0/libsrc/coresightps_dcc_v1_10/src"
000-
000-make -C ps7_cortexa9_0/libsrc/coresightps_dcc_v1_10/src -s include  "SHELL=CMD" "COMPILER=arm-none-eabi-gcc" "ASSEMBLER=arm-non
000-e-eabi-as" "ARCHIVER=arm-none-eabi-ar" "COMPILER_FLAGS=  -O2 -c" "EXTRA_COMPILER_FLAGS=-mcpu=cortex-a9 -mfpu=vfpv3 -mfloat-abi=
000-hard -nostartfiles -g -Wall -Wextra -fno-tree-loop-distribute-patterns"
000-
000-"Running Make include in ps7_cortexa9_0/libsrc/cpu_cortexa9_v2_12/src"
000-
000-make -C ps7_cortexa9_0/libsrc/cpu_cortexa9_v2_12/src -s include  "SHELL=CMD" "COMPILER=arm-none-eabi-gcc" "ASSEMBLER=arm-none-e
000-abi-as" "ARCHIVER=arm-none-eabi-ar" "COMPILER_FLAGS=  -O2 -c" "EXTRA_COMPILER_FLAGS=-mcpu=cortex-a9 -mfpu=vfpv3 -mfloat-abi=har
000-d -nostartfiles -g -Wall -Wextra -fno-tree-loop-distribute-patterns"
000-
000-"Running Make include in ps7_cortexa9_0/libsrc/ddrps_v1_2/src"
000-
000-make -C ps7_cortexa9_0/libsrc/ddrps_v1_2/src -s include  "SHELL=CMD" "COMPILER=arm-none-eabi-gcc" "ASSEMBLER=arm-none-eabi-as" 
000-"ARCHIVER=arm-none-eabi-ar" "COMPILER_FLAGS=  -O2 -c" "EXTRA_COMPILER_FLAGS=-mcpu=cortex-a9 -mfpu=vfpv3 -mfloat-abi=hard -nosta
000-rtfiles -g -Wall -Wextra -fno-tree-loop-distribute-patterns"
000-
000-"Running Make include in ps7_cortexa9_0/libsrc/devcfg_v3_8/src"
000-
000-make -C ps7_cortexa9_0/libsrc/devcfg_v3_8/src -s include  "SHELL=CMD" "COMPILER=arm-none-eabi-gcc" "ASSEMBLER=arm-none-eabi-as"
000- "ARCHIVER=arm-none-eabi-ar" "COMPILER_FLAGS=  -O2 -c" "EXTRA_COMPILER_FLAGS=-mcpu=cortex-a9 -mfpu=vfpv3 -mfloat-abi=hard -nost
000-artfiles -g -Wall -Wextra -fno-tree-loop-distribute-patterns"
000-
000-"Running Make include in ps7_cortexa9_0/libsrc/dmaps_v2_10/src"
000-
000-make -C ps7_cortexa9_0/libsrc/dmaps_v2_10/src -s include  "SHELL=CMD" "COMPILER=arm-none-eabi-gcc" "ASSEMBLER=arm-none-eabi-as"
000- "ARCHIVER=arm-none-eabi-ar" "COMPILER_FLAGS=  -O2 -c" "EXTRA_COMPILER_FLAGS=-mcpu=cortex-a9 -mfpu=vfpv3 -mfloat-abi=hard -nost
000-artfiles -g -Wall -Wextra -fno-tree-loop-distribute-patterns"
000-
000-"Running Make include in ps7_cortexa9_0/libsrc/emacps_v3_20/src"
000-
000-make -C ps7_cortexa9_0/libsrc/emacps_v3_20/src -s include  "SHELL=CMD" "COMPILER=arm-none-eabi-gcc" "ASSEMBLER=arm-none-eabi-as
000-" "ARCHIVER=arm-none-eabi-ar" "COMPILER_FLAGS=  -O2 -c" "EXTRA_COMPILER_FLAGS=-mcpu=cortex-a9 -mfpu=vfpv3 -mfloat-abi=hard -nos
000-tartfiles -g -Wall -Wextra -fno-tree-loop-distribute-patterns"
000-
000-"Running Make include in ps7_cortexa9_0/libsrc/gpiops_v3_13/src"
000-
000-make -C ps7_cortexa9_0/libsrc/gpiops_v3_13/src -s include  "SHELL=CMD" "COMPILER=arm-none-eabi-gcc" "ASSEMBLER=arm-none-eabi-as
000-" "ARCHIVER=arm-none-eabi-ar" "COMPILER_FLAGS=  -O2 -c" "EXTRA_COMPILER_FLAGS=-mcpu=cortex-a9 -mfpu=vfpv3 -mfloat-abi=hard -nos
000-tartfiles -g -Wall -Wextra -fno-tree-loop-distribute-patterns"
000-
000-"Running Make include in ps7_cortexa9_0/libsrc/gpio_v4_11/src"
000-
000-make -C ps7_cortexa9_0/libsrc/gpio_v4_11/src -s include  "SHELL=CMD" "COMPILER=arm-none-eabi-gcc" "ASSEMBLER=arm-none-eabi-as" 
000-"ARCHIVER=arm-none-eabi-ar" "COMPILER_FLAGS=  -O2 -c" "EXTRA_COMPILER_FLAGS=-mcpu=cortex-a9 -mfpu=vfpv3 -mfloat-abi=hard -nosta
000-rtfiles -g -Wall -Wextra -fno-tree-loop-distribute-patterns"
000-
000-"Running Make include in ps7_cortexa9_0/libsrc/iic_v3_11/src"
000-
000-make -C ps7_cortexa9_0/libsrc/iic_v3_11/src -s include  "SHELL=CMD" "COMPILER=arm-none-eabi-gcc" "ASSEMBLER=arm-none-eabi-as" "
000-ARCHIVER=arm-none-eabi-ar" "COMPILER_FLAGS=  -O2 -c" "EXTRA_COMPILER_FLAGS=-mcpu=cortex-a9 -mfpu=vfpv3 -mfloat-abi=hard -nostar
000-tfiles -g -Wall -Wextra -fno-tree-loop-distribute-patterns"
000-
000-"Running Make include in ps7_cortexa9_0/libsrc/Motor_DriverIP_v1_0/src"
000-
000-make -C ps7_cortexa9_0/libsrc/Motor_DriverIP_v1_0/src -s include  "SHELL=CMD" "COMPILER=arm-none-eabi-gcc" "ASSEMBLER=arm-none-
000-eabi-as" "ARCHIVER=arm-none-eabi-ar" "COMPILER_FLAGS=  -O2 -c" "EXTRA_COMPILER_FLAGS=-mcpu=cortex-a9 -mfpu=vfpv3 -mfloat-abi=ha
000-rd -nostartfiles -g -Wall -Wextra -fno-tree-loop-distribute-patterns"
000-
000-"Running Make include in ps7_cortexa9_0/libsrc/qspips_v3_12/src"
000-
000-make -C ps7_cortexa9_0/libsrc/qspips_v3_12/src -s include  "SHELL=CMD" "COMPILER=arm-none-eabi-gcc" "ASSEMBLER=arm-none-eabi-as
000-" "ARCHIVER=arm-none-eabi-ar" "COMPILER_FLAGS=  -O2 -c" "EXTRA_COMPILER_FLAGS=-mcpu=cortex-a9 -mfpu=vfpv3 -mfloat-abi=hard -nos
000-tartfiles -g -Wall -Wextra -fno-tree-loop-distribute-patterns"
000-
000-"Running Make include in ps7_cortexa9_0/libsrc/scugic_v5_3/src"
000-
000-make -C ps7_cortexa9_0/libsrc/scugic_v5_3/src -s include  "SHELL=CMD" "COMPILER=arm-none-eabi-gcc" "ASSEMBLER=arm-none-eabi-as"
000- "ARCHIVER=arm-none-eabi-ar" "COMPILER_FLAGS=  -O2 -c" "EXTRA_COMPILER_FLAGS=-mcpu=cortex-a9 -mfpu=vfpv3 -mfloat-abi=hard -nost
000-artfiles -g -Wall -Wextra -fno-tree-loop-distribute-patterns"
000-
000-"Running Make include in ps7_cortexa9_0/libsrc/scutimer_v2_6/src"
000-
000-make -C ps7_cortexa9_0/libsrc/scutimer_v2_6/src -s include  "SHELL=CMD" "COMPILER=arm-none-eabi-gcc" "ASSEMBLER=arm-none-eabi-a
000-s" "ARCHIVER=arm-none-eabi-ar" "COMPILER_FLAGS=  -O2 -c" "EXTRA_COMPILER_FLAGS=-mcpu=cortex-a9 -mfpu=vfpv3 -mfloat-abi=hard -no
000-startfiles -g -Wall -Wextra -fno-tree-loop-distribute-patterns"
000-
000-"Running Make include in ps7_cortexa9_0/libsrc/scuwdt_v2_5/src"
000-
000-make -C ps7_cortexa9_0/libsrc/scuwdt_v2_5/src -s include  "SHELL=CMD" "COMPILER=arm-none-eabi-gcc" "ASSEMBLER=arm-none-eabi-as"
000- "ARCHIVER=arm-none-eabi-ar" "COMPILER_FLAGS=  -O2 -c" "EXTRA_COMPILER_FLAGS=-mcpu=cortex-a9 -mfpu=vfpv3 -mfloat-abi=hard -nost
000-artfiles -g -Wall -Wextra -fno-tree-loop-distribute-patterns"
000-
000-"Running Make include in ps7_cortexa9_0/libsrc/sdps_v4_3/src"
000-
000-make -C ps7_cortexa9_0/libsrc/sdps_v4_3/src -s include  "SHELL=CMD" "COMPILER=arm-none-eabi-gcc" "ASSEMBLER=arm-none-eabi-as" "
000-ARCHIVER=arm-none-eabi-ar" "COMPILER_FLAGS=  -O2 -c" "EXTRA_COMPILER_FLAGS=-mcpu=cortex-a9 -mfpu=vfpv3 -mfloat-abi=hard -nostar
000-tfiles -g -Wall -Wextra -fno-tree-loop-distribute-patterns"
000-
000-"Running Make include in ps7_cortexa9_0/libsrc/SpeedSensor_Driver_IP_v1_0/src"
000-
000-make -C ps7_cortexa9_0/libsrc/SpeedSensor_Driver_IP_v1_0/src -s include  "SHELL=CMD" "COMPILER=arm-none-eabi-gcc" "ASSEMBLER=ar
000-m-none-eabi-as" "ARCHIVER=arm-none-eabi-ar" "COMPILER_FLAGS=  -O2 -c" "EXTRA_COMPILER_FLAGS=-mcpu=cortex-a9 -mfpu=vfpv3 -mfloat
000--abi=hard -nostartfiles -g -Wall -Wextra -fno-tree-loop-distribute-patterns"
000-
000-"Running Make include in ps7_cortexa9_0/libsrc/standalone_v9_1/src"
000-
000-make -C ps7_cortexa9_0/libsrc/standalone_v9_1/src -s include  "SHELL=CMD" "COMPILER=arm-none-eabi-gcc" "ASSEMBLER=arm-none-eabi
000--as" "ARCHIVER=arm-none-eabi-ar" "COMPILER_FLAGS=  -O2 -c" "EXTRA_COMPILER_FLAGS=-mcpu=cortex-a9 -mfpu=vfpv3 -mfloat-abi=hard -
000-nostartfiles -g -Wall -Wextra -fno-tree-loop-distribute-patterns"
000-
000-"Running Make include in ps7_cortexa9_0/libsrc/tmrctr_v4_12/src"
000-
000-make -C ps7_cortexa9_0/libsrc/tmrctr_v4_12/src -s include  "SHELL=CMD" "COMPILER=arm-none-eabi-gcc" "ASSEMBLER=arm-none-eabi-as
000-" "ARCHIVER=arm-none-eabi-ar" "COMPILER_FLAGS=  -O2 -c" "EXTRA_COMPILER_FLAGS=-mcpu=cortex-a9 -mfpu=vfpv3 -mfloat-abi=hard -nos
000-tartfiles -g -Wall -Wextra -fno-tree-loop-distribute-patterns"
000-
000-"Running Make include in ps7_cortexa9_0/libsrc/uartps_v3_14/src"
000-
000-make -C ps7_cortexa9_0/libsrc/uartps_v3_14/src -s include  "SHELL=CMD" "COMPILER=arm-none-eabi-gcc" "ASSEMBLER=arm-none-eabi-as
000-" "ARCHIVER=arm-none-eabi-ar" "COMPILER_FLAGS=  -O2 -c" "EXTRA_COMPILER_FLAGS=-mcpu=cortex-a9 -mfpu=vfpv3 -mfloat-abi=hard -nos
000-tartfiles -g -Wall -Wextra -fno-tree-loop-distribute-patterns"
000-
000-"Running Make include in ps7_cortexa9_0/libsrc/ultrasoneIP_v1_0/src"
000-
000-make -C ps7_cortexa9_0/libsrc/ultrasoneIP_v1_0/src -s include  "SHELL=CMD" "COMPILER=arm-none-eabi-gcc" "ASSEMBLER=arm-none-eab
000-i-as" "ARCHIVER=arm-none-eabi-ar" "COMPILER_FLAGS=  -O2 -c" "EXTRA_COMPILER_FLAGS=-mcpu=cortex-a9 -mfpu=vfpv3 -mfloat-abi=hard 
000--nostartfiles -g -Wall -Wextra -fno-tree-loop-distribute-patterns"
000-
000-"Running Make include in ps7_cortexa9_0/libsrc/usbps_v2_9/src"
000-
000-make -C ps7_cortexa9_0/libsrc/usbps_v2_9/src -s include  "SHELL=CMD" "COMPILER=arm-none-eabi-gcc" "ASSEMBLER=arm-none-eabi-as" 
000-"ARCHIVER=arm-none-eabi-ar" "COMPILER_FLAGS=  -O2 -c" "EXTRA_COMPILER_FLAGS=-mcpu=cortex-a9 -mfpu=vfpv3 -mfloat-abi=hard -nosta
000-rtfiles -g -Wall -Wextra -fno-tree-loop-distribute-patterns"
000-
000-"Running Make include in ps7_cortexa9_0/libsrc/xadcps_v2_7/src"
000-
000-make -C ps7_cortexa9_0/libsrc/xadcps_v2_7/src -s include  "SHELL=CMD" "COMPILER=arm-none-eabi-gcc" "ASSEMBLER=arm-none-eabi-as"
000- "ARCHIVER=arm-none-eabi-ar" "COMPILER_FLAGS=  -O2 -c" "EXTRA_COMPILER_FLAGS=-mcpu=cortex-a9 -mfpu=vfpv3 -mfloat-abi=hard -nost
000-artfiles -g -Wall -Wextra -fno-tree-loop-distribute-patterns"
000-
000-"Running Make libs in ps7_cortexa9_0/libsrc/Motor_DriverIP_v1_0/src"
000-
000-make -C ps7_cortexa9_0/libsrc/Motor_DriverIP_v1_0/src -s libs  "SHELL=CMD" "COMPILER=arm-none-eabi-gcc" "ASSEMBLER=arm-none-eab
000-i-as" "ARCHIVER=arm-none-eabi-ar" "COMPILER_FLAGS=  -O2 -c" "EXTRA_COMPILER_FLAGS=-mcpu=cortex-a9 -mfpu=vfpv3 -mfloat-abi=hard 
000--nostartfiles -g -Wall -Wextra -fno-tree-loop-distribute-patterns"
000-
000-Motor_DriverIP_selftest.c: In function 'MOTOR_DRIVERIP_Reg_SelfTest':
000/FullCar_AllFeatures_V0_152-1-1comparison of integer expressions of different signedness: 'u32' {aka 'long unsigned int'} and 'int' [-Wsign-compare]1-Motor_DriverIP_selftest.c:52:70: warning: comparison of integer expressions of different signedness: 'u32' {aka 'long unsigned int'} and 'int' [-Wsign-compare]
000-   52 |           if ( MOTOR_DRIVERIP_mReadReg (baseaddr, read_loop_index*4) != (read_loop_index+1)*READ_WRITE_MUL_FACTOR){
000-      |                                                                      ^~
000/FullCar_AllFeatures_V0_136-1-1unused variable 'Index' [-Wunused-variable]1-Motor_DriverIP_selftest.c:36:13: warning: unused variable 'Index' [-Wunused-variable]
000-   36 |         int Index;
000-      |             ^~~~~
000-"Running Make libs in ps7_cortexa9_0/libsrc/SpeedSensor_Driver_IP_v1_0/src"
000-
000-make -C ps7_cortexa9_0/libsrc/SpeedSensor_Driver_IP_v1_0/src -s libs  "SHELL=CMD" "COMPILER=arm-none-eabi-gcc" "ASSEMBLER=arm-n
000-one-eabi-as" "ARCHIVER=arm-none-eabi-ar" "COMPILER_FLAGS=  -O2 -c" "EXTRA_COMPILER_FLAGS=-mcpu=cortex-a9 -mfpu=vfpv3 -mfloat-ab
000-i=hard -nostartfiles -g -Wall -Wextra -fno-tree-loop-distribute-patterns"
000-
000-SpeedSensor_Driver_IP_selftest.c: In function 'SPEEDSENSOR_DRIVER_IP_Reg_SelfTest':
000/FullCar_AllFeatures_V0_152-1-1comparison of integer expressions of different signedness: 'u32' {aka 'long unsigned int'} and 'int' [-Wsign-compare]1-SpeedSensor_Driver_IP_selftest.c:52:77: warning: comparison of integer expressions of different signedness: 'u32' {aka 'long unsigned int'} and 'int' [-Wsign-compare]
000-   52 |           if ( SPEEDSENSOR_DRIVER_IP_mReadReg (baseaddr, read_loop_index*4) != (read_loop_index+1)*READ_WRITE_MUL_FACTOR){
000-      |                                                                             ^~
000/FullCar_AllFeatures_V0_136-1-1unused variable 'Index' [-Wunused-variable]1-SpeedSensor_Driver_IP_selftest.c:36:13: warning: unused variable 'Index' [-Wunused-variable]
000-   36 |         int Index;
000-      |             ^~~~~
000-"Running Make libs in ps7_cortexa9_0/libsrc/ultrasoneIP_v1_0/src"
000-
000-make -C ps7_cortexa9_0/libsrc/ultrasoneIP_v1_0/src -s libs  "SHELL=CMD" "COMPILER=arm-none-eabi-gcc" "ASSEMBLER=arm-none-eabi-a
000-s" "ARCHIVER=arm-none-eabi-ar" "COMPILER_FLAGS=  -O2 -c" "EXTRA_COMPILER_FLAGS=-mcpu=cortex-a9 -mfpu=vfpv3 -mfloat-abi=hard -no
000-startfiles -g -Wall -Wextra -fno-tree-loop-distribute-patterns"
000-
000-ultrasoneIP_selftest.c: In function 'ULTRASONEIP_Reg_SelfTest':
000/FullCar_AllFeatures_V0_152-1-1comparison of integer expressions of different signedness: 'u32' {aka 'long unsigned int'} and 'int' [-Wsign-compare]1-ultrasoneIP_selftest.c:52:67: warning: comparison of integer expressions of different signedness: 'u32' {aka 'long unsigned int'} and 'int' [-Wsign-compare]
000-   52 |           if ( ULTRASONEIP_mReadReg (baseaddr, read_loop_index*4) != (read_loop_index+1)*READ_WRITE_MUL_FACTOR){
000-      |                                                                   ^~
000/FullCar_AllFeatures_V0_136-1-1unused variable 'Index' [-Wunused-variable]1-ultrasoneIP_selftest.c:36:13: warning: unused variable 'Index' [-Wunused-variable]
000-   36 |         int Index;
000-      |             ^~~~~
000-'Finished building libraries sequentially.'
000-
000-make -j 10 --no-print-directory par_libs
000-
000-"Running Make include in ps7_cortexa9_0/libsrc/coresightps_dcc_v1_10/src"
000-
000-make -C ps7_cortexa9_0/libsrc/coresightps_dcc_v1_10/src -s include  "SHELL=CMD" "COMPILER=arm-none-eabi-gcc" "ASSEMBLER=arm-non
000-e-eabi-as" "ARCHIVER=arm-none-eabi-ar" "COMPILER_FLAGS=  -O2 -c" "EXTRA_COMPILER_FLAGS=-mcpu=cortex-a9 -mfpu=vfpv3 -mfloat-abi=
000-hard -nostartfiles -g -Wall -Wextra -fno-tree-loop-distribute-patterns"
000-
000-"Running Make include in ps7_cortexa9_0/libsrc/cpu_cortexa9_v2_12/src"
000-
000-make -C ps7_cortexa9_0/libsrc/cpu_cortexa9_v2_12/src -s include  "SHELL=CMD" "COMPILER=arm-none-eabi-gcc" "ASSEMBLER=arm-none-e
000-abi-as" "ARCHIVER=arm-none-eabi-ar" "COMPILER_FLAGS=  -O2 -c" "EXTRA_COMPILER_FLAGS=-mcpu=cortex-a9 -mfpu=vfpv3 -mfloat-abi=har
000-d -nostartfiles -g -Wall -Wextra -fno-tree-loop-distribute-patterns"
000-
000-"Running Make include in ps7_cortexa9_0/libsrc/ddrps_v1_2/src"
000-
000-make -C ps7_cortexa9_0/libsrc/ddrps_v1_2/src -s include  "SHELL=CMD" "COMPILER=arm-none-eabi-gcc" "ASSEMBLER=arm-none-eabi-as" 
000-"ARCHIVER=arm-none-eabi-ar" "COMPILER_FLAGS=  -O2 -c" "EXTRA_COMPILER_FLAGS=-mcpu=cortex-a9 -mfpu=vfpv3 -mfloat-abi=hard -nosta
000-rtfiles -g -Wall -Wextra -fno-tree-loop-distribute-patterns"
000-
000-"Running Make include in ps7_cortexa9_0/libsrc/devcfg_v3_8/src"
000-
000-make -C ps7_cortexa9_0/libsrc/devcfg_v3_8/src -s include  "SHELL=CMD" "COMPILER=arm-none-eabi-gcc" "ASSEMBLER=arm-none-eabi-as"
000- "ARCHIVER=arm-none-eabi-ar" "COMPILER_FLAGS=  -O2 -c" "EXTRA_COMPILER_FLAGS=-mcpu=cortex-a9 -mfpu=vfpv3 -mfloat-abi=hard -nost
000-artfiles -g -Wall -Wextra -fno-tree-loop-distribute-patterns"
000-
000-"Running Make include in ps7_cortexa9_0/libsrc/dmaps_v2_10/src"
000-
000-make -C ps7_cortexa9_0/libsrc/dmaps_v2_10/src -s include  "SHELL=CMD" "COMPILER=arm-none-eabi-gcc" "ASSEMBLER=arm-none-eabi-as"
000- "ARCHIVER=arm-none-eabi-ar" "COMPILER_FLAGS=  -O2 -c" "EXTRA_COMPILER_FLAGS=-mcpu=cortex-a9 -mfpu=vfpv3 -mfloat-abi=hard -nost
000-artfiles -g -Wall -Wextra -fno-tree-loop-distribute-patterns"
000-
000-"Running Make include in ps7_cortexa9_0/libsrc/emacps_v3_20/src"
000-
000-make -C ps7_cortexa9_0/libsrc/emacps_v3_20/src -s include  "SHELL=CMD" "COMPILER=arm-none-eabi-gcc" "ASSEMBLER=arm-none-eabi-as
000-" "ARCHIVER=arm-none-eabi-ar" "COMPILER_FLAGS=  -O2 -c" "EXTRA_COMPILER_FLAGS=-mcpu=cortex-a9 -mfpu=vfpv3 -mfloat-abi=hard -nos
000-tartfiles -g -Wall -Wextra -fno-tree-loop-distribute-patterns"
000-
000-"Running Make include in ps7_cortexa9_0/libsrc/gpiops_v3_13/src"
000-
000-make -C ps7_cortexa9_0/libsrc/gpiops_v3_13/src -s include  "SHELL=CMD" "COMPILER=arm-none-eabi-gcc" "ASSEMBLER=arm-none-eabi-as
000-" "ARCHIVER=arm-none-eabi-ar" "COMPILER_FLAGS=  -O2 -c" "EXTRA_COMPILER_FLAGS=-mcpu=cortex-a9 -mfpu=vfpv3 -mfloat-abi=hard -nos
000-tartfiles -g -Wall -Wextra -fno-tree-loop-distribute-patterns"
000-
000-"Running Make include in ps7_cortexa9_0/libsrc/gpio_v4_11/src"
000-
000-make -C ps7_cortexa9_0/libsrc/gpio_v4_11/src -s include  "SHELL=CMD" "COMPILER=arm-none-eabi-gcc" "ASSEMBLER=arm-none-eabi-as" 
000-"ARCHIVER=arm-none-eabi-ar" "COMPILER_FLAGS=  -O2 -c" "EXTRA_COMPILER_FLAGS=-mcpu=cortex-a9 -mfpu=vfpv3 -mfloat-abi=hard -nosta
000-rtfiles -g -Wall -Wextra -fno-tree-loop-distribute-patterns"
000-
000-"Running Make include in ps7_cortexa9_0/libsrc/iic_v3_11/src"
000-
000-make -C ps7_cortexa9_0/libsrc/iic_v3_11/src -s include  "SHELL=CMD" "COMPILER=arm-none-eabi-gcc" "ASSEMBLER=arm-none-eabi-as" "
000-ARCHIVER=arm-none-eabi-ar" "COMPILER_FLAGS=  -O2 -c" "EXTRA_COMPILER_FLAGS=-mcpu=cortex-a9 -mfpu=vfpv3 -mfloat-abi=hard -nostar
000-tfiles -g -Wall -Wextra -fno-tree-loop-distribute-patterns"
000-
000-"Running Make include in ps7_cortexa9_0/libsrc/Motor_DriverIP_v1_0/src"
000-
000-make -C ps7_cortexa9_0/libsrc/Motor_DriverIP_v1_0/src -s include  "SHELL=CMD" "COMPILER=arm-none-eabi-gcc" "ASSEMBLER=arm-none-
000-eabi-as" "ARCHIVER=arm-none-eabi-ar" "COMPILER_FLAGS=  -O2 -c" "EXTRA_COMPILER_FLAGS=-mcpu=cortex-a9 -mfpu=vfpv3 -mfloat-abi=ha
000-rd -nostartfiles -g -Wall -Wextra -fno-tree-loop-distribute-patterns"
000-
000-"Running Make include in ps7_cortexa9_0/libsrc/qspips_v3_12/src"
000-
000-make -C ps7_cortexa9_0/libsrc/qspips_v3_12/src -s include  "SHELL=CMD" "COMPILER=arm-none-eabi-gcc" "ASSEMBLER=arm-none-eabi-as
000-" "ARCHIVER=arm-none-eabi-ar" "COMPILER_FLAGS=  -O2 -c" "EXTRA_COMPILER_FLAGS=-mcpu=cortex-a9 -mfpu=vfpv3 -mfloat-abi=hard -nos
000-tartfiles -g -Wall -Wextra -fno-tree-loop-distribute-patterns"
000-
000-"Running Make include in ps7_cortexa9_0/libsrc/scugic_v5_3/src"
000-
000-make -C ps7_cortexa9_0/libsrc/scugic_v5_3/src -s include  "SHELL=CMD" "COMPILER=arm-none-eabi-gcc" "ASSEMBLER=arm-none-eabi-as"
000- "ARCHIVER=arm-none-eabi-ar" "COMPILER_FLAGS=  -O2 -c" "EXTRA_COMPILER_FLAGS=-mcpu=cortex-a9 -mfpu=vfpv3 -mfloat-abi=hard -nost
000-artfiles -g -Wall -Wextra -fno-tree-loop-distribute-patterns"
000-
000-"Running Make include in ps7_cortexa9_0/libsrc/scutimer_v2_6/src"
000-
000-make -C ps7_cortexa9_0/libsrc/scutimer_v2_6/src -s include  "SHELL=CMD" "COMPILER=arm-none-eabi-gcc" "ASSEMBLER=arm-none-eabi-a
000-s" "ARCHIVER=arm-none-eabi-ar" "COMPILER_FLAGS=  -O2 -c" "EXTRA_COMPILER_FLAGS=-mcpu=cortex-a9 -mfpu=vfpv3 -mfloat-abi=hard -no
000-startfiles -g -Wall -Wextra -fno-tree-loop-distribute-patterns"
000-
000-"Running Make include in ps7_cortexa9_0/libsrc/scuwdt_v2_5/src"
000-
000-make -C ps7_cortexa9_0/libsrc/scuwdt_v2_5/src -s include  "SHELL=CMD" "COMPILER=arm-none-eabi-gcc" "ASSEMBLER=arm-none-eabi-as"
000- "ARCHIVER=arm-none-eabi-ar" "COMPILER_FLAGS=  -O2 -c" "EXTRA_COMPILER_FLAGS=-mcpu=cortex-a9 -mfpu=vfpv3 -mfloat-abi=hard -nost
000-artfiles -g -Wall -Wextra -fno-tree-loop-distribute-patterns"
000-
000-"Running Make include in ps7_cortexa9_0/libsrc/sdps_v4_3/src"
000-
000-make -C ps7_cortexa9_0/libsrc/sdps_v4_3/src -s include  "SHELL=CMD" "COMPILER=arm-none-eabi-gcc" "ASSEMBLER=arm-none-eabi-as" "
000-ARCHIVER=arm-none-eabi-ar" "COMPILER_FLAGS=  -O2 -c" "EXTRA_COMPILER_FLAGS=-mcpu=cortex-a9 -mfpu=vfpv3 -mfloat-abi=hard -nostar
000-tfiles -g -Wall -Wextra -fno-tree-loop-distribute-patterns"
000-
000-"Running Make include in ps7_cortexa9_0/libsrc/SpeedSensor_Driver_IP_v1_0/src"
000-
000-make -C ps7_cortexa9_0/libsrc/SpeedSensor_Driver_IP_v1_0/src -s include  "SHELL=CMD" "COMPILER=arm-none-eabi-gcc" "ASSEMBLER=ar
000-m-none-eabi-as" "ARCHIVER=arm-none-eabi-ar" "COMPILER_FLAGS=  -O2 -c" "EXTRA_COMPILER_FLAGS=-mcpu=cortex-a9 -mfpu=vfpv3 -mfloat
000--abi=hard -nostartfiles -g -Wall -Wextra -fno-tree-loop-distribute-patterns"
000-
000-"Running Make include in ps7_cortexa9_0/libsrc/standalone_v9_1/src"
000-
000-make -C ps7_cortexa9_0/libsrc/standalone_v9_1/src -s include  "SHELL=CMD" "COMPILER=arm-none-eabi-gcc" "ASSEMBLER=arm-none-eabi
000--as" "ARCHIVER=arm-none-eabi-ar" "COMPILER_FLAGS=  -O2 -c" "EXTRA_COMPILER_FLAGS=-mcpu=cortex-a9 -mfpu=vfpv3 -mfloat-abi=hard -
000-nostartfiles -g -Wall -Wextra -fno-tree-loop-distribute-patterns"
000-
000-"Running Make include in ps7_cortexa9_0/libsrc/tmrctr_v4_12/src"
000-
000-make -C ps7_cortexa9_0/libsrc/tmrctr_v4_12/src -s include  "SHELL=CMD" "COMPILER=arm-none-eabi-gcc" "ASSEMBLER=arm-none-eabi-as
000-" "ARCHIVER=arm-none-eabi-ar" "COMPILER_FLAGS=  -O2 -c" "EXTRA_COMPILER_FLAGS=-mcpu=cortex-a9 -mfpu=vfpv3 -mfloat-abi=hard -nos
000-tartfiles -g -Wall -Wextra -fno-tree-loop-distribute-patterns"
000-
000-"Running Make include in ps7_cortexa9_0/libsrc/uartps_v3_14/src"
000-
000-make -C ps7_cortexa9_0/libsrc/uartps_v3_14/src -s include  "SHELL=CMD" "COMPILER=arm-none-eabi-gcc" "ASSEMBLER=arm-none-eabi-as
000-" "ARCHIVER=arm-none-eabi-ar" "COMPILER_FLAGS=  -O2 -c" "EXTRA_COMPILER_FLAGS=-mcpu=cortex-a9 -mfpu=vfpv3 -mfloat-abi=hard -nos
000-tartfiles -g -Wall -Wextra -fno-tree-loop-distribute-patterns"
000-
000-"Running Make include in ps7_cortexa9_0/libsrc/ultrasoneIP_v1_0/src"
000-
000-make -C ps7_cortexa9_0/libsrc/ultrasoneIP_v1_0/src -s include  "SHELL=CMD" "COMPILER=arm-none-eabi-gcc" "ASSEMBLER=arm-none-eab
000-i-as" "ARCHIVER=arm-none-eabi-ar" "COMPILER_FLAGS=  -O2 -c" "EXTRA_COMPILER_FLAGS=-mcpu=cortex-a9 -mfpu=vfpv3 -mfloat-abi=hard 
000--nostartfiles -g -Wall -Wextra -fno-tree-loop-distribute-patterns"
000-
000-"Running Make include in ps7_cortexa9_0/libsrc/usbps_v2_9/src"
000-
000-make -C ps7_cortexa9_0/libsrc/usbps_v2_9/src -s include  "SHELL=CMD" "COMPILER=arm-none-eabi-gcc" "ASSEMBLER=arm-none-eabi-as" 
000-"ARCHIVER=arm-none-eabi-ar" "COMPILER_FLAGS=  -O2 -c" "EXTRA_COMPILER_FLAGS=-mcpu=cortex-a9 -mfpu=vfpv3 -mfloat-abi=hard -nosta
000-rtfiles -g -Wall -Wextra -fno-tree-loop-distribute-patterns"
000-
000-"Running Make include in ps7_cortexa9_0/libsrc/xadcps_v2_7/src"
000-
000-make -C ps7_cortexa9_0/libsrc/xadcps_v2_7/src -s include  "SHELL=CMD" "COMPILER=arm-none-eabi-gcc" "ASSEMBLER=arm-none-eabi-as"
000- "ARCHIVER=arm-none-eabi-ar" "COMPILER_FLAGS=  -O2 -c" "EXTRA_COMPILER_FLAGS=-mcpu=cortex-a9 -mfpu=vfpv3 -mfloat-abi=hard -nost
000-artfiles -g -Wall -Wextra -fno-tree-loop-distribute-patterns"
000-
000-"Running Make libs in ps7_cortexa9_0/libsrc/coresightps_dcc_v1_10/src"
000-
000-make -C ps7_cortexa9_0/libsrc/coresightps_dcc_v1_10/src -s libs  "SHELL=CMD" "COMPILER=arm-none-eabi-gcc" "ASSEMBLER=arm-none-e
000-abi-as" "ARCHIVER=arm-none-eabi-ar" "COMPILER_FLAGS=  -O2 -c" "EXTRA_COMPILER_FLAGS=-mcpu=cortex-a9 -mfpu=vfpv3 -mfloat-abi=har
000-d -nostartfiles -g -Wall -Wextra -fno-tree-loop-distribute-patterns"
000-
000-"Running Make libs in ps7_cortexa9_0/libsrc/cpu_cortexa9_v2_12/src"
000-
000-make -C ps7_cortexa9_0/libsrc/cpu_cortexa9_v2_12/src -s libs  "SHELL=CMD" "COMPILER=arm-none-eabi-gcc" "ASSEMBLER=arm-none-eabi
000--as" "ARCHIVER=arm-none-eabi-ar" "COMPILER_FLAGS=  -O2 -c" "EXTRA_COMPILER_FLAGS=-mcpu=cortex-a9 -mfpu=vfpv3 -mfloat-abi=hard -
000-nostartfiles -g -Wall -Wextra -fno-tree-loop-distribute-patterns"
000-
000-"Running Make libs in ps7_cortexa9_0/libsrc/ddrps_v1_2/src"
000-
000-make -C ps7_cortexa9_0/libsrc/ddrps_v1_2/src -s libs  "SHELL=CMD" "COMPILER=arm-none-eabi-gcc" "ASSEMBLER=arm-none-eabi-as" "AR
000-CHIVER=arm-none-eabi-ar" "COMPILER_FLAGS=  -O2 -c" "EXTRA_COMPILER_FLAGS=-mcpu=cortex-a9 -mfpu=vfpv3 -mfloat-abi=hard -nostartf
000-iles -g -Wall -Wextra -fno-tree-loop-distribute-patterns"
000-
000-"Running Make libs in ps7_cortexa9_0/libsrc/devcfg_v3_8/src"
000-
000-make -C ps7_cortexa9_0/libsrc/devcfg_v3_8/src -s libs  "SHELL=CMD" "COMPILER=arm-none-eabi-gcc" "ASSEMBLER=arm-none-eabi-as" "A
000-RCHIVER=arm-none-eabi-ar" "COMPILER_FLAGS=  -O2 -c" "EXTRA_COMPILER_FLAGS=-mcpu=cortex-a9 -mfpu=vfpv3 -mfloat-abi=hard -nostart
000-files -g -Wall -Wextra -fno-tree-loop-distribute-patterns"
000-
000-"Running Make libs in ps7_cortexa9_0/libsrc/dmaps_v2_10/src"
000-
000-make -C ps7_cortexa9_0/libsrc/dmaps_v2_10/src -s libs  "SHELL=CMD" "COMPILER=arm-none-eabi-gcc" "ASSEMBLER=arm-none-eabi-as" "A
000-RCHIVER=arm-none-eabi-ar" "COMPILER_FLAGS=  -O2 -c" "EXTRA_COMPILER_FLAGS=-mcpu=cortex-a9 -mfpu=vfpv3 -mfloat-abi=hard -nostart
000-files -g -Wall -Wextra -fno-tree-loop-distribute-patterns"
000-
000-"Running Make libs in ps7_cortexa9_0/libsrc/emacps_v3_20/src"
000-
000-make -C ps7_cortexa9_0/libsrc/emacps_v3_20/src -s libs  "SHELL=CMD" "COMPILER=arm-none-eabi-gcc" "ASSEMBLER=arm-none-eabi-as" "
000-ARCHIVER=arm-none-eabi-ar" "COMPILER_FLAGS=  -O2 -c" "EXTRA_COMPILER_FLAGS=-mcpu=cortex-a9 -mfpu=vfpv3 -mfloat-abi=hard -nostar
000-tfiles -g -Wall -Wextra -fno-tree-loop-distribute-patterns"
000-
000-"Running Make libs in ps7_cortexa9_0/libsrc/gpiops_v3_13/src"
000-
000-make -C ps7_cortexa9_0/libsrc/gpiops_v3_13/src -s libs  "SHELL=CMD" "COMPILER=arm-none-eabi-gcc" "ASSEMBLER=arm-none-eabi-as" "
000-ARCHIVER=arm-none-eabi-ar" "COMPILER_FLAGS=  -O2 -c" "EXTRA_COMPILER_FLAGS=-mcpu=cortex-a9 -mfpu=vfpv3 -mfloat-abi=hard -nostar
000-tfiles -g -Wall -Wextra -fno-tree-loop-distribute-patterns"
000-
000-"Running Make libs in ps7_cortexa9_0/libsrc/gpio_v4_11/src"
000-
000-make -C ps7_cortexa9_0/libsrc/gpio_v4_11/src -s libs  "SHELL=CMD" "COMPILER=arm-none-eabi-gcc" "ASSEMBLER=arm-none-eabi-as" "AR
000-CHIVER=arm-none-eabi-ar" "COMPILER_FLAGS=  -O2 -c" "EXTRA_COMPILER_FLAGS=-mcpu=cortex-a9 -mfpu=vfpv3 -mfloat-abi=hard -nostartf
000-iles -g -Wall -Wextra -fno-tree-loop-distribute-patterns"
000-
000-"Running Make libs in ps7_cortexa9_0/libsrc/iic_v3_11/src"
000-
000-make -C ps7_cortexa9_0/libsrc/iic_v3_11/src -s libs  "SHELL=CMD" "COMPILER=arm-none-eabi-gcc" "ASSEMBLER=arm-none-eabi-as" "ARC
000-HIVER=arm-none-eabi-ar" "COMPILER_FLAGS=  -O2 -c" "EXTRA_COMPILER_FLAGS=-mcpu=cortex-a9 -mfpu=vfpv3 -mfloat-abi=hard -nostartfi
000-les -g -Wall -Wextra -fno-tree-loop-distribute-patterns"
000-
000-"Running Make libs in ps7_cortexa9_0/libsrc/qspips_v3_12/src"
000-
000-make -C ps7_cortexa9_0/libsrc/qspips_v3_12/src -s libs  "SHELL=CMD" "COMPILER=arm-none-eabi-gcc" "ASSEMBLER=arm-none-eabi-as" "
000-ARCHIVER=arm-none-eabi-ar" "COMPILER_FLAGS=  -O2 -c" "EXTRA_COMPILER_FLAGS=-mcpu=cortex-a9 -mfpu=vfpv3 -mfloat-abi=hard -nostar
000-tfiles -g -Wall -Wextra -fno-tree-loop-distribute-patterns"
000-
000-"Running Make libs in ps7_cortexa9_0/libsrc/scugic_v5_3/src"
000-
000-make -C ps7_cortexa9_0/libsrc/scugic_v5_3/src -s libs  "SHELL=CMD" "COMPILER=arm-none-eabi-gcc" "ASSEMBLER=arm-none-eabi-as" "A
000-RCHIVER=arm-none-eabi-ar" "COMPILER_FLAGS=  -O2 -c" "EXTRA_COMPILER_FLAGS=-mcpu=cortex-a9 -mfpu=vfpv3 -mfloat-abi=hard -nostart
000-files -g -Wall -Wextra -fno-tree-loop-distribute-patterns"
000-
000-"Running Make libs in ps7_cortexa9_0/libsrc/scutimer_v2_6/src"
000-
000-make -C ps7_cortexa9_0/libsrc/scutimer_v2_6/src -s libs  "SHELL=CMD" "COMPILER=arm-none-eabi-gcc" "ASSEMBLER=arm-none-eabi-as" 
000-"ARCHIVER=arm-none-eabi-ar" "COMPILER_FLAGS=  -O2 -c" "EXTRA_COMPILER_FLAGS=-mcpu=cortex-a9 -mfpu=vfpv3 -mfloat-abi=hard -nosta
000-rtfiles -g -Wall -Wextra -fno-tree-loop-distribute-patterns"
000-
000-"Running Make libs in ps7_cortexa9_0/libsrc/scuwdt_v2_5/src"
000-
000-make -C ps7_cortexa9_0/libsrc/scuwdt_v2_5/src -s libs  "SHELL=CMD" "COMPILER=arm-none-eabi-gcc" "ASSEMBLER=arm-none-eabi-as" "A
000-RCHIVER=arm-none-eabi-ar" "COMPILER_FLAGS=  -O2 -c" "EXTRA_COMPILER_FLAGS=-mcpu=cortex-a9 -mfpu=vfpv3 -mfloat-abi=hard -nostart
000-files -g -Wall -Wextra -fno-tree-loop-distribute-patterns"
000-
000-"Running Make libs in ps7_cortexa9_0/libsrc/sdps_v4_3/src"
000-
000-make -C ps7_cortexa9_0/libsrc/sdps_v4_3/src -s libs  "SHELL=CMD" "COMPILER=arm-none-eabi-gcc" "ASSEMBLER=arm-none-eabi-as" "ARC
000-HIVER=arm-none-eabi-ar" "COMPILER_FLAGS=  -O2 -c" "EXTRA_COMPILER_FLAGS=-mcpu=cortex-a9 -mfpu=vfpv3 -mfloat-abi=hard -nostartfi
000-les -g -Wall -Wextra -fno-tree-loop-distribute-patterns"
000-
000-"Running Make libs in ps7_cortexa9_0/libsrc/standalone_v9_1/src"
000-
000-make -C ps7_cortexa9_0/libsrc/standalone_v9_1/src -s libs  "SHELL=CMD" "COMPILER=arm-none-eabi-gcc" "ASSEMBLER=arm-none-eabi-as
000-" "ARCHIVER=arm-none-eabi-ar" "COMPILER_FLAGS=  -O2 -c" "EXTRA_COMPILER_FLAGS=-mcpu=cortex-a9 -mfpu=vfpv3 -mfloat-abi=hard -nos
000-tartfiles -g -Wall -Wextra -fno-tree-loop-distribute-patterns"
000-
000-"Running Make libs in ps7_cortexa9_0/libsrc/tmrctr_v4_12/src"
000-
000-make -C ps7_cortexa9_0/libsrc/tmrctr_v4_12/src -s libs  "SHELL=CMD" "COMPILER=arm-none-eabi-gcc" "ASSEMBLER=arm-none-eabi-as" "
000-ARCHIVER=arm-none-eabi-ar" "COMPILER_FLAGS=  -O2 -c" "EXTRA_COMPILER_FLAGS=-mcpu=cortex-a9 -mfpu=vfpv3 -mfloat-abi=hard -nostar
000-tfiles -g -Wall -Wextra -fno-tree-loop-distribute-patterns"
000-
000-"Running Make libs in ps7_cortexa9_0/libsrc/uartps_v3_14/src"
000-
000-make -C ps7_cortexa9_0/libsrc/uartps_v3_14/src -s libs  "SHELL=CMD" "COMPILER=arm-none-eabi-gcc" "ASSEMBLER=arm-none-eabi-as" "
000-ARCHIVER=arm-none-eabi-ar" "COMPILER_FLAGS=  -O2 -c" "EXTRA_COMPILER_FLAGS=-mcpu=cortex-a9 -mfpu=vfpv3 -mfloat-abi=hard -nostar
000-tfiles -g -Wall -Wextra -fno-tree-loop-distribute-patterns"
000-
000-In file included from xuartps_intr.c:31:
000/FullCar_AllFeatures_V0_1450-1-1"XUartPs_IsTransmitEmpty" redefined1-xuartps.h:450: warning: "XUartPs_IsTransmitEmpty" redefined
000-  450 | #define XUartPs_IsTransmitEmpty(InstancePtr)                            \
000-      | 
000-In file included from xuartps.h:170:
000/FullCar_AllFeatures_V0_1424-1-1this is the location of the previous definition0-xuartps_hw.h:424: note: this is the location of the previous definition
000-  424 | #define XUartPs_IsTransmitEmpty(BaseAddress)                     \
000-      | 
000-"Running Make libs in ps7_cortexa9_0/libsrc/usbps_v2_9/src"
000-
000-make -C ps7_cortexa9_0/libsrc/usbps_v2_9/src -s libs  "SHELL=CMD" "COMPILER=arm-none-eabi-gcc" "ASSEMBLER=arm-none-eabi-as" "AR
000-CHIVER=arm-none-eabi-ar" "COMPILER_FLAGS=  -O2 -c" "EXTRA_COMPILER_FLAGS=-mcpu=cortex-a9 -mfpu=vfpv3 -mfloat-abi=hard -nostartf
000-iles -g -Wall -Wextra -fno-tree-loop-distribute-patterns"
000-
000-In file included from xuartps_options.c:33:
000/FullCar_AllFeatures_V0_1450-1-1"XUartPs_IsTransmitEmpty" redefined1-xuartps.h:450: warning: "XUartPs_IsTransmitEmpty" redefined
000-  450 | #define XUartPs_IsTransmitEmpty(InstancePtr)                            \
000-      | 
000-In file included from xuartps.h:170:
000/FullCar_AllFeatures_V0_1424-1-1this is the location of the previous definition0-xuartps_hw.h:424: note: this is the location of the previous definition
000-  424 | #define XUartPs_IsTransmitEmpty(BaseAddress)                     \
000-      | 
000-In file included from xuartps_sinit.c:34:
000/FullCar_AllFeatures_V0_1450-1-1"XUartPs_IsTransmitEmpty" redefined1-xuartps.h:450: warning: "XUartPs_IsTransmitEmpty" redefined
000-  450 | #define XUartPs_IsTransmitEmpty(InstancePtr)                            \
000-      | 
000-In file included from xuartps.h:170:
000/FullCar_AllFeatures_V0_1424-1-1this is the location of the previous definition0-xuartps_hw.h:424: note: this is the location of the previous definition
000-  424 | #define XUartPs_IsTransmitEmpty(BaseAddress)                     \
000-      | 
000-"Running Make libs in ps7_cortexa9_0/libsrc/xadcps_v2_7/src"
000-
000-make -C ps7_cortexa9_0/libsrc/xadcps_v2_7/src -s libs  "SHELL=CMD" "COMPILER=arm-none-eabi-gcc" "ASSEMBLER=arm-none-eabi-as" "A
000-RCHIVER=arm-none-eabi-ar" "COMPILER_FLAGS=  -O2 -c" "EXTRA_COMPILER_FLAGS=-mcpu=cortex-a9 -mfpu=vfpv3 -mfloat-abi=hard -nostart
000-files -g -Wall -Wextra -fno-tree-loop-distribute-patterns"
000-
000-In file included from xuartps.c:37:
000/FullCar_AllFeatures_V0_1450-1-1"XUartPs_IsTransmitEmpty" redefined1-xuartps.h:450: warning: "XUartPs_IsTransmitEmpty" redefined
000-  450 | #define XUartPs_IsTransmitEmpty(InstancePtr)                            \
000-      | 
000-In file included from xuartps.h:170:
000/FullCar_AllFeatures_V0_1424-1-1this is the location of the previous definition0-xuartps_hw.h:424: note: this is the location of the previous definition
000-  424 | #define XUartPs_IsTransmitEmpty(BaseAddress)                     \
000-      | 
000-In file included from xuartps_selftest.c:32:
000/FullCar_AllFeatures_V0_1450-1-1"XUartPs_IsTransmitEmpty" redefined1-xuartps.h:450: warning: "XUartPs_IsTransmitEmpty" redefined
000-  450 | #define XUartPs_IsTransmitEmpty(InstancePtr)                            \
000-      | 
000-In file included from xuartps.h:170:
000/FullCar_AllFeatures_V0_1424-1-1this is the location of the previous definition0-xuartps_hw.h:424: note: this is the location of the previous definition
000-  424 | #define XUartPs_IsTransmitEmpty(BaseAddress)                     \
000-      | 
000-In file included from xuartps_g.c:17:
000/FullCar_AllFeatures_V0_1450-1-1"XUartPs_IsTransmitEmpty" redefined1-xuartps.h:450: warning: "XUartPs_IsTransmitEmpty" redefined
000-  450 | #define XUartPs_IsTransmitEmpty(InstancePtr)                            \
000-      | 
000-In file included from xuartps.h:170:
000/FullCar_AllFeatures_V0_1424-1-1this is the location of the previous definition0-xuartps_hw.h:424: note: this is the location of the previous definition
000-  424 | #define XUartPs_IsTransmitEmpty(BaseAddress)                     \
000-      | 
000/FullCar_AllFeatures_V0_145-1-1'#pragma message: For the sleep routines, Global timer is being used'0-xtime_l.c:45:9: note: '#pragma message: For the sleep routines, Global timer is being used'
000-   45 | #pragma message ("For the sleep routines, Global timer is being used")
000-      |         ^~~~~~~
000-'Finished building libraries parallelly.'
000-
000-make --no-print-directory archive
000-
000-arm-none-eabi-ar -r  ps7_cortexa9_0/lib/libxil.a ps7_cortexa9_0/lib/Motor_DriverIP.o ps7_cortexa9_0/lib/Motor_DriverIP_selftest
000-.o ps7_cortexa9_0/lib/SpeedSensor_Driver_IP.o ps7_cortexa9_0/lib/SpeedSensor_Driver_IP_selftest.o ps7_cortexa9_0/lib/_exit.o ps
000-7_cortexa9_0/lib/_open.o ps7_cortexa9_0/lib/_sbrk.o ps7_cortexa9_0/lib/abort.o ps7_cortexa9_0/lib/asm_vectors.o ps7_cortexa9_0/
000-lib/boot.o ps7_cortexa9_0/lib/close.o ps7_cortexa9_0/lib/cpputest_time.o ps7_cortexa9_0/lib/cpu_init.o ps7_cortexa9_0/lib/errno
000-.o ps7_cortexa9_0/lib/fcntl.o ps7_cortexa9_0/lib/fstat.o ps7_cortexa9_0/lib/getentropy.o ps7_cortexa9_0/lib/getpid.o ps7_cortex
000-a9_0/lib/inbyte.o ps7_cortexa9_0/lib/isatty.o ps7_cortexa9_0/lib/kill.o ps7_cortexa9_0/lib/lseek.o ps7_cortexa9_0/lib/open.o ps
000-7_cortexa9_0/lib/outbyte.o ps7_cortexa9_0/lib/print.o ps7_cortexa9_0/lib/putnum.o ps7_cortexa9_0/lib/read.o ps7_cortexa9_0/lib/
000-sbrk.o ps7_cortexa9_0/lib/sleep.o ps7_cortexa9_0/lib/time.o ps7_cortexa9_0/lib/translation_table.o ps7_cortexa9_0/lib/ultrasone
000-IP.o ps7_cortexa9_0/lib/ultrasoneIP_selftest.o ps7_cortexa9_0/lib/unlink.o ps7_cortexa9_0/lib/usleep.o ps7_cortexa9_0/lib/vecto
000-rs.o ps7_cortexa9_0/lib/write.o ps7_cortexa9_0/lib/xadcps.o ps7_cortexa9_0/lib/xadcps_g.o ps7_cortexa9_0/lib/xadcps_intr.o ps7_
000-cortexa9_0/lib/xadcps_selftest.o ps7_cortexa9_0/lib/xadcps_sinit.o ps7_cortexa9_0/lib/xcoresightpsdcc.o ps7_cortexa9_0/lib/xdev
000-cfg.o ps7_cortexa9_0/lib/xdevcfg_g.o ps7_cortexa9_0/lib/xdevcfg_hw.o ps7_cortexa9_0/lib/xdevcfg_intr.o ps7_cortexa9_0/lib/xdevc
000-fg_selftest.o ps7_cortexa9_0/lib/xdevcfg_sinit.o ps7_cortexa9_0/lib/xdmaps.o ps7_cortexa9_0/lib/xdmaps_g.o ps7_cortexa9_0/lib/x
000-dmaps_hw.o ps7_cortexa9_0/lib/xdmaps_selftest.o ps7_cortexa9_0/lib/xdmaps_sinit.o ps7_cortexa9_0/lib/xemacps.o ps7_cortexa9_0/l
000-ib/xemacps_bdring.o ps7_cortexa9_0/lib/xemacps_control.o ps7_cortexa9_0/lib/xemacps_g.o ps7_cortexa9_0/lib/xemacps_hw.o ps7_cor
000-texa9_0/lib/xemacps_intr.o ps7_cortexa9_0/lib/xemacps_sinit.o ps7_cortexa9_0/lib/xgpio.o ps7_cortexa9_0/lib/xgpio_extra.o ps7_c
000-ortexa9_0/lib/xgpio_g.o ps7_cortexa9_0/lib/xgpio_intr.o ps7_cortexa9_0/lib/xgpio_selftest.o ps7_cortexa9_0/lib/xgpio_sinit.o ps
000-7_cortexa9_0/lib/xgpiops.o ps7_cortexa9_0/lib/xgpiops_g.o ps7_cortexa9_0/lib/xgpiops_hw.o ps7_cortexa9_0/lib/xgpiops_intr.o ps7
000-_cortexa9_0/lib/xgpiops_selftest.o ps7_cortexa9_0/lib/xgpiops_sinit.o ps7_cortexa9_0/lib/xiic.o ps7_cortexa9_0/lib/xiic_dyn_mas
000-ter.o ps7_cortexa9_0/lib/xiic_g.o ps7_cortexa9_0/lib/xiic_intr.o ps7_cortexa9_0/lib/xiic_l.o ps7_cortexa9_0/lib/xiic_master.o p
000-s7_cortexa9_0/lib/xiic_multi_master.o ps7_cortexa9_0/lib/xiic_options.o ps7_cortexa9_0/lib/xiic_selftest.o ps7_cortexa9_0/lib/x
000-iic_sinit.o ps7_cortexa9_0/lib/xiic_slave.o ps7_cortexa9_0/lib/xiic_stats.o ps7_cortexa9_0/lib/xil-crt0.o ps7_cortexa9_0/lib/xi
000-l_assert.o ps7_cortexa9_0/lib/xil_cache.o ps7_cortexa9_0/lib/xil_clocking.o ps7_cortexa9_0/lib/xil_exception.o ps7_cortexa9_0/l
000-ib/xil_mem.o ps7_cortexa9_0/lib/xil_misc_psreset_api.o ps7_cortexa9_0/lib/xil_mmu.o ps7_cortexa9_0/lib/xil_printf.o ps7_cortexa
000-9_0/lib/xil_sleepcommon.o ps7_cortexa9_0/lib/xil_sleeptimer.o ps7_cortexa9_0/lib/xil_spinlock.o ps7_cortexa9_0/lib/xil_testcach
000-e.o ps7_cortexa9_0/lib/xil_testio.o ps7_cortexa9_0/lib/xil_testmem.o ps7_cortexa9_0/lib/xil_util.o ps7_cortexa9_0/lib/xinterrup
000-t_wrap.o ps7_cortexa9_0/lib/xl2cc_counter.o ps7_cortexa9_0/lib/xplatform_info.o ps7_cortexa9_0/lib/xpm_counter.o ps7_cortexa9_0
000-/lib/xpm_init.o ps7_cortexa9_0/lib/xqspips.o ps7_cortexa9_0/lib/xqspips_g.o ps7_cortexa9_0/lib/xqspips_hw.o ps7_cortexa9_0/lib/
000-xqspips_options.o ps7_cortexa9_0/lib/xqspips_selftest.o ps7_cortexa9_0/lib/xqspips_sinit.o ps7_cortexa9_0/lib/xscugic.o ps7_cor
000-texa9_0/lib/xscugic_g.o ps7_cortexa9_0/lib/xscugic_hw.o ps7_cortexa9_0/lib/xscugic_intr.o ps7_cortexa9_0/lib/xscugic_selftest.o
000- ps7_cortexa9_0/lib/xscugic_sinit.o ps7_cortexa9_0/lib/xscutimer.o ps7_cortexa9_0/lib/xscutimer_g.o ps7_cortexa9_0/lib/xscutime
000-r_selftest.o ps7_cortexa9_0/lib/xscutimer_sinit.o ps7_cortexa9_0/lib/xscuwdt.o ps7_cortexa9_0/lib/xscuwdt_g.o ps7_cortexa9_0/li
000-b/xscuwdt_selftest.o ps7_cortexa9_0/lib/xscuwdt_sinit.o ps7_cortexa9_0/lib/xsdps.o ps7_cortexa9_0/lib/xsdps_card.o ps7_cortexa9
000-_0/lib/xsdps_g.o ps7_cortexa9_0/lib/xsdps_host.o ps7_cortexa9_0/lib/xsdps_options.o ps7_cortexa9_0/lib/xsdps_sinit.o ps7_cortex
000-a9_0/lib/xtime_l.o ps7_cortexa9_0/lib/xtmrctr.o ps7_cortexa9_0/lib/xtmrctr_g.o ps7_cortexa9_0/lib/xtmrctr_intr.o ps7_cortexa9_0
000-/lib/xtmrctr_l.o ps7_cortexa9_0/lib/xtmrctr_options.o ps7_cortexa9_0/lib/xtmrctr_selftest.o ps7_cortexa9_0/lib/xtmrctr_sinit.o 
000-ps7_cortexa9_0/lib/xtmrctr_stats.o ps7_cortexa9_0/lib/xuartps.o ps7_cortexa9_0/lib/xuartps_g.o ps7_cortexa9_0/lib/xuartps_hw.o 
000-ps7_cortexa9_0/lib/xuartps_intr.o ps7_cortexa9_0/lib/xuartps_options.o ps7_cortexa9_0/lib/xuartps_selftest.o ps7_cortexa9_0/lib
000-/xuartps_sinit.o ps7_cortexa9_0/lib/xusbps.o ps7_cortexa9_0/lib/xusbps_endpoint.o ps7_cortexa9_0/lib/xusbps_g.o ps7_cortexa9_0/
000-lib/xusbps_hw.o ps7_cortexa9_0/lib/xusbps_intr.o ps7_cortexa9_0/lib/xusbps_sinit.o
000-
000-arm-none-eabi-ar: creating ps7_cortexa9_0/lib/libxil.a
000-'Finished building libraries'
000-
00255-
21:29:50 Build Finished (took 12s.922ms)

