
*** Running vivado
    with args -log design_2_Sync_Signal_0_0.vds -m64 -product Vivado -mode batch -messageDb vivado.pb -notrace -source design_2_Sync_Signal_0_0.tcl


****** Vivado v2024.1 (64-bit)
  **** SW Build 5076996 on Wed May 22 18:36:09 MDT 2024
  **** IP Build 5075265 on Wed May 22 21:45:21 MDT 2024
  **** SharedData Build 5076995 on Wed May 22 18:29:18 MDT 2024
  **** Start of session at: Fri May  2 17:48:05 2025
    ** Copyright 1986-2022 Xilinx, Inc. All Rights Reserved.
    ** Copyright 2022-2024 Advanced Micro Devices, Inc. All Rights Reserved.

source design_2_Sync_Signal_0_0.tcl -notrace
INFO: [IP_Flow 19-234] Refreshing IP repositories
INFO: [IP_Flow 19-1700] Loaded user IP repository '/home/pcoli/Project_Folder/Xilinx_Vivado/ip_repo/SpeedSensor_Driver_IP_1_0'.
INFO: [IP_Flow 19-1700] Loaded user IP repository '/home/pcoli/Project_Folder/Xilinx_Vivado/ip_repo/Motor_DriverIP_1_0'.
INFO: [IP_Flow 19-1700] Loaded user IP repository '/home/pcoli/Project_Folder/Xilinx_Vivado/ip_repo/Motor_Driver_1_0'.
INFO: [IP_Flow 19-1700] Loaded user IP repository '/home/pcoli/Project_Folder/Xilinx_Vivado/ip_repo/Motor_Driver_IP_1_0'.
INFO: [IP_Flow 19-2313] Loaded Vivado IP repository '/tools/Xilinx/Vivado/2024.1/data/ip'.
Command: synth_design -top design_2_Sync_Signal_0_0 -part xc7z020clg400-1 -incremental_mode off -mode out_of_context
Starting synth_design
Attempting to get a license for feature 'Synthesis' and/or device 'xc7z020'
INFO: [Common 17-349] Got license for feature 'Synthesis' and/or device 'xc7z020'
INFO: [Device 21-403] Loading part xc7z020clg400-1
INFO: [Device 21-9227] Part: xc7z020clg400-1 does not have CEAM library.
INFO: [Synth 8-7079] Multithreading enabled for synth_design using a maximum of 4 processes.
INFO: [Synth 8-7078] Launching helper process for spawning children vivado processes
INFO: [Synth 8-7075] Helper process launched with PID 19260
---------------------------------------------------------------------------------
Starting RTL Elaboration : Time (s): cpu = 00:00:02 ; elapsed = 00:00:02 . Memory (MB): peak = 2394.684 ; gain = 156.777 ; free physical = 16051 ; free virtual = 28377
---------------------------------------------------------------------------------
INFO: [Synth 8-638] synthesizing module 'design_2_Sync_Signal_0_0' [/home/pcoli/Project_Folder/Xilinx_Vivado/MotorDriver/MotorDriver.gen/sources_1/bd/design_2/ip/design_2_Sync_Signal_0_0/synth/design_2_Sync_Signal_0_0.vhd:64]
INFO: [Synth 8-3491] module 'Sync_Signal' declared at '/home/pcoli/Project_Folder/Xilinx_Vivado/MotorDriver/MotorDriver.srcs/sources_1/new/ff_synchronizer.vhd:6' bound to instance 'U0' of component 'Sync_Signal' [/home/pcoli/Project_Folder/Xilinx_Vivado/MotorDriver/MotorDriver.gen/sources_1/bd/design_2/ip/design_2_Sync_Signal_0_0/synth/design_2_Sync_Signal_0_0.vhd:83]
INFO: [Synth 8-638] synthesizing module 'Sync_Signal' [/home/pcoli/Project_Folder/Xilinx_Vivado/MotorDriver/MotorDriver.srcs/sources_1/new/ff_synchronizer.vhd:14]
INFO: [Synth 8-256] done synthesizing module 'Sync_Signal' (0#1) [/home/pcoli/Project_Folder/Xilinx_Vivado/MotorDriver/MotorDriver.srcs/sources_1/new/ff_synchronizer.vhd:14]
INFO: [Synth 8-256] done synthesizing module 'design_2_Sync_Signal_0_0' (0#1) [/home/pcoli/Project_Folder/Xilinx_Vivado/MotorDriver/MotorDriver.gen/sources_1/bd/design_2/ip/design_2_Sync_Signal_0_0/synth/design_2_Sync_Signal_0_0.vhd:64]
---------------------------------------------------------------------------------
Finished RTL Elaboration : Time (s): cpu = 00:00:03 ; elapsed = 00:00:03 . Memory (MB): peak = 2471.652 ; gain = 233.746 ; free physical = 15770 ; free virtual = 28100
---------------------------------------------------------------------------------
---------------------------------------------------------------------------------
Start Handling Custom Attributes
---------------------------------------------------------------------------------
---------------------------------------------------------------------------------
Finished Handling Custom Attributes : Time (s): cpu = 00:00:03 ; elapsed = 00:00:03 . Memory (MB): peak = 2486.496 ; gain = 248.590 ; free physical = 15767 ; free virtual = 28100
---------------------------------------------------------------------------------
---------------------------------------------------------------------------------
Finished RTL Optimization Phase 1 : Time (s): cpu = 00:00:03 ; elapsed = 00:00:03 . Memory (MB): peak = 2486.496 ; gain = 248.590 ; free physical = 15767 ; free virtual = 28100
---------------------------------------------------------------------------------
Netlist sorting complete. Time (s): cpu = 00:00:00 ; elapsed = 00:00:00 . Memory (MB): peak = 2486.496 ; gain = 0.000 ; free physical = 15791 ; free virtual = 28123
INFO: [Project 1-570] Preparing netlist for logic optimization

Processing XDC Constraints
Initializing timing engine
Completed Processing XDC Constraints

Netlist sorting complete. Time (s): cpu = 00:00:00 ; elapsed = 00:00:00 . Memory (MB): peak = 2559.434 ; gain = 0.000 ; free physical = 15891 ; free virtual = 28236
INFO: [Project 1-111] Unisim Transformation Summary:
No Unisim elements were transformed.

Constraint Validation Runtime : Time (s): cpu = 00:00:00 ; elapsed = 00:00:00.01 . Memory (MB): peak = 2559.434 ; gain = 0.000 ; free physical = 15891 ; free virtual = 28236
INFO: [Designutils 20-5008] Incremental synthesis strategy off
---------------------------------------------------------------------------------
Finished Constraint Validation : Time (s): cpu = 00:00:07 ; elapsed = 00:00:07 . Memory (MB): peak = 2559.434 ; gain = 321.527 ; free physical = 15905 ; free virtual = 28251
---------------------------------------------------------------------------------
---------------------------------------------------------------------------------
Start Loading Part and Timing Information
---------------------------------------------------------------------------------
Loading part: xc7z020clg400-1
---------------------------------------------------------------------------------
Finished Loading Part and Timing Information : Time (s): cpu = 00:00:07 ; elapsed = 00:00:07 . Memory (MB): peak = 2567.438 ; gain = 329.531 ; free physical = 15905 ; free virtual = 28251
---------------------------------------------------------------------------------
---------------------------------------------------------------------------------
Start Applying 'set_property' XDC Constraints
---------------------------------------------------------------------------------
---------------------------------------------------------------------------------
Finished applying 'set_property' XDC Constraints : Time (s): cpu = 00:00:07 ; elapsed = 00:00:07 . Memory (MB): peak = 2567.438 ; gain = 329.531 ; free physical = 15905 ; free virtual = 28251
---------------------------------------------------------------------------------
---------------------------------------------------------------------------------
Finished RTL Optimization Phase 2 : Time (s): cpu = 00:00:07 ; elapsed = 00:00:07 . Memory (MB): peak = 2567.438 ; gain = 329.531 ; free physical = 15905 ; free virtual = 28252
---------------------------------------------------------------------------------
---------------------------------------------------------------------------------
Start RTL Component Statistics 
---------------------------------------------------------------------------------
Detailed RTL Component Info : 
+---Registers : 
	                1 Bit    Registers := 2     
---------------------------------------------------------------------------------
Finished RTL Component Statistics 
---------------------------------------------------------------------------------
---------------------------------------------------------------------------------
Start Part Resource Summary
---------------------------------------------------------------------------------
Part Resources:
DSPs: 220 (col length:60)
BRAMs: 280 (col length: RAMB18 60 RAMB36 30)
---------------------------------------------------------------------------------
Finished Part Resource Summary
---------------------------------------------------------------------------------
---------------------------------------------------------------------------------
Start Cross Boundary and Area Optimization
---------------------------------------------------------------------------------
WARNING: [Synth 8-7080] Parallel synthesis criteria is not met
---------------------------------------------------------------------------------
Finished Cross Boundary and Area Optimization : Time (s): cpu = 00:00:08 ; elapsed = 00:00:08 . Memory (MB): peak = 2567.438 ; gain = 329.531 ; free physical = 15910 ; free virtual = 28258
---------------------------------------------------------------------------------
---------------------------------------------------------------------------------
Start Applying XDC Timing Constraints
---------------------------------------------------------------------------------
---------------------------------------------------------------------------------
Finished Applying XDC Timing Constraints : Time (s): cpu = 00:00:11 ; elapsed = 00:00:11 . Memory (MB): peak = 2567.438 ; gain = 329.531 ; free physical = 15943 ; free virtual = 28298
---------------------------------------------------------------------------------
---------------------------------------------------------------------------------
Start Timing Optimization
---------------------------------------------------------------------------------
---------------------------------------------------------------------------------
Finished Timing Optimization : Time (s): cpu = 00:00:11 ; elapsed = 00:00:11 . Memory (MB): peak = 2567.438 ; gain = 329.531 ; free physical = 15943 ; free virtual = 28298
---------------------------------------------------------------------------------
---------------------------------------------------------------------------------
Start Technology Mapping
---------------------------------------------------------------------------------
---------------------------------------------------------------------------------
Finished Technology Mapping : Time (s): cpu = 00:00:11 ; elapsed = 00:00:11 . Memory (MB): peak = 2567.438 ; gain = 329.531 ; free physical = 15943 ; free virtual = 28298
---------------------------------------------------------------------------------
---------------------------------------------------------------------------------
Start IO Insertion
---------------------------------------------------------------------------------
---------------------------------------------------------------------------------
Start Flattening Before IO Insertion
---------------------------------------------------------------------------------
---------------------------------------------------------------------------------
Finished Flattening Before IO Insertion
---------------------------------------------------------------------------------
---------------------------------------------------------------------------------
Start Final Netlist Cleanup
---------------------------------------------------------------------------------
---------------------------------------------------------------------------------
Finished Final Netlist Cleanup
---------------------------------------------------------------------------------
---------------------------------------------------------------------------------
Finished IO Insertion : Time (s): cpu = 00:00:13 ; elapsed = 00:00:13 . Memory (MB): peak = 2567.438 ; gain = 329.531 ; free physical = 15978 ; free virtual = 28333
---------------------------------------------------------------------------------
---------------------------------------------------------------------------------
Start Renaming Generated Instances
---------------------------------------------------------------------------------
---------------------------------------------------------------------------------
Finished Renaming Generated Instances : Time (s): cpu = 00:00:13 ; elapsed = 00:00:13 . Memory (MB): peak = 2567.438 ; gain = 329.531 ; free physical = 15978 ; free virtual = 28333
---------------------------------------------------------------------------------
---------------------------------------------------------------------------------
Start Rebuilding User Hierarchy
---------------------------------------------------------------------------------
---------------------------------------------------------------------------------
Finished Rebuilding User Hierarchy : Time (s): cpu = 00:00:13 ; elapsed = 00:00:13 . Memory (MB): peak = 2567.438 ; gain = 329.531 ; free physical = 15978 ; free virtual = 28333
---------------------------------------------------------------------------------
---------------------------------------------------------------------------------
Start Renaming Generated Ports
---------------------------------------------------------------------------------
---------------------------------------------------------------------------------
Finished Renaming Generated Ports : Time (s): cpu = 00:00:13 ; elapsed = 00:00:13 . Memory (MB): peak = 2567.438 ; gain = 329.531 ; free physical = 15978 ; free virtual = 28333
---------------------------------------------------------------------------------
---------------------------------------------------------------------------------
Start Handling Custom Attributes
---------------------------------------------------------------------------------
---------------------------------------------------------------------------------
Finished Handling Custom Attributes : Time (s): cpu = 00:00:13 ; elapsed = 00:00:13 . Memory (MB): peak = 2567.438 ; gain = 329.531 ; free physical = 15978 ; free virtual = 28333
---------------------------------------------------------------------------------
---------------------------------------------------------------------------------
Start Renaming Generated Nets
---------------------------------------------------------------------------------
---------------------------------------------------------------------------------
Finished Renaming Generated Nets : Time (s): cpu = 00:00:13 ; elapsed = 00:00:13 . Memory (MB): peak = 2567.438 ; gain = 329.531 ; free physical = 15978 ; free virtual = 28333
---------------------------------------------------------------------------------
---------------------------------------------------------------------------------
Start Writing Synthesis Report
---------------------------------------------------------------------------------

Report BlackBoxes: 
+-+--------------+----------+
| |BlackBox name |Instances |
+-+--------------+----------+
+-+--------------+----------+

Report Cell Usage: 
+------+-----+------+
|      |Cell |Count |
+------+-----+------+
|1     |FDRE |     2|
+------+-----+------+
---------------------------------------------------------------------------------
Finished Writing Synthesis Report : Time (s): cpu = 00:00:13 ; elapsed = 00:00:13 . Memory (MB): peak = 2567.438 ; gain = 329.531 ; free physical = 15978 ; free virtual = 28333
---------------------------------------------------------------------------------
Synthesis finished with 0 errors, 0 critical warnings and 1 warnings.
Synthesis Optimization Runtime : Time (s): cpu = 00:00:12 ; elapsed = 00:00:12 . Memory (MB): peak = 2567.438 ; gain = 256.594 ; free physical = 15978 ; free virtual = 28333
Synthesis Optimization Complete : Time (s): cpu = 00:00:13 ; elapsed = 00:00:13 . Memory (MB): peak = 2567.445 ; gain = 329.531 ; free physical = 15978 ; free virtual = 28333
INFO: [Project 1-571] Translating synthesized netlist
Netlist sorting complete. Time (s): cpu = 00:00:00 ; elapsed = 00:00:00 . Memory (MB): peak = 2567.445 ; gain = 0.000 ; free physical = 16132 ; free virtual = 28488
INFO: [Project 1-570] Preparing netlist for logic optimization
INFO: [Opt 31-138] Pushed 0 inverter(s) to 0 load pin(s).
Netlist sorting complete. Time (s): cpu = 00:00:00 ; elapsed = 00:00:00 . Memory (MB): peak = 2567.445 ; gain = 0.000 ; free physical = 18135 ; free virtual = 30491
INFO: [Project 1-111] Unisim Transformation Summary:
No Unisim elements were transformed.

Synth Design complete | Checksum: d968430
INFO: [Common 17-83] Releasing license: Synthesis
25 Infos, 1 Warnings, 0 Critical Warnings and 0 Errors encountered.
synth_design completed successfully
synth_design: Time (s): cpu = 00:00:19 ; elapsed = 00:00:17 . Memory (MB): peak = 2567.445 ; gain = 940.008 ; free physical = 18135 ; free virtual = 30491
INFO: [Common 17-2834] synth_design peak Physical Memory [PSS] (MB): overall = 1979.944; main = 1704.283; forked = 342.770
INFO: [Common 17-2834] synth_design peak Virtual Memory [VSS] (MB): overall = 3601.207; main = 2567.441; forked = 1033.766
INFO: [Common 17-1381] The checkpoint '/home/pcoli/Project_Folder/Xilinx_Vivado/MotorDriver/MotorDriver.runs/design_2_Sync_Signal_0_0_synth_1/design_2_Sync_Signal_0_0.dcp' has been generated.
INFO: [Vivado 12-24828] Executing command : report_utilization -file design_2_Sync_Signal_0_0_utilization_synth.rpt -pb design_2_Sync_Signal_0_0_utilization_synth.pb
INFO: [Common 17-206] Exiting Vivado at Fri May  2 17:48:28 2025...
